../Drivers/CMSIS/Include/core_cm7.h:2229:22:SCB_EnableICache	4	static,ignoring_inline_asm
../Drivers/CMSIS/Include/core_cm7.h:2281:22:SCB_EnableDCache	24	static,ignoring_inline_asm
../Core/Src/main.c:88:5:main	8	static
../Core/Src/main.c:151:6:SystemClock_Config	88	static
../Core/Src/main.c:205:13:MX_CAN1_Init	8	static
../Core/Src/main.c:242:13:MX_I2C1_Init	8	static
../Core/Src/main.c:290:13:MX_SPI1_Init	8	static
../Core/Src/main.c:330:13:MX_TIM1_Init	96	static
../Core/Src/main.c:412:13:MX_TIM3_Init	48	static
../Core/Src/main.c:473:13:MX_UART8_Init	8	static
../Core/Src/main.c:508:13:MX_USART1_UART_Init	8	static
../Core/Src/main.c:543:13:MX_USART2_UART_Init	8	static
../Core/Src/main.c:578:13:MX_USART3_UART_Init	8	static
../Core/Src/main.c:613:13:MX_GPIO_Init	64	static
../Core/Src/main.c:704:6:MPU_Config	24	static
../Core/Src/main.c:735:6:Error_Handler	4	static,ignoring_inline_asm
