Archive member included to satisfy reference by file (symbol)

C:/Program Files (x86)/STM32CubeIDE_1.14.0/STM32CubeIDE/plugins/com.st.stm32cube.ide.mcu.externaltools.gnu-tools-for-stm32.11.3.rel1.win32_1.1.100.202309141235/tools/bin/../lib/gcc/arm-none-eabi/11.3.1/../../../../arm-none-eabi/lib/thumb/v7e-m+dp/hard\libc_nano.a(libc_a-exit.o)
                              C:/Program Files (x86)/STM32CubeIDE_1.14.0/STM32CubeIDE/plugins/com.st.stm32cube.ide.mcu.externaltools.gnu-tools-for-stm32.11.3.rel1.win32_1.1.100.202309141235/tools/bin/../lib/gcc/arm-none-eabi/11.3.1/../../../../arm-none-eabi/lib/thumb/v7e-m+dp/hard/crt0.o (exit)
C:/Program Files (x86)/STM32CubeIDE_1.14.0/STM32CubeIDE/plugins/com.st.stm32cube.ide.mcu.externaltools.gnu-tools-for-stm32.11.3.rel1.win32_1.1.100.202309141235/tools/bin/../lib/gcc/arm-none-eabi/11.3.1/../../../../arm-none-eabi/lib/thumb/v7e-m+dp/hard\libc_nano.a(libc_a-findfp.o)
                              C:/Program Files (x86)/STM32CubeIDE_1.14.0/STM32CubeIDE/plugins/com.st.stm32cube.ide.mcu.externaltools.gnu-tools-for-stm32.11.3.rel1.win32_1.1.100.202309141235/tools/bin/../lib/gcc/arm-none-eabi/11.3.1/../../../../arm-none-eabi/lib/thumb/v7e-m+dp/hard\libc_nano.a(libc_a-exit.o) (__stdio_exit_handler)
C:/Program Files (x86)/STM32CubeIDE_1.14.0/STM32CubeIDE/plugins/com.st.stm32cube.ide.mcu.externaltools.gnu-tools-for-stm32.11.3.rel1.win32_1.1.100.202309141235/tools/bin/../lib/gcc/arm-none-eabi/11.3.1/../../../../arm-none-eabi/lib/thumb/v7e-m+dp/hard\libc_nano.a(libc_a-fwalk.o)
                              C:/Program Files (x86)/STM32CubeIDE_1.14.0/STM32CubeIDE/plugins/com.st.stm32cube.ide.mcu.externaltools.gnu-tools-for-stm32.11.3.rel1.win32_1.1.100.202309141235/tools/bin/../lib/gcc/arm-none-eabi/11.3.1/../../../../arm-none-eabi/lib/thumb/v7e-m+dp/hard\libc_nano.a(libc_a-findfp.o) (_fwalk_sglue)
C:/Program Files (x86)/STM32CubeIDE_1.14.0/STM32CubeIDE/plugins/com.st.stm32cube.ide.mcu.externaltools.gnu-tools-for-stm32.11.3.rel1.win32_1.1.100.202309141235/tools/bin/../lib/gcc/arm-none-eabi/11.3.1/../../../../arm-none-eabi/lib/thumb/v7e-m+dp/hard\libc_nano.a(libc_a-stdio.o)
                              C:/Program Files (x86)/STM32CubeIDE_1.14.0/STM32CubeIDE/plugins/com.st.stm32cube.ide.mcu.externaltools.gnu-tools-for-stm32.11.3.rel1.win32_1.1.100.202309141235/tools/bin/../lib/gcc/arm-none-eabi/11.3.1/../../../../arm-none-eabi/lib/thumb/v7e-m+dp/hard\libc_nano.a(libc_a-findfp.o) (__sread)
C:/Program Files (x86)/STM32CubeIDE_1.14.0/STM32CubeIDE/plugins/com.st.stm32cube.ide.mcu.externaltools.gnu-tools-for-stm32.11.3.rel1.win32_1.1.100.202309141235/tools/bin/../lib/gcc/arm-none-eabi/11.3.1/../../../../arm-none-eabi/lib/thumb/v7e-m+dp/hard\libc_nano.a(libc_a-memset.o)
                              C:/Program Files (x86)/STM32CubeIDE_1.14.0/STM32CubeIDE/plugins/com.st.stm32cube.ide.mcu.externaltools.gnu-tools-for-stm32.11.3.rel1.win32_1.1.100.202309141235/tools/bin/../lib/gcc/arm-none-eabi/11.3.1/../../../../arm-none-eabi/lib/thumb/v7e-m+dp/hard/crt0.o (memset)
C:/Program Files (x86)/STM32CubeIDE_1.14.0/STM32CubeIDE/plugins/com.st.stm32cube.ide.mcu.externaltools.gnu-tools-for-stm32.11.3.rel1.win32_1.1.100.202309141235/tools/bin/../lib/gcc/arm-none-eabi/11.3.1/../../../../arm-none-eabi/lib/thumb/v7e-m+dp/hard\libc_nano.a(libc_a-closer.o)
                              C:/Program Files (x86)/STM32CubeIDE_1.14.0/STM32CubeIDE/plugins/com.st.stm32cube.ide.mcu.externaltools.gnu-tools-for-stm32.11.3.rel1.win32_1.1.100.202309141235/tools/bin/../lib/gcc/arm-none-eabi/11.3.1/../../../../arm-none-eabi/lib/thumb/v7e-m+dp/hard\libc_nano.a(libc_a-stdio.o) (_close_r)
C:/Program Files (x86)/STM32CubeIDE_1.14.0/STM32CubeIDE/plugins/com.st.stm32cube.ide.mcu.externaltools.gnu-tools-for-stm32.11.3.rel1.win32_1.1.100.202309141235/tools/bin/../lib/gcc/arm-none-eabi/11.3.1/../../../../arm-none-eabi/lib/thumb/v7e-m+dp/hard\libc_nano.a(libc_a-reent.o)
                              C:/Program Files (x86)/STM32CubeIDE_1.14.0/STM32CubeIDE/plugins/com.st.stm32cube.ide.mcu.externaltools.gnu-tools-for-stm32.11.3.rel1.win32_1.1.100.202309141235/tools/bin/../lib/gcc/arm-none-eabi/11.3.1/../../../../arm-none-eabi/lib/thumb/v7e-m+dp/hard\libc_nano.a(libc_a-closer.o) (errno)
C:/Program Files (x86)/STM32CubeIDE_1.14.0/STM32CubeIDE/plugins/com.st.stm32cube.ide.mcu.externaltools.gnu-tools-for-stm32.11.3.rel1.win32_1.1.100.202309141235/tools/bin/../lib/gcc/arm-none-eabi/11.3.1/../../../../arm-none-eabi/lib/thumb/v7e-m+dp/hard\libc_nano.a(libc_a-impure.o)
                              C:/Program Files (x86)/STM32CubeIDE_1.14.0/STM32CubeIDE/plugins/com.st.stm32cube.ide.mcu.externaltools.gnu-tools-for-stm32.11.3.rel1.win32_1.1.100.202309141235/tools/bin/../lib/gcc/arm-none-eabi/11.3.1/../../../../arm-none-eabi/lib/thumb/v7e-m+dp/hard\libc_nano.a(libc_a-reent.o) (_impure_ptr)
[...]
Memory Configuration

Name             Origin             Length             Attributes
RAM              0x0000000020000000 0x0000000000080000 xrw
FLASH            0x0000000008000000 0x0000000000200000 xr
*default*        0x0000000000000000 0xffffffffffffffff

Linker script and memory map

LOAD C:/Program Files (x86)/STM32CubeIDE_1.14.0/STM32CubeIDE/plugins/com.st.stm32cube.ide.mcu.externaltools.gnu-tools-for-stm32.11.3.rel1.win32_1.1.100.202309141235/tools/bin/../lib/gcc/arm-none-eabi/11.3.1/thumb/v7e-m+dp/hard/crti.o
LOAD C:/Program Files (x86)/STM32CubeIDE_1.14.0/STM32CubeIDE/plugins/com.st.stm32cube.ide.mcu.externaltools.gnu-tools-for-stm32.11.3.rel1.win32_1.1.100.202309141235/tools/bin/../lib/gcc/arm-none-eabi/11.3.1/thumb/v7e-m+dp/hard/crtbegin.o
LOAD C:/Program Files (x86)/STM32CubeIDE_1.14.0/STM32CubeIDE/plugins/com.st.stm32cube.ide.mcu.externaltools.gnu-tools-for-stm32.11.3.rel1.win32_1.1.100.202309141235/tools/bin/../lib/gcc/arm-none-eabi/11.3.1/../../../../arm-none-eabi/lib/thumb/v7e-m+dp/hard/crt0.o
LOAD ./Core/Src/main.o
LOAD ./Core/Src/stm32f7xx_hal_msp.o
LOAD ./Core/Src/stm32f7xx_it.o
LOAD ./Core/Src/syscalls.o
LOAD ./Core/Src/sysmem.o
LOAD ./Core/Src/system_stm32f7xx.o
LOAD ./Core/Startup/startup_stm32f767zitx.o
LOAD ./Drivers/STM32F7xx_HAL_Driver/Src/stm32f7xx_hal.o
LOAD ./Drivers/STM32F7xx_HAL_Driver/Src/stm32f7xx_hal_cortex.o
LOAD ./Drivers/STM32F7xx_HAL_Driver/Src/stm32f7xx_hal_dma.o
LOAD ./Drivers/STM32F7xx_HAL_Driver/Src/stm32f7xx_hal_dma_ex.o
LOAD ./Drivers/STM32F7xx_HAL_Driver/Src/stm32f7xx_hal_eth.o
LOAD ./Drivers/STM32F7xx_HAL_Driver/Src/stm32f7xx_hal_exti.o
LOAD ./Drivers/STM32F7xx_HAL_Driver/Src/stm32f7xx_hal_flash.o
LOAD ./Drivers/STM32F7xx_HAL_Driver/Src/stm32f7xx_hal_flash_ex.o
LOAD ./Drivers/STM32F7xx_HAL_Driver/Src/stm32f7xx_hal_gpio.o
LOAD ./Drivers/STM32F7xx_HAL_Driver/Src/stm32f7xx_hal_i2c.o
LOAD ./Drivers/STM32F7xx_HAL_Driver/Src/stm32f7xx_hal_i2c_ex.o
LOAD ./Drivers/STM32F7xx_HAL_Driver/Src/stm32f7xx_hal_pcd.o
LOAD ./Drivers/STM32F7xx_HAL_Driver/Src/stm32f7xx_hal_pcd_ex.o
LOAD ./Drivers/STM32F7xx_HAL_Driver/Src/stm32f7xx_hal_pwr.o
LOAD ./Drivers/STM32F7xx_HAL_Driver/Src/stm32f7xx_hal_pwr_ex.o
LOAD ./Drivers/STM32F7xx_HAL_Driver/Src/stm32f7xx_hal_rcc.o
LOAD ./Drivers/STM32F7xx_HAL_Driver/Src/stm32f7xx_hal_rcc_ex.o
LOAD ./Drivers/STM32F7xx_HAL_Driver/Src/stm32f7xx_hal_tim.o
LOAD ./Drivers/STM32F7xx_HAL_Driver/Src/stm32f7xx_hal_tim_ex.o
LOAD ./Drivers/STM32F7xx_HAL_Driver/Src/stm32f7xx_hal_uart.o
LOAD ./Drivers/STM32F7xx_HAL_Driver/Src/stm32f7xx_hal_uart_ex.o
LOAD ./Drivers/STM32F7xx_HAL_Driver/Src/stm32f7xx_ll_usb.o
START GROUP
LOAD C:/Program Files (x86)/STM32CubeIDE_1.14.0/STM32CubeIDE/plugins/com.st.stm32cube.ide.mcu.externaltools.gnu-tools-for-stm32.11.3.rel1.win32_1.1.100.202309141235/tools/bin/../lib/gcc/arm-none-eabi/11.3.1/../../../../arm-none-eabi/lib/thumb/v7e-m+dp/hard\libc_nano.a
LOAD C:/Program Files (x86)/STM32CubeIDE_1.14.0/STM32CubeIDE/plugins/com.st.stm32cube.ide.mcu.externaltools.gnu-tools-for-stm32.11.3.rel1.win32_1.1.100.202309141235/tools/bin/../lib/gcc/arm-none-eabi/11.3.1/../../../../arm-none-eabi/lib/thumb/v7e-m+dp/hard\libm.a
END GROUP
START GROUP
LOAD C:/Program Files (x86)/STM32CubeIDE_1.14.0/STM32CubeIDE/plugins/com.st.stm32cube.ide.mcu.externaltools.gnu-tools-for-stm32.11.3.rel1.win32_1.1.100.202309141235/tools/bin/../lib/gcc/arm-none-eabi/11.3.1/thumb/v7e-m+dp/hard\libgcc.a
LOAD C:/Program Files (x86)/STM32CubeIDE_1.14.0/STM32CubeIDE/plugins/com.st.stm32cube.ide.mcu.externaltools.gnu-tools-for-stm32.11.3.rel1.win32_1.1.100.202309141235/tools/bin/../lib/gcc/arm-none-eabi/11.3.1/../../../../arm-none-eabi/lib/thumb/v7e-m+dp/hard\libc_nano.a
END GROUP
START GROUP
LOAD C:/Program Files (x86)/STM32CubeIDE_1.14.0/STM32CubeIDE/plugins/com.st.stm32cube.ide.mcu.externaltools.gnu-tools-for-stm32.11.3.rel1.win32_1.1.100.202309141235/tools/bin/../lib/gcc/arm-none-eabi/11.3.1/thumb/v7e-m+dp/hard\libgcc.a
LOAD C:/Program Files (x86)/STM32CubeIDE_1.14.0/STM32CubeIDE/plugins/com.st.stm32cube.ide.mcu.externaltools.gnu-tools-for-stm32.11.3.rel1.win32_1.1.100.202309141235/tools/bin/../lib/gcc/arm-none-eabi/11.3.1/../../../../arm-none-eabi/lib/thumb/v7e-m+dp/hard\libc_nano.a
LOAD C:/Program Files (x86)/STM32CubeIDE_1.14.0/STM32CubeIDE/plugins/com.st.stm32cube.ide.mcu.externaltools.gnu-tools-for-stm32.11.3.rel1.win32_1.1.100.202309141235/tools/bin/../lib/gcc/arm-none-eabi/11.3.1/../../../../arm-none-eabi/lib/thumb/v7e-m+dp/hard\libnosys.a
END GROUP
START GROUP
LOAD C:/Program Files (x86)/STM32CubeIDE_1.14.0/STM32CubeIDE/plugins/com.st.stm32cube.ide.mcu.externaltools.gnu-tools-for-stm32.11.3.rel1.win32_1.1.100.202309141235/tools/bin/../lib/gcc/arm-none-eabi/11.3.1/thumb/v7e-m+dp/hard\libgcc.a
LOAD C:/Program Files (x86)/STM32CubeIDE_1.14.0/STM32CubeIDE/plugins/com.st.stm32cube.ide.mcu.externaltools.gnu-tools-for-stm32.11.3.rel1.win32_1.1.100.202309141235/tools/bin/../lib/gcc/arm-none-eabi/11.3.1/../../../../arm-none-eabi/lib/thumb/v7e-m+dp/hard\libc_nano.a
LOAD C:/Program Files (x86)/STM32CubeIDE_1.14.0/STM32CubeIDE/plugins/com.st.stm32cube.ide.mcu.externaltools.gnu-tools-for-stm32.11.3.rel1.win32_1.1.100.202309141235/tools/bin/../lib/gcc/arm-none-eabi/11.3.1/../../../../arm-none-eabi/lib/thumb/v7e-m+dp/hard\libnosys.a
END GROUP
LOAD C:/Program Files (x86)/STM32CubeIDE_1.14.0/STM32CubeIDE/plugins/com.st.stm32cube.ide.mcu.externaltools.gnu-tools-for-stm32.11.3.rel1.win32_1.1.100.202309141235/tools/bin/../lib/gcc/arm-none-eabi/11.3.1/thumb/v7e-m+dp/hard/crtend.o
LOAD C:/Program Files (x86)/STM32CubeIDE_1.14.0/STM32CubeIDE/plugins/com.st.stm32cube.ide.mcu.externaltools.gnu-tools-for-stm32.11.3.rel1.win32_1.1.100.202309141235/tools/bin/../lib/gcc/arm-none-eabi/11.3.1/thumb/v7e-m+dp/hard/crtn.o
                0x0000000020080000                _estack = (ORIGIN (RAM) + LENGTH (RAM))
                0x0000000000000200                _Min_Heap_Size = 0x200
                0x0000000000000400                _Min_Stack_Size = 0x400

.isr_vector     0x0000000008000000      0x1f8
                0x0000000008000000                . = ALIGN (0x4)
 *(.isr_vector)
 .isr_vector    0x0000000008000000      0x1f8 ./Core/Startup/startup_stm32f767zitx.o
                0x0000000008000000                g_pfnVectors
                0x00000000080001f8                . = ALIGN (0x4)

.text           0x00000000080001f8     0x4e7c
                0x00000000080001f8                . = ALIGN (0x4)
 *(.text)
 .text          0x00000000080001f8       0x40 C:/Program Files (x86)/STM32CubeIDE_1.14.0/STM32CubeIDE/plugins/com.st.stm32cube.ide.mcu.externaltools.gnu-tools-for-stm32.11.3.rel1.win32_1.1.100.202309141235/tools/bin/../lib/gcc/arm-none-eabi/11.3.1/thumb/v7e-m+dp/hard/crtbegin.o
 .text          0x0000000008000238       0x30 C:/Program Files (x86)/STM32CubeIDE_1.14.0/STM32CubeIDE/plugins/com.st.stm32cube.ide.mcu.externaltools.gnu-tools-for-stm32.11.3.rel1.win32_1.1.100.202309141235/tools/bin/../lib/gcc/arm-none-eabi/11.3.1/thumb/v7e-m+dp/hard\libgcc.a(_aeabi_uldivmod.o)
                0x0000000008000238                __aeabi_uldivmod
 .text          0x0000000008000268      0x2c8 C:/Program Files (x86)/STM32CubeIDE_1.14.0/STM32CubeIDE/plugins/com.st.stm32cube.ide.mcu.externaltools.gnu-tools-for-stm32.11.3.rel1.win32_1.1.100.202309141235/tools/bin/../lib/gcc/arm-none-eabi/11.3.1/thumb/v7e-m+dp/hard\libgcc.a(_udivmoddi4.o)
                0x0000000008000268                __udivmoddi4
 .text          0x0000000008000530        0x4 C:/Program Files (x86)/STM32CubeIDE_1.14.0/STM32CubeIDE/plugins/com.st.stm32cube.ide.mcu.externaltools.gnu-tools-for-stm32.11.3.rel1.win32_1.1.100.202309141235/tools/bin/../lib/gcc/arm-none-eabi/11.3.1/thumb/v7e-m+dp/hard\libgcc.a(_dvmd_tls.o)
                0x0000000008000530                __aeabi_idiv0
                0x0000000008000530                __aeabi_ldiv0
 *(.text*)
 .text.HAL_UART_RxCpltCallback
                0x0000000008000534       0x54 ./Core/Src/main.o
                0x0000000008000534                HAL_UART_RxCpltCallback
 .text.HAL_UART_TxCpltCallback
                0x0000000008000588       0x14 ./Core/Src/main.o
                0x0000000008000588                HAL_UART_TxCpltCallback
 .text.main     0x000000000800059c       0x78 ./Core/Src/main.o
                0x000000000800059c                main
 .text.SystemClock_Config
                0x0000000008000614       0xe4 ./Core/Src/main.o
                0x0000000008000614                SystemClock_Config
 .text.MX_ETH_Init
                0x00000000080006f8       0x9c ./Core/Src/main.o
 .text.MX_USART1_UART_Init
                0x0000000008000794       0x60 ./Core/Src/main.o
 .text.MX_USB_OTG_FS_PCD_Init
                0x00000000080007f4       0x5c ./Core/Src/main.o
 .text.MX_GPIO_Init
                0x0000000008000850      0x194 ./Core/Src/main.o
 .text.Error_Handler
                0x00000000080009e4        0xa ./Core/Src/main.o
                0x00000000080009e4                Error_Handler
 *fill*         0x00000000080009ee        0x2 
 .text.HAL_MspInit
                0x00000000080009f0       0x48 ./Core/Src/stm32f7xx_hal_msp.o
                0x00000000080009f0                HAL_MspInit
 .text.HAL_ETH_MspInit
                0x0000000008000a38      0x170 ./Core/Src/stm32f7xx_hal_msp.o
                0x0000000008000a38                HAL_ETH_MspInit
 .text.HAL_UART_MspInit
                0x0000000008000ba8       0xf8 ./Core/Src/stm32f7xx_hal_msp.o
                0x0000000008000ba8                HAL_UART_MspInit
 .text.HAL_PCD_MspInit
                0x0000000008000ca0       0xf4 ./Core/Src/stm32f7xx_hal_msp.o
                0x0000000008000ca0                HAL_PCD_MspInit
 .text.NMI_Handler
                0x0000000008000d94        0x6 ./Core/Src/stm32f7xx_it.o
                0x0000000008000d94                NMI_Handler
 .text.HardFault_Handler
                0x0000000008000d9a        0x6 ./Core/Src/stm32f7xx_it.o
                0x0000000008000d9a                HardFault_Handler
 .text.MemManage_Handler
                0x0000000008000da0        0x6 ./Core/Src/stm32f7xx_it.o
                0x0000000008000da0                MemManage_Handler
 .text.BusFault_Handler
                0x0000000008000da6        0x6 ./Core/Src/stm32f7xx_it.o
                0x0000000008000da6                BusFault_Handler
 .text.UsageFault_Handler
                0x0000000008000dac        0x6 ./Core/Src/stm32f7xx_it.o
                0x0000000008000dac                UsageFault_Handler
 .text.SVC_Handler
                0x0000000008000db2        0xe ./Core/Src/stm32f7xx_it.o
                0x0000000008000db2                SVC_Handler
 .text.DebugMon_Handler
                0x0000000008000dc0        0xe ./Core/Src/stm32f7xx_it.o
                0x0000000008000dc0                DebugMon_Handler
 .text.PendSV_Handler
                0x0000000008000dce        0xe ./Core/Src/stm32f7xx_it.o
                0x0000000008000dce                PendSV_Handler
 .text.SysTick_Handler
                0x0000000008000ddc        0xc ./Core/Src/stm32f7xx_it.o
                0x0000000008000ddc                SysTick_Handler
 .text.USART1_IRQHandler
                0x0000000008000de8       0x14 ./Core/Src/stm32f7xx_it.o
                0x0000000008000de8                USART1_IRQHandler
 .text.SystemInit
                0x0000000008000dfc       0x24 ./Core/Src/system_stm32f7xx.o
                0x0000000008000dfc                SystemInit
 .text.Reset_Handler
                0x0000000008000e20       0x50 ./Core/Startup/startup_stm32f767zitx.o
                0x0000000008000e20                Reset_Handler
 .text.Default_Handler
                0x0000000008000e70        0x2 ./Core/Startup/startup_stm32f767zitx.o
                0x0000000008000e70                RTC_Alarm_IRQHandler
                0x0000000008000e70                EXTI2_IRQHandler
                0x0000000008000e70                TIM8_CC_IRQHandler
                0x0000000008000e70                UART8_IRQHandler
                0x0000000008000e70                SPI4_IRQHandler
                0x0000000008000e70                TIM1_CC_IRQHandler
                0x0000000008000e70                DMA2_Stream5_IRQHandler
                0x0000000008000e70                JPEG_IRQHandler
                0x0000000008000e70                DMA1_Stream5_IRQHandler
                0x0000000008000e70                CAN3_RX1_IRQHandler
                0x0000000008000e70                PVD_IRQHandler
                0x0000000008000e70                TAMP_STAMP_IRQHandler
                0x0000000008000e70                CAN2_RX1_IRQHandler
                0x0000000008000e70                EXTI3_IRQHandler
                0x0000000008000e70                TIM8_TRG_COM_TIM14_IRQHandler
                0x0000000008000e70                DFSDM1_FLT1_IRQHandler
                0x0000000008000e70                TIM1_UP_TIM10_IRQHandler
                0x0000000008000e70                TIM8_UP_TIM13_IRQHandler
                0x0000000008000e70                I2C3_ER_IRQHandler
                0x0000000008000e70                DFSDM1_FLT2_IRQHandler
                0x0000000008000e70                EXTI0_IRQHandler
                0x0000000008000e70                I2C2_EV_IRQHandler
                0x0000000008000e70                DMA1_Stream2_IRQHandler
                0x0000000008000e70                CAN1_RX0_IRQHandler
                0x0000000008000e70                FPU_IRQHandler
                0x0000000008000e70                OTG_HS_WKUP_IRQHandler
                0x0000000008000e70                CAN3_SCE_IRQHandler
                0x0000000008000e70                LTDC_ER_IRQHandler
                0x0000000008000e70                CAN2_SCE_IRQHandler
                0x0000000008000e70                DMA2_Stream2_IRQHandler
                0x0000000008000e70                SPI1_IRQHandler
                0x0000000008000e70                TIM6_DAC_IRQHandler
                0x0000000008000e70                TIM1_BRK_TIM9_IRQHandler
                0x0000000008000e70                DCMI_IRQHandler
                0x0000000008000e70                CAN2_RX0_IRQHandler
                0x0000000008000e70                DMA2_Stream3_IRQHandler
                0x0000000008000e70                SAI2_IRQHandler
                0x0000000008000e70                DFSDM1_FLT3_IRQHandler
                0x0000000008000e70                USART6_IRQHandler
                0x0000000008000e70                CAN3_RX0_IRQHandler
                0x0000000008000e70                USART3_IRQHandler
                0x0000000008000e70                CAN1_RX1_IRQHandler
                0x0000000008000e70                UART5_IRQHandler
                0x0000000008000e70                DMA2_Stream0_IRQHandler
                0x0000000008000e70                TIM4_IRQHandler
                0x0000000008000e70                QUADSPI_IRQHandler
                0x0000000008000e70                I2C1_EV_IRQHandler
                0x0000000008000e70                DMA1_Stream6_IRQHandler
                0x0000000008000e70                DMA1_Stream1_IRQHandler
                0x0000000008000e70                UART4_IRQHandler
                0x0000000008000e70                TIM3_IRQHandler
                0x0000000008000e70                RCC_IRQHandler
                0x0000000008000e70                TIM8_BRK_TIM12_IRQHandler
                0x0000000008000e70                Default_Handler
                0x0000000008000e70                CEC_IRQHandler
                0x0000000008000e70                EXTI15_10_IRQHandler
                0x0000000008000e70                ADC_IRQHandler
                0x0000000008000e70                DMA1_Stream7_IRQHandler
                0x0000000008000e70                SPI5_IRQHandler
                0x0000000008000e70                TIM7_IRQHandler
                0x0000000008000e70                SDMMC1_IRQHandler
                0x0000000008000e70                CAN2_TX_IRQHandler
                0x0000000008000e70                TIM5_IRQHandler
                0x0000000008000e70                DMA2_Stream7_IRQHandler
                0x0000000008000e70                I2C3_EV_IRQHandler
                0x0000000008000e70                EXTI9_5_IRQHandler
                0x0000000008000e70                RTC_WKUP_IRQHandler
                0x0000000008000e70                LTDC_IRQHandler
                0x0000000008000e70                ETH_WKUP_IRQHandler
                0x0000000008000e70                SPDIF_RX_IRQHandler
                0x0000000008000e70                SPI2_IRQHandler
                0x0000000008000e70                OTG_HS_EP1_IN_IRQHandler
                0x0000000008000e70                DMA1_Stream0_IRQHandler
                0x0000000008000e70                CAN1_TX_IRQHandler
                0x0000000008000e70                EXTI4_IRQHandler
                0x0000000008000e70                RNG_IRQHandler
                0x0000000008000e70                ETH_IRQHandler
                0x0000000008000e70                OTG_HS_EP1_OUT_IRQHandler
                0x0000000008000e70                WWDG_IRQHandler
                0x0000000008000e70                SPI6_IRQHandler
                0x0000000008000e70                MDIOS_IRQHandler
                0x0000000008000e70                I2C4_EV_IRQHandler
                0x0000000008000e70                CAN3_TX_IRQHandler
                0x0000000008000e70                TIM2_IRQHandler
                0x0000000008000e70                OTG_FS_WKUP_IRQHandler
                0x0000000008000e70                TIM1_TRG_COM_TIM11_IRQHandler
                0x0000000008000e70                OTG_HS_IRQHandler
                0x0000000008000e70                DMA2D_IRQHandler
                0x0000000008000e70                EXTI1_IRQHandler
                0x0000000008000e70                SDMMC2_IRQHandler
                0x0000000008000e70                UART7_IRQHandler
                0x0000000008000e70                USART2_IRQHandler
                0x0000000008000e70                DFSDM1_FLT0_IRQHandler
                0x0000000008000e70                I2C2_ER_IRQHandler
                0x0000000008000e70                DMA2_Stream1_IRQHandler
                0x0000000008000e70                CAN1_SCE_IRQHandler
                0x0000000008000e70                FLASH_IRQHandler
                0x0000000008000e70                DMA2_Stream4_IRQHandler
                0x0000000008000e70                OTG_FS_IRQHandler
                0x0000000008000e70                SPI3_IRQHandler
                0x0000000008000e70                DMA1_Stream4_IRQHandler
                0x0000000008000e70                I2C1_ER_IRQHandler
                0x0000000008000e70                FMC_IRQHandler
                0x0000000008000e70                LPTIM1_IRQHandler
                0x0000000008000e70                I2C4_ER_IRQHandler
                0x0000000008000e70                DMA2_Stream6_IRQHandler
                0x0000000008000e70                SAI1_IRQHandler
                0x0000000008000e70                DMA1_Stream3_IRQHandler
 .text.HAL_Init
                0x0000000008000e72       0x1a ./Drivers/STM32F7xx_HAL_Driver/Src/stm32f7xx_hal.o
                0x0000000008000e72                HAL_Init
 .text.HAL_InitTick
                0x0000000008000e8c       0x60 ./Drivers/STM32F7xx_HAL_Driver/Src/stm32f7xx_hal.o
                0x0000000008000e8c                HAL_InitTick
 .text.HAL_IncTick
                0x0000000008000eec       0x28 ./Drivers/STM32F7xx_HAL_Driver/Src/stm32f7xx_hal.o
                0x0000000008000eec                HAL_IncTick
 .text.HAL_GetTick
                0x0000000008000f14       0x18 ./Drivers/STM32F7xx_HAL_Driver/Src/stm32f7xx_hal.o
                0x0000000008000f14                HAL_GetTick
 .text.HAL_Delay
                0x0000000008000f2c       0x48 ./Drivers/STM32F7xx_HAL_Driver/Src/stm32f7xx_hal.o
                0x0000000008000f2c                HAL_Delay
 .text.__NVIC_SetPriorityGrouping
                0x0000000008000f74       0x48 ./Drivers/STM32F7xx_HAL_Driver/Src/stm32f7xx_hal_cortex.o
 .text.__NVIC_GetPriorityGrouping
                0x0000000008000fbc       0x1c ./Drivers/STM32F7xx_HAL_Driver/Src/stm32f7xx_hal_cortex.o
 .text.__NVIC_EnableIRQ
                0x0000000008000fd8       0x3c ./Drivers/STM32F7xx_HAL_Driver/Src/stm32f7xx_hal_cortex.o
 .text.__NVIC_SetPriority
                0x0000000008001014       0x54 ./Drivers/STM32F7xx_HAL_Driver/Src/stm32f7xx_hal_cortex.o
 .text.NVIC_EncodePriority
                0x0000000008001068       0x66 ./Drivers/STM32F7xx_HAL_Driver/Src/stm32f7xx_hal_cortex.o
 *fill*         0x00000000080010ce        0x2 
 .text.SysTick_Config
                0x00000000080010d0       0x44 ./Drivers/STM32F7xx_HAL_Driver/Src/stm32f7xx_hal_cortex.o
 .text.HAL_NVIC_SetPriorityGrouping
                0x0000000008001114       0x16 ./Drivers/STM32F7xx_HAL_Driver/Src/stm32f7xx_hal_cortex.o
                0x0000000008001114                HAL_NVIC_SetPriorityGrouping
 .text.HAL_NVIC_SetPriority
                0x000000000800112a       0x38 ./Drivers/STM32F7xx_HAL_Driver/Src/stm32f7xx_hal_cortex.o
                0x000000000800112a                HAL_NVIC_SetPriority
 .text.HAL_NVIC_EnableIRQ
                0x0000000008001162       0x1c ./Drivers/STM32F7xx_HAL_Driver/Src/stm32f7xx_hal_cortex.o
                0x0000000008001162                HAL_NVIC_EnableIRQ
 .text.HAL_SYSTICK_Config
                0x000000000800117e       0x18 ./Drivers/STM32F7xx_HAL_Driver/Src/stm32f7xx_hal_cortex.o
                0x000000000800117e                HAL_SYSTICK_Config
 .text.HAL_DMA_Abort
                0x0000000008001196       0xe0 ./Drivers/STM32F7xx_HAL_Driver/Src/stm32f7xx_hal_dma.o
                0x0000000008001196                HAL_DMA_Abort
 .text.HAL_DMA_Abort_IT
                0x0000000008001276       0x44 ./Drivers/STM32F7xx_HAL_Driver/Src/stm32f7xx_hal_dma.o
                0x0000000008001276                HAL_DMA_Abort_IT
 *fill*         0x00000000080012ba        0x2 
 .text.HAL_ETH_Init
                0x00000000080012bc      0x134 ./Drivers/STM32F7xx_HAL_Driver/Src/stm32f7xx_hal_eth.o
                0x00000000080012bc                HAL_ETH_Init
 .text.ETH_SetMACConfig
                0x00000000080013f0      0x168 ./Drivers/STM32F7xx_HAL_Driver/Src/stm32f7xx_hal_eth.o
 .text.ETH_SetDMAConfig
                0x0000000008001558      0x114 ./Drivers/STM32F7xx_HAL_Driver/Src/stm32f7xx_hal_eth.o
 .text.ETH_MACDMAConfig
                0x000000000800166c       0xea ./Drivers/STM32F7xx_HAL_Driver/Src/stm32f7xx_hal_eth.o
 *fill*         0x0000000008001756        0x2 
 .text.ETH_MACAddressConfig
                0x0000000008001758       0x70 ./Drivers/STM32F7xx_HAL_Driver/Src/stm32f7xx_hal_eth.o
 .text.ETH_DMATxDescListInit
                0x00000000080017c8       0xb2 ./Drivers/STM32F7xx_HAL_Driver/Src/stm32f7xx_hal_eth.o
 .text.ETH_DMARxDescListInit
                0x000000000800187a       0xde ./Drivers/STM32F7xx_HAL_Driver/Src/stm32f7xx_hal_eth.o
 .text.HAL_GPIO_Init
                0x0000000008001958      0x358 ./Drivers/STM32F7xx_HAL_Driver/Src/stm32f7xx_hal_gpio.o
                0x0000000008001958                HAL_GPIO_Init
 .text.HAL_GPIO_WritePin
                0x0000000008001cb0       0x32 ./Drivers/STM32F7xx_HAL_Driver/Src/stm32f7xx_hal_gpio.o
                0x0000000008001cb0                HAL_GPIO_WritePin
 .text.HAL_GPIO_TogglePin
                0x0000000008001ce2       0x34 ./Drivers/STM32F7xx_HAL_Driver/Src/stm32f7xx_hal_gpio.o
                0x0000000008001ce2                HAL_GPIO_TogglePin
 .text.HAL_PCD_Init
                0x0000000008001d16      0x22c ./Drivers/STM32F7xx_HAL_Driver/Src/stm32f7xx_hal_pcd.o
                0x0000000008001d16                HAL_PCD_Init
 *fill*         0x0000000008001f42        0x2 
 .text.HAL_PCDEx_ActivateLPM
                0x0000000008001f44       0x48 ./Drivers/STM32F7xx_HAL_Driver/Src/stm32f7xx_hal_pcd_ex.o
                0x0000000008001f44                HAL_PCDEx_ActivateLPM
 .text.HAL_PWR_EnableBkUpAccess
                0x0000000008001f8c       0x20 ./Drivers/STM32F7xx_HAL_Driver/Src/stm32f7xx_hal_pwr.o
                0x0000000008001f8c                HAL_PWR_EnableBkUpAccess
 .text.HAL_PWREx_EnableOverDrive
                0x0000000008001fac       0xa0 ./Drivers/STM32F7xx_HAL_Driver/Src/stm32f7xx_hal_pwr_ex.o
                0x0000000008001fac                HAL_PWREx_EnableOverDrive
 .text.HAL_RCC_OscConfig
                0x000000000800204c      0x55c ./Drivers/STM32F7xx_HAL_Driver/Src/stm32f7xx_hal_rcc.o
                0x000000000800204c                HAL_RCC_OscConfig
 .text.HAL_RCC_ClockConfig
                0x00000000080025a8      0x1d8 ./Drivers/STM32F7xx_HAL_Driver/Src/stm32f7xx_hal_rcc.o
                0x00000000080025a8                HAL_RCC_ClockConfig
 .text.HAL_RCC_GetSysClockFreq
                0x0000000008002780      0x20c ./Drivers/STM32F7xx_HAL_Driver/Src/stm32f7xx_hal_rcc.o
                0x0000000008002780                HAL_RCC_GetSysClockFreq
 .text.HAL_RCC_GetHCLKFreq
                0x000000000800298c       0x18 ./Drivers/STM32F7xx_HAL_Driver/Src/stm32f7xx_hal_rcc.o
                0x000000000800298c                HAL_RCC_GetHCLKFreq
 .text.HAL_RCC_GetPCLK1Freq
                0x00000000080029a4       0x28 ./Drivers/STM32F7xx_HAL_Driver/Src/stm32f7xx_hal_rcc.o
                0x00000000080029a4                HAL_RCC_GetPCLK1Freq
 .text.HAL_RCC_GetPCLK2Freq
                0x00000000080029cc       0x28 ./Drivers/STM32F7xx_HAL_Driver/Src/stm32f7xx_hal_rcc.o
                0x00000000080029cc                HAL_RCC_GetPCLK2Freq
 .text.HAL_RCCEx_PeriphCLKConfig
                0x00000000080029f4      0x850 ./Drivers/STM32F7xx_HAL_Driver/Src/stm32f7xx_hal_rcc_ex.o
                0x00000000080029f4                HAL_RCCEx_PeriphCLKConfig
 .text.HAL_UART_Init
                0x0000000008003244       0x9c ./Drivers/STM32F7xx_HAL_Driver/Src/stm32f7xx_hal_uart.o
                0x0000000008003244                HAL_UART_Init
 .text.HAL_UART_Transmit_IT
                0x00000000080032e0       0xbc ./Drivers/STM32F7xx_HAL_Driver/Src/stm32f7xx_hal_uart.o
                0x00000000080032e0                HAL_UART_Transmit_IT
 .text.HAL_UART_Receive_IT
                0x000000000800339c       0x88 ./Drivers/STM32F7xx_HAL_Driver/Src/stm32f7xx_hal_uart.o
                0x000000000800339c                HAL_UART_Receive_IT
 .text.HAL_UART_IRQHandler
                0x0000000008003424      0x5d0 ./Drivers/STM32F7xx_HAL_Driver/Src/stm32f7xx_hal_uart.o
                0x0000000008003424                HAL_UART_IRQHandler
 .text.HAL_UART_ErrorCallback
                0x00000000080039f4       0x14 ./Drivers/STM32F7xx_HAL_Driver/Src/stm32f7xx_hal_uart.o
                0x00000000080039f4                HAL_UART_ErrorCallback
 .text.HAL_UARTEx_RxEventCallback
                0x0000000008003a08       0x18 ./Drivers/STM32F7xx_HAL_Driver/Src/stm32f7xx_hal_uart.o
                0x0000000008003a08                HAL_UARTEx_RxEventCallback
 .text.HAL_UARTEx_WakeupCallback
                0x0000000008003a20       0x14 ./Drivers/STM32F7xx_HAL_Driver/Src/stm32f7xx_hal_uart.o
                0x0000000008003a20                HAL_UARTEx_WakeupCallback
 .text.UART_SetConfig
                0x0000000008003a34      0x4c8 ./Drivers/STM32F7xx_HAL_Driver/Src/stm32f7xx_hal_uart.o
                0x0000000008003a34                UART_SetConfig
 .text.UART_AdvFeatureConfig
                0x0000000008003efc      0x144 ./Drivers/STM32F7xx_HAL_Driver/Src/stm32f7xx_hal_uart.o
                0x0000000008003efc                UART_AdvFeatureConfig
 .text.UART_CheckIdleState
                0x0000000008004040      0x150 ./Drivers/STM32F7xx_HAL_Driver/Src/stm32f7xx_hal_uart.o
                0x0000000008004040                UART_CheckIdleState
 .text.UART_WaitOnFlagUntilTimeout
                0x0000000008004190       0xda ./Drivers/STM32F7xx_HAL_Driver/Src/stm32f7xx_hal_uart.o
                0x0000000008004190                UART_WaitOnFlagUntilTimeout
 *fill*         0x000000000800426a        0x2 
 .text.UART_Start_Receive_IT
                0x000000000800426c      0x18c ./Drivers/STM32F7xx_HAL_Driver/Src/stm32f7xx_hal_uart.o
                0x000000000800426c                UART_Start_Receive_IT
 .text.UART_EndRxTransfer
                0x00000000080043f8       0xc8 ./Drivers/STM32F7xx_HAL_Driver/Src/stm32f7xx_hal_uart.o
 .text.UART_DMAAbortOnError
                0x00000000080044c0       0x2c ./Drivers/STM32F7xx_HAL_Driver/Src/stm32f7xx_hal_uart.o
 .text.UART_TxISR_8BIT
                0x00000000080044ec       0xb6 ./Drivers/STM32F7xx_HAL_Driver/Src/stm32f7xx_hal_uart.o
 .text.UART_TxISR_16BIT
                0x00000000080045a2       0xc0 ./Drivers/STM32F7xx_HAL_Driver/Src/stm32f7xx_hal_uart.o
 .text.UART_EndTransmit_IT
                0x0000000008004662       0x54 ./Drivers/STM32F7xx_HAL_Driver/Src/stm32f7xx_hal_uart.o
 .text.UART_RxISR_8BIT
                0x00000000080046b6      0x1a8 ./Drivers/STM32F7xx_HAL_Driver/Src/stm32f7xx_hal_uart.o
 .text.UART_RxISR_16BIT
                0x000000000800485e      0x1a8 ./Drivers/STM32F7xx_HAL_Driver/Src/stm32f7xx_hal_uart.o
 *fill*         0x0000000008004a06        0x2 
 .text.USB_CoreInit
                0x0000000008004a08       0xb4 ./Drivers/STM32F7xx_HAL_Driver/Src/stm32f7xx_ll_usb.o
                0x0000000008004a08                USB_CoreInit
 .text.USB_DisableGlobalInt
                0x0000000008004abc       0x22 ./Drivers/STM32F7xx_HAL_Driver/Src/stm32f7xx_ll_usb.o
                0x0000000008004abc                USB_DisableGlobalInt
 .text.USB_SetCurrentMode
                0x0000000008004ade       0x98 ./Drivers/STM32F7xx_HAL_Driver/Src/stm32f7xx_ll_usb.o
                0x0000000008004ade                USB_SetCurrentMode
 *fill*         0x0000000008004b76        0x2 
 .text.USB_DevInit
                0x0000000008004b78      0x2bc ./Drivers/STM32F7xx_HAL_Driver/Src/stm32f7xx_ll_usb.o
                0x0000000008004b78                USB_DevInit
 .text.USB_FlushTxFifo
                0x0000000008004e34       0x64 ./Drivers/STM32F7xx_HAL_Driver/Src/stm32f7xx_ll_usb.o
                0x0000000008004e34                USB_FlushTxFifo
 .text.USB_FlushRxFifo
                0x0000000008004e98       0x5c ./Drivers/STM32F7xx_HAL_Driver/Src/stm32f7xx_ll_usb.o
                0x0000000008004e98                USB_FlushRxFifo
 .text.USB_SetDevSpeed
                0x0000000008004ef4       0x32 ./Drivers/STM32F7xx_HAL_Driver/Src/stm32f7xx_ll_usb.o
                0x0000000008004ef4                USB_SetDevSpeed
 .text.USB_DevDisconnect
                0x0000000008004f26       0x42 ./Drivers/STM32F7xx_HAL_Driver/Src/stm32f7xx_ll_usb.o
                0x0000000008004f26                USB_DevDisconnect
 .text.USB_GetMode
                0x0000000008004f68       0x1c ./Drivers/STM32F7xx_HAL_Driver/Src/stm32f7xx_ll_usb.o
                0x0000000008004f68                USB_GetMode
 .text.USB_CoreReset
                0x0000000008004f84       0x62 ./Drivers/STM32F7xx_HAL_Driver/Src/stm32f7xx_ll_usb.o
 .text.memset   0x0000000008004fe6       0x10 C:/Program Files (x86)/STM32CubeIDE_1.14.0/STM32CubeIDE/plugins/com.st.stm32cube.ide.mcu.externaltools.gnu-tools-for-stm32.11.3.rel1.win32_1.1.100.202309141235/tools/bin/../lib/gcc/arm-none-eabi/11.3.1/../../../../arm-none-eabi/lib/thumb/v7e-m+dp/hard\libc_nano.a(libc_a-memset.o)
                0x0000000008004fe6                memset
 *fill*         0x0000000008004ff6        0x2 
 .text.__libc_init_array
                0x0000000008004ff8       0x48 C:/Program Files (x86)/STM32CubeIDE_1.14.0/STM32CubeIDE/plugins/com.st.stm32cube.ide.mcu.externaltools.gnu-tools-for-stm32.11.3.rel1.win32_1.1.100.202309141235/tools/bin/../lib/gcc/arm-none-eabi/11.3.1/../../../../arm-none-eabi/lib/thumb/v7e-m+dp/hard\libc_nano.a(libc_a-init.o)
                0x0000000008004ff8                __libc_init_array
 .text.memcpy   0x0000000008005040       0x1c C:/Program Files (x86)/STM32CubeIDE_1.14.0/STM32CubeIDE/plugins/com.st.stm32cube.ide.mcu.externaltools.gnu-tools-for-stm32.11.3.rel1.win32_1.1.100.202309141235/tools/bin/../lib/gcc/arm-none-eabi/11.3.1/../../../../arm-none-eabi/lib/thumb/v7e-m+dp/hard\libc_nano.a(libc_a-memcpy-stub.o)
                0x0000000008005040                memcpy
 *(.glue_7)
 .glue_7        0x000000000800505c        0x0 linker stubs
 *(.glue_7t)
 .glue_7t       0x000000000800505c        0x0 linker stubs
 *(.eh_frame)
 .eh_frame      0x000000000800505c        0x0 C:/Program Files (x86)/STM32CubeIDE_1.14.0/STM32CubeIDE/plugins/com.st.stm32cube.ide.mcu.externaltools.gnu-tools-for-stm32.11.3.rel1.win32_1.1.100.202309141235/tools/bin/../lib/gcc/arm-none-eabi/11.3.1/thumb/v7e-m+dp/hard/crtbegin.o
 *(.init)
 .init          0x000000000800505c        0x4 C:/Program Files (x86)/STM32CubeIDE_1.14.0/STM32CubeIDE/plugins/com.st.stm32cube.ide.mcu.externaltools.gnu-tools-for-stm32.11.3.rel1.win32_1.1.100.202309141235/tools/bin/../lib/gcc/arm-none-eabi/11.3.1/thumb/v7e-m+dp/hard/crti.o
                0x000000000800505c                _init
 .init          0x0000000008005060        0x8 C:/Program Files (x86)/STM32CubeIDE_1.14.0/STM32CubeIDE/plugins/com.st.stm32cube.ide.mcu.externaltools.gnu-tools-for-stm32.11.3.rel1.win32_1.1.100.202309141235/tools/bin/../lib/gcc/arm-none-eabi/11.3.1/thumb/v7e-m+dp/hard/crtn.o
 *(.fini)
 .fini          0x0000000008005068        0x4 C:/Program Files (x86)/STM32CubeIDE_1.14.0/STM32CubeIDE/plugins/com.st.stm32cube.ide.mcu.externaltools.gnu-tools-for-stm32.11.3.rel1.win32_1.1.100.202309141235/tools/bin/../lib/gcc/arm-none-eabi/11.3.1/thumb/v7e-m+dp/hard/crti.o
                0x0000000008005068                _fini
 .fini          0x000000000800506c        0x8 C:/Program Files (x86)/STM32CubeIDE_1.14.0/STM32CubeIDE/plugins/com.st.stm32cube.ide.mcu.externaltools.gnu-tools-for-stm32.11.3.rel1.win32_1.1.100.202309141235/tools/bin/../lib/gcc/arm-none-eabi/11.3.1/thumb/v7e-m+dp/hard/crtn.o
                0x0000000008005074                . = ALIGN (0x4)
                0x0000000008005074                _etext = .

.vfp11_veneer   0x0000000008005074        0x0
 .vfp11_veneer  0x0000000008005074        0x0 linker stubs

.v4_bx          0x0000000008005074        0x0
 .v4_bx         0x0000000008005074        0x0 linker stubs

.iplt           0x0000000008005074        0x0
 .iplt          0x0000000008005074        0x0 C:/Program Files (x86)/STM32CubeIDE_1.14.0/STM32CubeIDE/plugins/com.st.stm32cube.ide.mcu.externaltools.gnu-tools-for-stm32.11.3.rel1.win32_1.1.100.202309141235/tools/bin/../lib/gcc/arm-none-eabi/11.3.1/thumb/v7e-m+dp/hard/crtbegin.o

.rodata         0x0000000008005074       0x18
                0x0000000008005074                . = ALIGN (0x4)
 *(.rodata)
 *(.rodata*)
 .rodata.AHBPrescTable
                0x0000000008005074       0x10 ./Core/Src/system_stm32f7xx.o
                0x0000000008005074                AHBPrescTable
 .rodata.APBPrescTable
                0x0000000008005084        0x8 ./Core/Src/system_stm32f7xx.o
                0x0000000008005084                APBPrescTable
                0x000000000800508c                . = ALIGN (0x4)

.ARM.extab      0x000000000800508c        0x0
                0x000000000800508c                . = ALIGN (0x4)
 *(.ARM.extab* .gnu.linkonce.armextab.*)
                0x000000000800508c                . = ALIGN (0x4)

.ARM            0x000000000800508c        0x8
                0x000000000800508c                . = ALIGN (0x4)
                0x000000000800508c                __exidx_start = .
 *(.ARM.exidx*)
 .ARM.exidx     0x000000000800508c        0x8 C:/Program Files (x86)/STM32CubeIDE_1.14.0/STM32CubeIDE/plugins/com.st.stm32cube.ide.mcu.externaltools.gnu-tools-for-stm32.11.3.rel1.win32_1.1.100.202309141235/tools/bin/../lib/gcc/arm-none-eabi/11.3.1/thumb/v7e-m+dp/hard\libgcc.a(_udivmoddi4.o)
                0x0000000008005094                __exidx_end = .
                0x0000000008005094                . = ALIGN (0x4)

.rel.dyn        0x0000000008005094        0x0
 .rel.iplt      0x0000000008005094        0x0 C:/Program Files (x86)/STM32CubeIDE_1.14.0/STM32CubeIDE/plugins/com.st.stm32cube.ide.mcu.externaltools.gnu-tools-for-stm32.11.3.rel1.win32_1.1.100.202309141235/tools/bin/../lib/gcc/arm-none-eabi/11.3.1/thumb/v7e-m+dp/hard/crtbegin.o

.preinit_array  0x0000000008005094        0x0
                0x0000000008005094                . = ALIGN (0x4)
                0x0000000008005094                PROVIDE (__preinit_array_start = .)
 *(.preinit_array*)
                0x0000000008005094                PROVIDE (__preinit_array_end = .)
                0x0000000008005094                . = ALIGN (0x4)

.init_array     0x0000000008005094        0x4
                0x0000000008005094                . = ALIGN (0x4)
                0x0000000008005094                PROVIDE (__init_array_start = .)
 *(SORT_BY_NAME(.init_array.*))
 *(.init_array*)
 .init_array    0x0000000008005094        0x4 C:/Program Files (x86)/STM32CubeIDE_1.14.0/STM32CubeIDE/plugins/com.st.stm32cube.ide.mcu.externaltools.gnu-tools-for-stm32.11.3.rel1.win32_1.1.100.202309141235/tools/bin/../lib/gcc/arm-none-eabi/11.3.1/thumb/v7e-m+dp/hard/crtbegin.o
                0x0000000008005098                PROVIDE (__init_array_end = .)
                0x0000000008005098                . = ALIGN (0x4)

.fini_array     0x0000000008005098        0x4
                0x0000000008005098                . = ALIGN (0x4)
                [!provide]                        PROVIDE (__fini_array_start = .)
 *(SORT_BY_NAME(.fini_array.*))
 *(.fini_array*)
 .fini_array    0x0000000008005098        0x4 C:/Program Files (x86)/STM32CubeIDE_1.14.0/STM32CubeIDE/plugins/com.st.stm32cube.ide.mcu.externaltools.gnu-tools-for-stm32.11.3.rel1.win32_1.1.100.202309141235/tools/bin/../lib/gcc/arm-none-eabi/11.3.1/thumb/v7e-m+dp/hard/crtbegin.o
                [!provide]                        PROVIDE (__fini_array_end = .)
                0x000000000800509c                . = ALIGN (0x4)
                0x000000000800509c                _sidata = LOADADDR (.data)

.data           0x0000000020000000        0xc load address 0x000000000800509c
                0x0000000020000000                . = ALIGN (0x4)
                0x0000000020000000                _sdata = .
 *(.data)
 *(.data*)
 .data.SystemCoreClock
                0x0000000020000000        0x4 ./Core/Src/system_stm32f7xx.o
                0x0000000020000000                SystemCoreClock
 .data.uwTickPrio
                0x0000000020000004        0x4 ./Drivers/STM32F7xx_HAL_Driver/Src/stm32f7xx_hal.o
                0x0000000020000004                uwTickPrio
 .data.uwTickFreq
                0x0000000020000008        0x1 ./Drivers/STM32F7xx_HAL_Driver/Src/stm32f7xx_hal.o
                0x0000000020000008                uwTickFreq
 *(.RamFunc)
 *(.RamFunc*)
                0x000000002000000c                . = ALIGN (0x4)
 *fill*         0x0000000020000009        0x3 
                0x000000002000000c                _edata = .

.igot.plt       0x000000002000000c        0x0 load address 0x00000000080050a8
 .igot.plt      0x000000002000000c        0x0 C:/Program Files (x86)/STM32CubeIDE_1.14.0/STM32CubeIDE/plugins/com.st.stm32cube.ide.mcu.externaltools.gnu-tools-for-stm32.11.3.rel1.win32_1.1.100.202309141235/tools/bin/../lib/gcc/arm-none-eabi/11.3.1/thumb/v7e-m+dp/hard/crtbegin.o

.RxDecripSection
                0x000000002000000c       0xa0 load address 0x00000000080050a8
 .RxDecripSection
                0x000000002000000c       0xa0 ./Core/Src/main.o
                0x000000002000000c                DMARxDscrTab

.TxDecripSection
                0x00000000200000ac       0xa0 load address 0x0000000008005148
 .TxDecripSection
                0x00000000200000ac       0xa0 ./Core/Src/main.o
                0x00000000200000ac                DMATxDscrTab
                0x000000002000014c                . = ALIGN (0x4)

.bss            0x000000002000014c      0x6b0 load address 0x00000000080051e8
                0x000000002000014c                _sbss = .
                0x000000002000014c                __bss_start__ = _sbss
 *(.bss)
 .bss           0x000000002000014c       0x1c C:/Program Files (x86)/STM32CubeIDE_1.14.0/STM32CubeIDE/plugins/com.st.stm32cube.ide.mcu.externaltools.gnu-tools-for-stm32.11.3.rel1.win32_1.1.100.202309141235/tools/bin/../lib/gcc/arm-none-eabi/11.3.1/thumb/v7e-m+dp/hard/crtbegin.o
 *(.bss*)
 .bss.TxConfig  0x0000000020000168       0x38 ./Core/Src/main.o
                0x0000000020000168                TxConfig
 .bss.heth      0x00000000200001a0       0xb0 ./Core/Src/main.o
                0x00000000200001a0                heth
 .bss.huart1    0x0000000020000250       0x88 ./Core/Src/main.o
                0x0000000020000250                huart1
 .bss.hpcd_USB_OTG_FS
                0x00000000200002d8      0x4e0 ./Core/Src/main.o
                0x00000000200002d8                hpcd_USB_OTG_FS
 .bss.RxData    0x00000000200007b8       0x18 ./Core/Src/main.o
                0x00000000200007b8                RxData
 .bss.TxData    0x00000000200007d0       0x18 ./Core/Src/main.o
                0x00000000200007d0                TxData
 .bss.in        0x00000000200007e8        0x1 ./Core/Src/main.o
                0x00000000200007e8                in
 *fill*         0x00000000200007e9        0x3 
 .bss.indx      0x00000000200007ec        0x4 ./Core/Src/main.o
                0x00000000200007ec                indx
 .bss.MACAddr.0
                0x00000000200007f0        0x6 ./Core/Src/main.o
 *fill*         0x00000000200007f6        0x2 
 .bss.uwTick    0x00000000200007f8        0x4 ./Drivers/STM32F7xx_HAL_Driver/Src/stm32f7xx_hal.o
                0x00000000200007f8                uwTick
 *(COMMON)
                0x00000000200007fc                . = ALIGN (0x4)
                0x00000000200007fc                _ebss = .
                0x00000000200007fc                __bss_end__ = _ebss

._user_heap_stack
                0x00000000200007fc      0x604 load address 0x00000000080051e8
                0x0000000020000800                . = ALIGN (0x8)
 *fill*         0x00000000200007fc        0x4 
                [!provide]                        PROVIDE (end = .)
                0x0000000020000800                PROVIDE (_end = .)
                0x0000000020000a00                . = (. + _Min_Heap_Size)
 *fill*         0x0000000020000800      0x200 
                0x0000000020000e00                . = (. + _Min_Stack_Size)
 *fill*         0x0000000020000a00      0x400 
                0x0000000020000e00                . = ALIGN (0x8)

/DISCARD/
 libc.a(*)
 libm.a(*)
 libgcc.a(*)

.ARM.attributes
                0x0000000000000000       0x2e
 *(.ARM.attributes)
 .ARM.attributes
                0x0000000000000000       0x1e C:/Program Files (x86)/STM32CubeIDE_1.14.0/STM32CubeIDE/plugins/com.st.stm32cube.ide.mcu.externaltools.gnu-tools-for-stm32.11.3.rel1.win32_1.1.100.202309141235/tools/bin/../lib/gcc/arm-none-eabi/11.3.1/thumb/v7e-m+dp/hard/crti.o
 .ARM.attributes
                0x000000000000001e       0x32 C:/Program Files (x86)/STM32CubeIDE_1.14.0/STM32CubeIDE/plugins/com.st.stm32cube.ide.mcu.externaltools.gnu-tools-for-stm32.11.3.rel1.win32_1.1.100.202309141235/tools/bin/../lib/gcc/arm-none-eabi/11.3.1/thumb/v7e-m+dp/hard/crtbegin.o
 .ARM.attributes
                0x0000000000000050       0x32 ./Core/Src/main.o
 .ARM.attributes
                0x0000000000000082       0x32 ./Core/Src/stm32f7xx_hal_msp.o
 .ARM.attributes
                0x00000000000000b4       0x32 ./Core/Src/stm32f7xx_it.o
 .ARM.attributes
                0x00000000000000e6       0x32 ./Core/Src/system_stm32f7xx.o
 .ARM.attributes
                0x0000000000000118       0x21 ./Core/Startup/startup_stm32f767zitx.o
 .ARM.attributes
                0x0000000000000139       0x32 ./Drivers/STM32F7xx_HAL_Driver/Src/stm32f7xx_hal.o
 .ARM.attributes
                0x000000000000016b       0x32 ./Drivers/STM32F7xx_HAL_Driver/Src/stm32f7xx_hal_cortex.o
 .ARM.attributes
                0x000000000000019d       0x32 ./Drivers/STM32F7xx_HAL_Driver/Src/stm32f7xx_hal_dma.o
 .ARM.attributes
                0x00000000000001cf       0x32 ./Drivers/STM32F7xx_HAL_Driver/Src/stm32f7xx_hal_eth.o
 .ARM.attributes
                0x0000000000000201       0x32 ./Drivers/STM32F7xx_HAL_Driver/Src/stm32f7xx_hal_gpio.o
 .ARM.attributes
                0x0000000000000233       0x32 ./Drivers/STM32F7xx_HAL_Driver/Src/stm32f7xx_hal_pcd.o
 .ARM.attributes
                0x0000000000000265       0x32 ./Drivers/STM32F7xx_HAL_Driver/Src/stm32f7xx_hal_pcd_ex.o
 .ARM.attributes
                0x0000000000000297       0x32 ./Drivers/STM32F7xx_HAL_Driver/Src/stm32f7xx_hal_pwr.o
 .ARM.attributes
                0x00000000000002c9       0x32 ./Drivers/STM32F7xx_HAL_Driver/Src/stm32f7xx_hal_pwr_ex.o
 .ARM.attributes
                0x00000000000002fb       0x32 ./Drivers/STM32F7xx_HAL_Driver/Src/stm32f7xx_hal_rcc.o
 .ARM.attributes
                0x000000000000032d       0x32 ./Drivers/STM32F7xx_HAL_Driver/Src/stm32f7xx_hal_rcc_ex.o
 .ARM.attributes
                0x000000000000035f       0x32 ./Drivers/STM32F7xx_HAL_Driver/Src/stm32f7xx_hal_uart.o
 .ARM.attributes
                0x0000000000000391       0x32 ./Drivers/STM32F7xx_HAL_Driver/Src/stm32f7xx_ll_usb.o
 .ARM.attributes
                0x00000000000003c3       0x32 C:/Program Files (x86)/STM32CubeIDE_1.14.0/STM32CubeIDE/plugins/com.st.stm32cube.ide.mcu.externaltools.gnu-tools-for-stm32.11.3.rel1.win32_1.1.100.202309141235/tools/bin/../lib/gcc/arm-none-eabi/11.3.1/../../../../arm-none-eabi/lib/thumb/v7e-m+dp/hard\libc_nano.a(libc_a-memset.o)
 .ARM.attributes
                0x00000000000003f5       0x32 C:/Program Files (x86)/STM32CubeIDE_1.14.0/STM32CubeIDE/plugins/com.st.stm32cube.ide.mcu.externaltools.gnu-tools-for-stm32.11.3.rel1.win32_1.1.100.202309141235/tools/bin/../lib/gcc/arm-none-eabi/11.3.1/../../../../arm-none-eabi/lib/thumb/v7e-m+dp/hard\libc_nano.a(libc_a-init.o)
 .ARM.attributes
                0x0000000000000427       0x32 C:/Program Files (x86)/STM32CubeIDE_1.14.0/STM32CubeIDE/plugins/com.st.stm32cube.ide.mcu.externaltools.gnu-tools-for-stm32.11.3.rel1.win32_1.1.100.202309141235/tools/bin/../lib/gcc/arm-none-eabi/11.3.1/../../../../arm-none-eabi/lib/thumb/v7e-m+dp/hard\libc_nano.a(libc_a-memcpy-stub.o)
 .ARM.attributes
                0x0000000000000459       0x1e C:/Program Files (x86)/STM32CubeIDE_1.14.0/STM32CubeIDE/plugins/com.st.stm32cube.ide.mcu.externaltools.gnu-tools-for-stm32.11.3.rel1.win32_1.1.100.202309141235/tools/bin/../lib/gcc/arm-none-eabi/11.3.1/thumb/v7e-m+dp/hard\libgcc.a(_aeabi_uldivmod.o)
 .ARM.attributes
                0x0000000000000477       0x32 C:/Program Files (x86)/STM32CubeIDE_1.14.0/STM32CubeIDE/plugins/com.st.stm32cube.ide.mcu.externaltools.gnu-tools-for-stm32.11.3.rel1.win32_1.1.100.202309141235/tools/bin/../lib/gcc/arm-none-eabi/11.3.1/thumb/v7e-m+dp/hard\libgcc.a(_udivmoddi4.o)
 .ARM.attributes
                0x00000000000004a9       0x1e C:/Program Files (x86)/STM32CubeIDE_1.14.0/STM32CubeIDE/plugins/com.st.stm32cube.ide.mcu.externaltools.gnu-tools-for-stm32.11.3.rel1.win32_1.1.100.202309141235/tools/bin/../lib/gcc/arm-none-eabi/11.3.1/thumb/v7e-m+dp/hard\libgcc.a(_dvmd_tls.o)
 .ARM.attributes
                0x00000000000004c7       0x1e C:/Program Files (x86)/STM32CubeIDE_1.14.0/STM32CubeIDE/plugins/com.st.stm32cube.ide.mcu.externaltools.gnu-tools-for-stm32.11.3.rel1.win32_1.1.100.202309141235/tools/bin/../lib/gcc/arm-none-eabi/11.3.1/thumb/v7e-m+dp/hard/crtn.o
OUTPUT(UARTDemo.elf elf32-littlearm)
LOAD linker stubs
LOAD C:/Program Files (x86)/STM32CubeIDE_1.14.0/STM32CubeIDE/plugins/com.st.stm32cube.ide.mcu.externaltools.gnu-tools-for-stm32.11.3.rel1.win32_1.1.100.202309141235/tools/bin/../lib/gcc/arm-none-eabi/11.3.1/../../../../arm-none-eabi/lib/thumb/v7e-m+dp/hard\libc.a
LOAD C:/Program Files (x86)/STM32CubeIDE_1.14.0/STM32CubeIDE/plugins/com.st.stm32cube.ide.mcu.externaltools.gnu-tools-for-stm32.11.3.rel1.win32_1.1.100.202309141235/tools/bin/../lib/gcc/arm-none-eabi/11.3.1/../../../../arm-none-eabi/lib/thumb/v7e-m+dp/hard\libm.a
LOAD C:/Program Files (x86)/STM32CubeIDE_1.14.0/STM32CubeIDE/plugins/com.st.stm32cube.ide.mcu.externaltools.gnu-tools-for-stm32.11.3.rel1.win32_1.1.100.202309141235/tools/bin/../lib/gcc/arm-none-eabi/11.3.1/thumb/v7e-m+dp/hard\libgcc.a

.comment        0x0000000000000000       0x43
 .comment       0x0000000000000000       0x43 C:/Program Files (x86)/STM32CubeIDE_1.14.0/STM32CubeIDE/plugins/com.st.stm32cube.ide.mcu.externaltools.gnu-tools-for-stm32.11.3.rel1.win32_1.1.100.202309141235/tools/bin/../lib/gcc/arm-none-eabi/11.3.1/thumb/v7e-m+dp/hard/crtbegin.o
                                         0x44 (size before relaxing)
 .comment       0x0000000000000043       0x44 ./Core/Src/main.o
 .comment       0x0000000000000043       0x44 ./Core/Src/stm32f7xx_hal_msp.o
 .comment       0x0000000000000043       0x44 ./Core/Src/stm32f7xx_it.o
 .comment       0x0000000000000043       0x44 ./Core/Src/system_stm32f7xx.o
 .comment       0x0000000000000043       0x44 ./Drivers/STM32F7xx_HAL_Driver/Src/stm32f7xx_hal.o
 .comment       0x0000000000000043       0x44 ./Drivers/STM32F7xx_HAL_Driver/Src/stm32f7xx_hal_cortex.o
 .comment       0x0000000000000043       0x44 ./Drivers/STM32F7xx_HAL_Driver/Src/stm32f7xx_hal_dma.o
 .comment       0x0000000000000043       0x44 ./Drivers/STM32F7xx_HAL_Driver/Src/stm32f7xx_hal_eth.o
 .comment       0x0000000000000043       0x44 ./Drivers/STM32F7xx_HAL_Driver/Src/stm32f7xx_hal_gpio.o
 .comment       0x0000000000000043       0x44 ./Drivers/STM32F7xx_HAL_Driver/Src/stm32f7xx_hal_pcd.o
 .comment       0x0000000000000043       0x44 ./Drivers/STM32F7xx_HAL_Driver/Src/stm32f7xx_hal_pcd_ex.o
 .comment       0x0000000000000043       0x44 ./Drivers/STM32F7xx_HAL_Driver/Src/stm32f7xx_hal_pwr.o
 .comment       0x0000000000000043       0x44 ./Drivers/STM32F7xx_HAL_Driver/Src/stm32f7xx_hal_pwr_ex.o
 .comment       0x0000000000000043       0x44 ./Drivers/STM32F7xx_HAL_Driver/Src/stm32f7xx_hal_rcc.o
 .comment       0x0000000000000043       0x44 ./Drivers/STM32F7xx_HAL_Driver/Src/stm32f7xx_hal_rcc_ex.o
 .comment       0x0000000000000043       0x44 ./Drivers/STM32F7xx_HAL_Driver/Src/stm32f7xx_hal_uart.o
 .comment       0x0000000000000043       0x44 ./Drivers/STM32F7xx_HAL_Driver/Src/stm32f7xx_ll_usb.o

.debug_info     0x0000000000000000    0x12a0c
 .debug_info    0x0000000000000000     0x1dbb ./Core/Src/main.o
 .debug_info    0x0000000000001dbb     0x1eaa ./Core/Src/stm32f7xx_hal_msp.o
 .debug_info    0x0000000000003c65      0x71e ./Core/Src/stm32f7xx_it.o
 .debug_info    0x0000000000004383      0x6ed ./Core/Src/system_stm32f7xx.o
 .debug_info    0x0000000000004a70       0x23 ./Core/Startup/startup_stm32f767zitx.o
 .debug_info    0x0000000000004a93      0xa4c ./Drivers/STM32F7xx_HAL_Driver/Src/stm32f7xx_hal.o
 .debug_info    0x00000000000054df      0xfc0 ./Drivers/STM32F7xx_HAL_Driver/Src/stm32f7xx_hal_cortex.o
 .debug_info    0x000000000000649f      0x8e7 ./Drivers/STM32F7xx_HAL_Driver/Src/stm32f7xx_hal_dma.o
 .debug_info    0x0000000000006d86     0x218c ./Drivers/STM32F7xx_HAL_Driver/Src/stm32f7xx_hal_eth.o
 .debug_info    0x0000000000008f12      0x6f3 ./Drivers/STM32F7xx_HAL_Driver/Src/stm32f7xx_hal_gpio.o
 .debug_info    0x0000000000009605     0x1599 ./Drivers/STM32F7xx_HAL_Driver/Src/stm32f7xx_hal_pcd.o
 .debug_info    0x000000000000ab9e      0x7a3 ./Drivers/STM32F7xx_HAL_Driver/Src/stm32f7xx_hal_pcd_ex.o
 .debug_info    0x000000000000b341      0x90e ./Drivers/STM32F7xx_HAL_Driver/Src/stm32f7xx_hal_pwr.o
 .debug_info    0x000000000000bc4f      0x8cd ./Drivers/STM32F7xx_HAL_Driver/Src/stm32f7xx_hal_pwr_ex.o
 .debug_info    0x000000000000c51c      0x937 ./Drivers/STM32F7xx_HAL_Driver/Src/stm32f7xx_hal_rcc.o
 .debug_info    0x000000000000ce53      0x6e1 ./Drivers/STM32F7xx_HAL_Driver/Src/stm32f7xx_hal_rcc_ex.o
 .debug_info    0x000000000000d534     0x3adc ./Drivers/STM32F7xx_HAL_Driver/Src/stm32f7xx_hal_uart.o
 .debug_info    0x0000000000011010     0x19fc ./Drivers/STM32F7xx_HAL_Driver/Src/stm32f7xx_ll_usb.o

.debug_abbrev   0x0000000000000000     0x27dd
 .debug_abbrev  0x0000000000000000      0x34b ./Core/Src/main.o
 .debug_abbrev  0x000000000000034b      0x29c ./Core/Src/stm32f7xx_hal_msp.o
 .debug_abbrev  0x00000000000005e7      0x174 ./Core/Src/stm32f7xx_it.o
 .debug_abbrev  0x000000000000075b      0x13b ./Core/Src/system_stm32f7xx.o
 .debug_abbrev  0x0000000000000896       0x12 ./Core/Startup/startup_stm32f767zitx.o
 .debug_abbrev  0x00000000000008a8      0x213 ./Drivers/STM32F7xx_HAL_Driver/Src/stm32f7xx_hal.o
 .debug_abbrev  0x0000000000000abb      0x31e ./Drivers/STM32F7xx_HAL_Driver/Src/stm32f7xx_hal_cortex.o
 .debug_abbrev  0x0000000000000dd9      0x264 ./Drivers/STM32F7xx_HAL_Driver/Src/stm32f7xx_hal_dma.o
 .debug_abbrev  0x000000000000103d      0x35a ./Drivers/STM32F7xx_HAL_Driver/Src/stm32f7xx_hal_eth.o
 .debug_abbrev  0x0000000000001397      0x1d4 ./Drivers/STM32F7xx_HAL_Driver/Src/stm32f7xx_hal_gpio.o
 .debug_abbrev  0x000000000000156b      0x2ee ./Drivers/STM32F7xx_HAL_Driver/Src/stm32f7xx_hal_pcd.o
 .debug_abbrev  0x0000000000001859      0x1ca ./Drivers/STM32F7xx_HAL_Driver/Src/stm32f7xx_hal_pcd_ex.o
 .debug_abbrev  0x0000000000001a23      0x1c5 ./Drivers/STM32F7xx_HAL_Driver/Src/stm32f7xx_hal_pwr.o
 .debug_abbrev  0x0000000000001be8      0x1d5 ./Drivers/STM32F7xx_HAL_Driver/Src/stm32f7xx_hal_pwr_ex.o
 .debug_abbrev  0x0000000000001dbd      0x2de ./Drivers/STM32F7xx_HAL_Driver/Src/stm32f7xx_hal_rcc.o
 .debug_abbrev  0x000000000000209b      0x1c9 ./Drivers/STM32F7xx_HAL_Driver/Src/stm32f7xx_hal_rcc_ex.o
 .debug_abbrev  0x0000000000002264      0x2e6 ./Drivers/STM32F7xx_HAL_Driver/Src/stm32f7xx_hal_uart.o
 .debug_abbrev  0x000000000000254a      0x293 ./Drivers/STM32F7xx_HAL_Driver/Src/stm32f7xx_ll_usb.o

.debug_aranges  0x0000000000000000      0xdc0
 .debug_aranges
                0x0000000000000000       0x60 ./Core/Src/main.o
 .debug_aranges
                0x0000000000000060       0x50 ./Core/Src/stm32f7xx_hal_msp.o
 .debug_aranges
                0x00000000000000b0       0x68 ./Core/Src/stm32f7xx_it.o
 .debug_aranges
                0x0000000000000118       0x28 ./Core/Src/system_stm32f7xx.o
 .debug_aranges
                0x0000000000000140       0x28 ./Core/Startup/startup_stm32f767zitx.o
 .debug_aranges
                0x0000000000000168      0x110 ./Drivers/STM32F7xx_HAL_Driver/Src/stm32f7xx_hal.o
 .debug_aranges
                0x0000000000000278      0x128 ./Drivers/STM32F7xx_HAL_Driver/Src/stm32f7xx_hal_cortex.o
 .debug_aranges
                0x00000000000003a0       0x90 ./Drivers/STM32F7xx_HAL_Driver/Src/stm32f7xx_hal_dma.o
 .debug_aranges
                0x0000000000000430      0x1e0 ./Drivers/STM32F7xx_HAL_Driver/Src/stm32f7xx_hal_eth.o
 .debug_aranges
                0x0000000000000610       0x58 ./Drivers/STM32F7xx_HAL_Driver/Src/stm32f7xx_hal_gpio.o
 .debug_aranges
                0x0000000000000668      0x148 ./Drivers/STM32F7xx_HAL_Driver/Src/stm32f7xx_hal_pcd.o
 .debug_aranges
                0x00000000000007b0       0x48 ./Drivers/STM32F7xx_HAL_Driver/Src/stm32f7xx_hal_pcd_ex.o
 .debug_aranges
                0x00000000000007f8       0xa0 ./Drivers/STM32F7xx_HAL_Driver/Src/stm32f7xx_hal_pwr.o
 .debug_aranges
                0x0000000000000898       0x80 ./Drivers/STM32F7xx_HAL_Driver/Src/stm32f7xx_hal_pwr_ex.o
 .debug_aranges
                0x0000000000000918       0x88 ./Drivers/STM32F7xx_HAL_Driver/Src/stm32f7xx_hal_rcc.o
 .debug_aranges
                0x00000000000009a0       0x50 ./Drivers/STM32F7xx_HAL_Driver/Src/stm32f7xx_hal_rcc_ex.o
 .debug_aranges
                0x00000000000009f0      0x230 ./Drivers/STM32F7xx_HAL_Driver/Src/stm32f7xx_hal_uart.o
 .debug_aranges
                0x0000000000000c20      0x1a0 ./Drivers/STM32F7xx_HAL_Driver/Src/stm32f7xx_ll_usb.o

.debug_rnglists
                0x0000000000000000      0xa92
 .debug_rnglists
                0x0000000000000000       0x46 ./Core/Src/main.o
 .debug_rnglists
                0x0000000000000046       0x3a ./Core/Src/stm32f7xx_hal_msp.o
 .debug_rnglists
                0x0000000000000080       0x49 ./Core/Src/stm32f7xx_it.o
 .debug_rnglists
                0x00000000000000c9       0x1a ./Core/Src/system_stm32f7xx.o
 .debug_rnglists
                0x00000000000000e3       0x19 ./Core/Startup/startup_stm32f767zitx.o
 .debug_rnglists
                0x00000000000000fc       0xc7 ./Drivers/STM32F7xx_HAL_Driver/Src/stm32f7xx_hal.o
 .debug_rnglists
                0x00000000000001c3       0xda ./Drivers/STM32F7xx_HAL_Driver/Src/stm32f7xx_hal_cortex.o
 .debug_rnglists
                0x000000000000029d       0x70 ./Drivers/STM32F7xx_HAL_Driver/Src/stm32f7xx_hal_dma.o
 .debug_rnglists
                0x000000000000030d      0x17d ./Drivers/STM32F7xx_HAL_Driver/Src/stm32f7xx_hal_eth.o
 .debug_rnglists
                0x000000000000048a       0x3f ./Drivers/STM32F7xx_HAL_Driver/Src/stm32f7xx_hal_gpio.o
 .debug_rnglists
                0x00000000000004c9       0xfa ./Drivers/STM32F7xx_HAL_Driver/Src/stm32f7xx_hal_pcd.o
 .debug_rnglists
                0x00000000000005c3       0x32 ./Drivers/STM32F7xx_HAL_Driver/Src/stm32f7xx_hal_pcd_ex.o
 .debug_rnglists
                0x00000000000005f5       0x74 ./Drivers/STM32F7xx_HAL_Driver/Src/stm32f7xx_hal_pwr.o
 .debug_rnglists
                0x0000000000000669       0x5f ./Drivers/STM32F7xx_HAL_Driver/Src/stm32f7xx_hal_pwr_ex.o
 .debug_rnglists
                0x00000000000006c8       0x67 ./Drivers/STM32F7xx_HAL_Driver/Src/stm32f7xx_hal_rcc.o
 .debug_rnglists
                0x000000000000072f       0x3c ./Drivers/STM32F7xx_HAL_Driver/Src/stm32f7xx_hal_rcc_ex.o
 .debug_rnglists
                0x000000000000076b      0x1e0 ./Drivers/STM32F7xx_HAL_Driver/Src/stm32f7xx_hal_uart.o
 .debug_rnglists
                0x000000000000094b      0x147 ./Drivers/STM32F7xx_HAL_Driver/Src/stm32f7xx_ll_usb.o

.debug_macro    0x0000000000000000    0x28841
 .debug_macro   0x0000000000000000      0x30e ./Core/Src/main.o
 .debug_macro   0x000000000000030e      0xac0 ./Core/Src/main.o
 .debug_macro   0x0000000000000dce      0x299 ./Core/Src/main.o
 .debug_macro   0x0000000000001067       0x2e ./Core/Src/main.o
 .debug_macro   0x0000000000001095       0x3b ./Core/Src/main.o
 .debug_macro   0x00000000000010d0       0x22 ./Core/Src/main.o
 .debug_macro   0x00000000000010f2       0x8e ./Core/Src/main.o
 .debug_macro   0x0000000000001180       0x51 ./Core/Src/main.o
 .debug_macro   0x00000000000011d1      0x103 ./Core/Src/main.o
 .debug_macro   0x00000000000012d4       0x6a ./Core/Src/main.o
 .debug_macro   0x000000000000133e      0x1df ./Core/Src/main.o
 .debug_macro   0x000000000000151d       0x1c ./Core/Src/main.o
 .debug_macro   0x0000000000001539       0x22 ./Core/Src/main.o
 .debug_macro   0x000000000000155b       0xd9 ./Core/Src/main.o
 .debug_macro   0x0000000000001634     0x12cd ./Core/Src/main.o
 .debug_macro   0x0000000000002901      0x11f ./Core/Src/main.o
 .debug_macro   0x0000000000002a20       0x19 ./Core/Src/main.o
 .debug_macro   0x0000000000002a39    0x1aa23 ./Core/Src/main.o
 .debug_macro   0x000000000001d45c       0x6d ./Core/Src/main.o
 .debug_macro   0x000000000001d4c9     0x3765 ./Core/Src/main.o
 .debug_macro   0x0000000000020c2e      0x174 ./Core/Src/main.o
 .debug_macro   0x0000000000020da2       0x63 ./Core/Src/main.o
 .debug_macro   0x0000000000020e05     0x1add ./Core/Src/main.o
 .debug_macro   0x00000000000228e2      0x6c4 ./Core/Src/main.o
 .debug_macro   0x0000000000022fa6      0x18b ./Core/Src/main.o
 .debug_macro   0x0000000000023131      0x115 ./Core/Src/main.o
 .debug_macro   0x0000000000023246      0x26e ./Core/Src/main.o
 .debug_macro   0x00000000000234b4       0xa5 ./Core/Src/main.o
 .debug_macro   0x0000000000023559      0x24f ./Core/Src/main.o
 .debug_macro   0x00000000000237a8       0x71 ./Core/Src/main.o
 .debug_macro   0x0000000000023819       0x58 ./Core/Src/main.o
 .debug_macro   0x0000000000023871      0x236 ./Core/Src/main.o
 .debug_macro   0x0000000000023aa7      0xb99 ./Core/Src/main.o
 .debug_macro   0x0000000000024640      0x14e ./Core/Src/main.o
 .debug_macro   0x000000000002478e      0x3db ./Core/Src/main.o
 .debug_macro   0x0000000000024b69       0x12 ./Core/Src/main.o
 .debug_macro   0x0000000000024b7b      0x22c ./Core/Src/main.o
 .debug_macro   0x0000000000024da7       0x61 ./Core/Src/main.o
 .debug_macro   0x0000000000024e08       0xa5 ./Core/Src/main.o
 .debug_macro   0x0000000000024ead      0x12e ./Core/Src/main.o
 .debug_macro   0x0000000000024fdb      0x108 ./Core/Src/main.o
 .debug_macro   0x00000000000250e3       0x35 ./Core/Src/main.o
 .debug_macro   0x0000000000025118      0x5ba ./Core/Src/main.o
 .debug_macro   0x00000000000256d2       0x44 ./Core/Src/main.o
 .debug_macro   0x0000000000025716      0x2cb ./Core/Src/main.o
 .debug_macro   0x00000000000259e1       0xba ./Core/Src/main.o
 .debug_macro   0x0000000000025a9b      0x15b ./Core/Src/main.o
 .debug_macro   0x0000000000025bf6      0x13c ./Core/Src/main.o
 .debug_macro   0x0000000000025d32       0x61 ./Core/Src/main.o
 .debug_macro   0x0000000000025d93       0x29 ./Core/Src/main.o
 .debug_macro   0x0000000000025dbc       0x43 ./Core/Src/main.o
 .debug_macro   0x0000000000025dff       0x34 ./Core/Src/main.o
 .debug_macro   0x0000000000025e33       0x16 ./Core/Src/main.o
 .debug_macro   0x0000000000025e49       0x43 ./Core/Src/main.o
 .debug_macro   0x0000000000025e8c       0x34 ./Core/Src/main.o
 .debug_macro   0x0000000000025ec0       0x10 ./Core/Src/main.o
 .debug_macro   0x0000000000025ed0       0x58 ./Core/Src/main.o
 .debug_macro   0x0000000000025f28       0x8e ./Core/Src/main.o
 .debug_macro   0x0000000000025fb6       0x1c ./Core/Src/main.o
 .debug_macro   0x0000000000025fd2      0x177 ./Core/Src/main.o
 .debug_macro   0x0000000000026149      0x369 ./Core/Src/main.o
 .debug_macro   0x00000000000264b2       0x10 ./Core/Src/main.o
 .debug_macro   0x00000000000264c2       0x35 ./Core/Src/main.o
 .debug_macro   0x00000000000264f7       0x20 ./Core/Src/main.o
 .debug_macro   0x0000000000026517       0x1c ./Core/Src/main.o
 .debug_macro   0x0000000000026533       0x10 ./Core/Src/main.o
 .debug_macro   0x0000000000026543       0x1c ./Core/Src/main.o
 .debug_macro   0x000000000002655f       0x16 ./Core/Src/main.o
 .debug_macro   0x0000000000026575      0x147 ./Core/Src/main.o
 .debug_macro   0x00000000000266bc      0x20c ./Core/Src/stm32f7xx_hal_msp.o
 .debug_macro   0x00000000000268c8      0x216 ./Core/Src/stm32f7xx_it.o
 .debug_macro   0x0000000000026ade      0x1fd ./Core/Src/system_stm32f7xx.o
 .debug_macro   0x0000000000026cdb      0x221 ./Drivers/STM32F7xx_HAL_Driver/Src/stm32f7xx_hal.o
 .debug_macro   0x0000000000026efc      0x1fd ./Drivers/STM32F7xx_HAL_Driver/Src/stm32f7xx_hal_cortex.o
 .debug_macro   0x00000000000270f9      0x203 ./Drivers/STM32F7xx_HAL_Driver/Src/stm32f7xx_hal_dma.o
 .debug_macro   0x00000000000272fc      0x2d7 ./Drivers/STM32F7xx_HAL_Driver/Src/stm32f7xx_hal_eth.o
 .debug_macro   0x00000000000275d3      0x203 ./Drivers/STM32F7xx_HAL_Driver/Src/stm32f7xx_hal_gpio.o
 .debug_macro   0x00000000000277d6      0x209 ./Drivers/STM32F7xx_HAL_Driver/Src/stm32f7xx_hal_pcd.o
 .debug_macro   0x00000000000279df      0x1fd ./Drivers/STM32F7xx_HAL_Driver/Src/stm32f7xx_hal_pcd_ex.o
 .debug_macro   0x0000000000027bdc      0x21b ./Drivers/STM32F7xx_HAL_Driver/Src/stm32f7xx_hal_pwr.o
 .debug_macro   0x0000000000027df7      0x215 ./Drivers/STM32F7xx_HAL_Driver/Src/stm32f7xx_hal_pwr_ex.o
 .debug_macro   0x000000000002800c      0x221 ./Drivers/STM32F7xx_HAL_Driver/Src/stm32f7xx_hal_rcc.o
 .debug_macro   0x000000000002822d      0x1fd ./Drivers/STM32F7xx_HAL_Driver/Src/stm32f7xx_hal_rcc_ex.o
 .debug_macro   0x000000000002842a      0x21a ./Drivers/STM32F7xx_HAL_Driver/Src/stm32f7xx_hal_uart.o
 .debug_macro   0x0000000000028644      0x1fd ./Drivers/STM32F7xx_HAL_Driver/Src/stm32f7xx_ll_usb.o

.debug_line     0x0000000000000000    0x11dd9
 .debug_line    0x0000000000000000      0xcca ./Core/Src/main.o
 .debug_line    0x0000000000000cca      0x9b0 ./Core/Src/stm32f7xx_hal_msp.o
 .debug_line    0x000000000000167a      0x921 ./Core/Src/stm32f7xx_it.o
 .debug_line    0x0000000000001f9b      0x8c6 ./Core/Src/system_stm32f7xx.o
 .debug_line    0x0000000000002861       0x7a ./Core/Startup/startup_stm32f767zitx.o
 .debug_line    0x00000000000028db      0xb87 ./Drivers/STM32F7xx_HAL_Driver/Src/stm32f7xx_hal.o
 .debug_line    0x0000000000003462      0xe0b ./Drivers/STM32F7xx_HAL_Driver/Src/stm32f7xx_hal_cortex.o
 .debug_line    0x000000000000426d     0x10a6 ./Drivers/STM32F7xx_HAL_Driver/Src/stm32f7xx_hal_dma.o
 .debug_line    0x0000000000005313     0x1af6 ./Drivers/STM32F7xx_HAL_Driver/Src/stm32f7xx_hal_eth.o
 .debug_line    0x0000000000006e09      0xcd1 ./Drivers/STM32F7xx_HAL_Driver/Src/stm32f7xx_hal_gpio.o
 .debug_line    0x0000000000007ada     0x156f ./Drivers/STM32F7xx_HAL_Driver/Src/stm32f7xx_hal_pcd.o
 .debug_line    0x0000000000009049      0x958 ./Drivers/STM32F7xx_HAL_Driver/Src/stm32f7xx_hal_pcd_ex.o
 .debug_line    0x00000000000099a1      0xa5d ./Drivers/STM32F7xx_HAL_Driver/Src/stm32f7xx_hal_pwr.o
 .debug_line    0x000000000000a3fe      0xac3 ./Drivers/STM32F7xx_HAL_Driver/Src/stm32f7xx_hal_pwr_ex.o
 .debug_line    0x000000000000aec1      0xfc6 ./Drivers/STM32F7xx_HAL_Driver/Src/stm32f7xx_hal_rcc.o
 .debug_line    0x000000000000be87      0xf9d ./Drivers/STM32F7xx_HAL_Driver/Src/stm32f7xx_hal_rcc_ex.o
 .debug_line    0x000000000000ce24     0x32c4 ./Drivers/STM32F7xx_HAL_Driver/Src/stm32f7xx_hal_uart.o
 .debug_line    0x00000000000100e8     0x1cf1 ./Drivers/STM32F7xx_HAL_Driver/Src/stm32f7xx_ll_usb.o

.debug_str      0x0000000000000000    0xf9705
 .debug_str     0x0000000000000000    0xf4f23 ./Core/Src/main.o
                                      0xf5712 (size before relaxing)
 .debug_str     0x00000000000f4f23      0x9a7 ./Core/Src/stm32f7xx_hal_msp.o
                                      0xf253a (size before relaxing)
 .debug_str     0x00000000000f58ca       0xef ./Core/Src/stm32f7xx_it.o
                                      0xf1183 (size before relaxing)
 .debug_str     0x00000000000f59b9      0x190 ./Core/Src/system_stm32f7xx.o
                                      0xf09cf (size before relaxing)
 .debug_str     0x00000000000f5b49       0x34 ./Core/Startup/startup_stm32f767zitx.o
                                         0x74 (size before relaxing)
 .debug_str     0x00000000000f5b7d      0x447 ./Drivers/STM32F7xx_HAL_Driver/Src/stm32f7xx_hal.o
                                      0xf140f (size before relaxing)
 .debug_str     0x00000000000f5fc4      0x34f ./Drivers/STM32F7xx_HAL_Driver/Src/stm32f7xx_hal_cortex.o
                                      0xf13f1 (size before relaxing)
 .debug_str     0x00000000000f6313      0x322 ./Drivers/STM32F7xx_HAL_Driver/Src/stm32f7xx_hal_dma.o
                                      0xf0d0e (size before relaxing)
 .debug_str     0x00000000000f6635     0x1222 ./Drivers/STM32F7xx_HAL_Driver/Src/stm32f7xx_hal_eth.o
                                      0xf21f0 (size before relaxing)
 .debug_str     0x00000000000f7857       0xd5 ./Drivers/STM32F7xx_HAL_Driver/Src/stm32f7xx_hal_gpio.o
                                      0xf0a8d (size before relaxing)
 .debug_str     0x00000000000f792c      0x81d ./Drivers/STM32F7xx_HAL_Driver/Src/stm32f7xx_hal_pcd.o
                                      0xf1408 (size before relaxing)
 .debug_str     0x00000000000f8149      0x12d ./Drivers/STM32F7xx_HAL_Driver/Src/stm32f7xx_hal_pcd_ex.o
                                      0xf0d0a (size before relaxing)
 .debug_str     0x00000000000f8276      0x2ac ./Drivers/STM32F7xx_HAL_Driver/Src/stm32f7xx_hal_pwr.o
                                      0xf0c70 (size before relaxing)
 .debug_str     0x00000000000f8522      0x1bd ./Drivers/STM32F7xx_HAL_Driver/Src/stm32f7xx_hal_pwr_ex.o
                                      0xf0c3e (size before relaxing)
 .debug_str     0x00000000000f86df      0x245 ./Drivers/STM32F7xx_HAL_Driver/Src/stm32f7xx_hal_rcc.o
                                      0xf0d4a (size before relaxing)
 .debug_str     0x00000000000f8924      0x13f ./Drivers/STM32F7xx_HAL_Driver/Src/stm32f7xx_hal_rcc_ex.o
                                      0xf0cad (size before relaxing)
 .debug_str     0x00000000000f8a63      0x7f7 ./Drivers/STM32F7xx_HAL_Driver/Src/stm32f7xx_hal_uart.o
                                      0xf1698 (size before relaxing)
 .debug_str     0x00000000000f925a      0x4ab ./Drivers/STM32F7xx_HAL_Driver/Src/stm32f7xx_ll_usb.o
                                      0xf12e5 (size before relaxing)

.debug_frame    0x0000000000000000     0x3954
 .debug_frame   0x0000000000000000      0x12c ./Core/Src/main.o
 .debug_frame   0x000000000000012c      0x118 ./Core/Src/stm32f7xx_hal_msp.o
 .debug_frame   0x0000000000000244      0x120 ./Core/Src/stm32f7xx_it.o
 .debug_frame   0x0000000000000364       0x58 ./Core/Src/system_stm32f7xx.o
 .debug_frame   0x00000000000003bc      0x3f4 ./Drivers/STM32F7xx_HAL_Driver/Src/stm32f7xx_hal.o
 .debug_frame   0x00000000000007b0      0x4e8 ./Drivers/STM32F7xx_HAL_Driver/Src/stm32f7xx_hal_cortex.o
 .debug_frame   0x0000000000000c98      0x250 ./Drivers/STM32F7xx_HAL_Driver/Src/stm32f7xx_hal_dma.o
 .debug_frame   0x0000000000000ee8      0x898 ./Drivers/STM32F7xx_HAL_Driver/Src/stm32f7xx_hal_eth.o
 .debug_frame   0x0000000000001780      0x14c ./Drivers/STM32F7xx_HAL_Driver/Src/stm32f7xx_hal_gpio.o
 .debug_frame   0x00000000000018cc      0x5b8 ./Drivers/STM32F7xx_HAL_Driver/Src/stm32f7xx_hal_pcd.o
 .debug_frame   0x0000000000001e84      0x100 ./Drivers/STM32F7xx_HAL_Driver/Src/stm32f7xx_hal_pcd_ex.o
 .debug_frame   0x0000000000001f84      0x254 ./Drivers/STM32F7xx_HAL_Driver/Src/stm32f7xx_hal_pwr.o
 .debug_frame   0x00000000000021d8      0x1c8 ./Drivers/STM32F7xx_HAL_Driver/Src/stm32f7xx_hal_pwr_ex.o
 .debug_frame   0x00000000000023a0      0x1f8 ./Drivers/STM32F7xx_HAL_Driver/Src/stm32f7xx_hal_rcc.o
 .debug_frame   0x0000000000002598      0x118 ./Drivers/STM32F7xx_HAL_Driver/Src/stm32f7xx_hal_rcc_ex.o
 .debug_frame   0x00000000000026b0      0xa10 ./Drivers/STM32F7xx_HAL_Driver/Src/stm32f7xx_hal_uart.o
 .debug_frame   0x00000000000030c0      0x7c0 ./Drivers/STM32F7xx_HAL_Driver/Src/stm32f7xx_ll_usb.o
 .debug_frame   0x0000000000003880       0x20 C:/Program Files (x86)/STM32CubeIDE_1.14.0/STM32CubeIDE/plugins/com.st.stm32cube.ide.mcu.externaltools.gnu-tools-for-stm32.11.3.rel1.win32_1.1.100.202309141235/tools/bin/../lib/gcc/arm-none-eabi/11.3.1/../../../../arm-none-eabi/lib/thumb/v7e-m+dp/hard\libc_nano.a(libc_a-memset.o)
 .debug_frame   0x00000000000038a0       0x2c C:/Program Files (x86)/STM32CubeIDE_1.14.0/STM32CubeIDE/plugins/com.st.stm32cube.ide.mcu.externaltools.gnu-tools-for-stm32.11.3.rel1.win32_1.1.100.202309141235/tools/bin/../lib/gcc/arm-none-eabi/11.3.1/../../../../arm-none-eabi/lib/thumb/v7e-m+dp/hard\libc_nano.a(libc_a-init.o)
 .debug_frame   0x00000000000038cc       0x28 C:/Program Files (x86)/STM32CubeIDE_1.14.0/STM32CubeIDE/plugins/com.st.stm32cube.ide.mcu.externaltools.gnu-tools-for-stm32.11.3.rel1.win32_1.1.100.202309141235/tools/bin/../lib/gcc/arm-none-eabi/11.3.1/../../../../arm-none-eabi/lib/thumb/v7e-m+dp/hard\libc_nano.a(libc_a-memcpy-stub.o)
 .debug_frame   0x00000000000038f4       0x2c C:/Program Files (x86)/STM32CubeIDE_1.14.0/STM32CubeIDE/plugins/com.st.stm32cube.ide.mcu.externaltools.gnu-tools-for-stm32.11.3.rel1.win32_1.1.100.202309141235/tools/bin/../lib/gcc/arm-none-eabi/11.3.1/thumb/v7e-m+dp/hard\libgcc.a(_aeabi_uldivmod.o)
 .debug_frame   0x0000000000003920       0x34 C:/Program Files (x86)/STM32CubeIDE_1.14.0/STM32CubeIDE/plugins/com.st.stm32cube.ide.mcu.externaltools.gnu-tools-for-stm32.11.3.rel1.win32_1.1.100.202309141235/tools/bin/../lib/gcc/arm-none-eabi/11.3.1/thumb/v7e-m+dp/hard\libgcc.a(_udivmoddi4.o)

.debug_line_str
                0x0000000000000000       0x68
 .debug_line_str
                0x0000000000000000       0x68 ./Core/Startup/startup_stm32f767zitx.o
                                         0x80 (size before relaxing)
