../Drivers/CMSIS/Include/core_cm7.h:2229:22:SCB_EnableICache	4	static,ignoring_inline_asm
../Drivers/CMSIS/Include/core_cm7.h:2281:22:SCB_EnableDCache	24	static,ignoring_inline_asm
../Core/Src/main.c:90:5:main	8	static
../Core/Src/main.c:157:6:SystemClock_Config	88	static
../Core/Src/main.c:211:13:MX_TIM1_Init	40	static
../Core/Src/main.c:258:13:MX_GPIO_Init	56	static
../Core/Src/main.c:332:6:HAL_TIM_PeriodElapsedCallback	16	static
../Core/Src/main.c:339:6:udp_client_connect	24	static
../Core/Src/main.c:375:13:udp_client_send	120	static
../Core/Src/main.c:399:6:udp_receive_callback	24	static
../Core/Src/main.c:417:6:MPU_Config	24	static
../Core/Src/main.c:448:6:Error_Handler	4	static,ignoring_inline_asm
