../Drivers/CMSIS/Include/core_cm7.h:2229:22:SCB_EnableICache	4	static,ignoring_inline_asm
../Drivers/CMSIS/Include/core_cm7.h:2281:22:SCB_EnableDCache	24	static,ignoring_inline_asm
../Core/Src/main.c:90:5:main	8	static
../Core/Src/main.c:159:6:SystemClock_Config	88	static
../Core/Src/main.c:213:13:MX_TIM1_Init	40	static
../Core/Src/main.c:260:13:MX_GPIO_Init	56	static
../Core/Src/main.c:334:6:HAL_TIM_PeriodElapsedCallback	16	static
../Core/Src/main.c:343:6:udp_client_connect	24	static
../Core/Src/main.c:385:13:udp_client_send	120	static
../Core/Src/main.c:409:6:udp_receive_callback	24	static
../Core/Src/main.c:429:6:MPU_Config	24	static
../Core/Src/main.c:460:6:Error_Handler	4	static,ignoring_inline_asm
