../Core/Src/main.c:119:5:main	8	static
../Core/Src/main.c:206:6:SystemClock_Config	88	static
../Core/Src/main.c:257:13:MX_ETH_Init	8	static
../Core/Src/main.c:306:13:MX_USART3_UART_Init	8	static
../Core/Src/main.c:341:13:MX_USB_OTG_FS_PCD_Init	8	static
../Core/Src/main.c:376:13:MX_GPIO_Init	56	static
../Core/Src/main.c:440:6:StartDefaultTask	40	static
../Core/Src/main.c:469:6:task02_init	40	static
../Core/Src/main.c:516:6:HAL_TIM_PeriodElapsedCallback	16	static
../Core/Src/main.c:533:6:Error_Handler	4	static,ignoring_inline_asm
