../Drivers/CMSIS/Include/core_cm7.h:2229:22:SCB_EnableICache	4	static,ignoring_inline_asm
../Drivers/CMSIS/Include/core_cm7.h:2281:22:SCB_EnableDCache	24	static,ignoring_inline_asm
../Core/Src/main.c:130:5:main	16	static
../Core/Src/main.c:263:6:SystemClock_Config	88	static
../Core/Src/main.c:317:13:MX_I2C1_Init	8	static
../Core/Src/main.c:365:13:MX_TIM1_Init	40	static
../Core/Src/main.c:412:13:MX_TIM2_Init	48	static
../Core/Src/main.c:465:13:MX_TIM3_Init	48	static
../Core/Src/main.c:526:13:MX_TIM4_Init	48	static
../Core/Src/main.c:587:13:MX_TIM10_Init	40	static
../Core/Src/main.c:633:13:MX_TIM13_Init	8	static
../Core/Src/main.c:664:13:MX_USART3_UART_Init	8	static
../Core/Src/main.c:699:13:MX_GPIO_Init	56	static
../Core/Src/main.c:771:6:HAL_TIM_PeriodElapsedCallback	16	static
../Core/Src/main.c:790:6:udp_client_connect	24	static
../Core/Src/main.c:817:13:udp_client_send	120	static
../Core/Src/main.c:840:6:udp_receive_callback	80	static
../Core/Src/main.c:884:6:MPU_Config	24	static
../Core/Src/main.c:915:6:Error_Handler	4	static,ignoring_inline_asm
