../Drivers/CMSIS/Include/core_cm7.h:2229:22:SCB_EnableICache	1
../Drivers/CMSIS/Include/core_cm7.h:2281:22:SCB_EnableDCache	3
../Core/Src/main.c:130:5:main	1
../Core/Src/main.c:263:6:SystemClock_Config	4
../Core/Src/main.c:317:13:MX_I2C1_Init	4
../Core/Src/main.c:365:13:MX_TIM1_Init	4
../Core/Src/main.c:412:13:MX_TIM2_Init	5
../Core/Src/main.c:465:13:MX_TIM3_Init	7
../Core/Src/main.c:526:13:MX_TIM4_Init	7
../Core/Src/main.c:587:13:MX_TIM10_Init	4
../Core/Src/main.c:633:13:MX_TIM13_Init	2
../Core/Src/main.c:664:13:MX_USART3_UART_Init	2
../Core/Src/main.c:699:13:MX_GPIO_Init	1
../Core/Src/main.c:771:6:HAL_TIM_PeriodElapsedCallback	1
../Core/Src/main.c:790:6:udp_client_connect	2
../Core/Src/main.c:817:13:udp_client_send	2
../Core/Src/main.c:840:6:udp_receive_callback	4
../Core/Src/main.c:884:6:MPU_Config	1
../Core/Src/main.c:915:6:Error_Handler	1
