../Drivers/CMSIS/Include/core_cm7.h:2229:22:SCB_EnableICache	1
../Drivers/CMSIS/Include/core_cm7.h:2281:22:SCB_EnableDCache	3
../Core/Src/main.c:142:5:main	1
../Core/Src/main.c:296:6:SystemClock_Config	4
../Core/Src/main.c:350:13:MX_I2C1_Init	4
../Core/Src/main.c:398:13:MX_TIM1_Init	4
../Core/Src/main.c:445:13:MX_TIM2_Init	5
../Core/Src/main.c:498:13:MX_TIM3_Init	7
../Core/Src/main.c:559:13:MX_TIM4_Init	7
../Core/Src/main.c:620:13:MX_TIM10_Init	4
../Core/Src/main.c:666:13:MX_TIM13_Init	2
../Core/Src/main.c:697:13:MX_USART3_UART_Init	2
../Core/Src/main.c:732:13:MX_GPIO_Init	1
../Core/Src/main.c:804:6:HAL_TIM_PeriodElapsedCallback	1
../Core/Src/main.c:820:6:udp_client_connect	2
../Core/Src/main.c:847:13:udp_client_send	2
../Core/Src/main.c:870:6:udp_receive_callback	4
../Core/Src/main.c:920:6:MPU_Config	1
../Core/Src/main.c:951:6:Error_Handler	1
