../Drivers/CMSIS/Include/core_cm7.h:2229:22:SCB_EnableICache	1
../Drivers/CMSIS/Include/core_cm7.h:2281:22:SCB_EnableDCache	3
../Core/Src/main.c:120:5:main	1
../Core/Src/main.c:239:6:SystemClock_Config	4
../Core/Src/main.c:293:13:MX_I2C1_Init	4
../Core/Src/main.c:341:13:MX_TIM1_Init	4
../Core/Src/main.c:388:13:MX_TIM2_Init	5
../Core/Src/main.c:441:13:MX_TIM10_Init	4
../Core/Src/main.c:487:13:MX_TIM13_Init	2
../Core/Src/main.c:518:13:MX_USART3_UART_Init	2
../Core/Src/main.c:553:13:MX_GPIO_Init	1
../Core/Src/main.c:625:6:HAL_TIM_PeriodElapsedCallback	1
../Core/Src/main.c:632:6:udp_client_connect	2
../Core/Src/main.c:671:13:udp_client_send	2
../Core/Src/main.c:694:6:udp_receive_callback	4
../Core/Src/main.c:741:6:MPU_Config	1
../Core/Src/main.c:772:6:Error_Handler	1
