../Drivers/CMSIS/Include/core_cm7.h:2229:22:SCB_EnableICache	4	static,ignoring_inline_asm
../Drivers/CMSIS/Include/core_cm7.h:2281:22:SCB_EnableDCache	24	static,ignoring_inline_asm
../Core/Src/main.c:125:5:main	16	static
../Core/Src/main.c:244:6:SystemClock_Config	88	static
../Core/Src/main.c:298:13:MX_I2C1_Init	8	static
../Core/Src/main.c:346:13:MX_TIM1_Init	40	static
../Core/Src/main.c:393:13:MX_TIM2_Init	48	static
../Core/Src/main.c:446:13:MX_TIM10_Init	40	static
../Core/Src/main.c:492:13:MX_TIM13_Init	8	static
../Core/Src/main.c:523:13:MX_USART3_UART_Init	8	static
../Core/Src/main.c:558:13:MX_GPIO_Init	56	static
../Core/Src/main.c:630:6:HAL_TIM_PeriodElapsedCallback	16	static
../Core/Src/main.c:637:6:udp_client_connect	24	static
../Core/Src/main.c:676:13:udp_client_send	120	static
../Core/Src/main.c:699:6:udp_receive_callback	88	static
../Core/Src/main.c:750:6:MPU_Config	24	static
../Core/Src/main.c:781:6:Error_Handler	4	static,ignoring_inline_asm
