../Drivers/CMSIS/Include/core_cm7.h:2229:22:SCB_EnableICache	1
../Drivers/CMSIS/Include/core_cm7.h:2281:22:SCB_EnableDCache	3
../Core/Src/main.c:125:5:main	1
../Core/Src/main.c:244:6:SystemClock_Config	4
../Core/Src/main.c:298:13:MX_I2C1_Init	4
../Core/Src/main.c:346:13:MX_TIM1_Init	4
../Core/Src/main.c:393:13:MX_TIM2_Init	5
../Core/Src/main.c:446:13:MX_TIM10_Init	4
../Core/Src/main.c:492:13:MX_TIM13_Init	2
../Core/Src/main.c:523:13:MX_USART3_UART_Init	2
../Core/Src/main.c:558:13:MX_GPIO_Init	1
../Core/Src/main.c:630:6:HAL_TIM_PeriodElapsedCallback	1
../Core/Src/main.c:637:6:udp_client_connect	2
../Core/Src/main.c:676:13:udp_client_send	2
../Core/Src/main.c:699:6:udp_receive_callback	4
../Core/Src/main.c:750:6:MPU_Config	1
../Core/Src/main.c:781:6:Error_Handler	1
