../Drivers/CMSIS/Include/core_cm7.h:2229:22:SCB_EnableICache	4	static,ignoring_inline_asm
../Drivers/CMSIS/Include/core_cm7.h:2281:22:SCB_EnableDCache	24	static,ignoring_inline_asm
../Core/Src/main.c:128:5:main	8	static
../Core/Src/main.c:226:6:SystemClock_Config	88	static
../Core/Src/main.c:280:13:MX_TIM1_Init	40	static
../Core/Src/main.c:327:13:MX_TIM2_Init	48	static
../Core/Src/main.c:380:13:MX_TIM10_Init	40	static
../Core/Src/main.c:426:13:MX_TIM13_Init	8	static
../Core/Src/main.c:457:13:MX_USART3_UART_Init	8	static
../Core/Src/main.c:492:13:MX_GPIO_Init	56	static
../Core/Src/main.c:564:6:HAL_TIM_PeriodElapsedCallback	16	static
../Core/Src/main.c:610:6:udp_client_connect	24	static
../Core/Src/main.c:645:13:udp_client_send	120	static
../Core/Src/main.c:668:6:udp_receive_callback	80	static
../Core/Src/main.c:723:6:MPU_Config	24	static
../Core/Src/main.c:754:6:Error_Handler	4	static,ignoring_inline_asm
