../Drivers/CMSIS/Include/core_cm7.h:2229:22:SCB_EnableICache	1
../Drivers/CMSIS/Include/core_cm7.h:2281:22:SCB_EnableDCache	3
../Core/Src/main.c:129:6:HAL_TIM_IC_CaptureCallback	1
../Core/Src/main.c:140:5:main	1
../Core/Src/main.c:259:6:SystemClock_Config	4
../Core/Src/main.c:313:13:MX_TIM1_Init	4
../Core/Src/main.c:360:13:MX_TIM2_Init	5
../Core/Src/main.c:413:13:MX_TIM3_Init	3
../Core/Src/main.c:462:13:MX_TIM10_Init	4
../Core/Src/main.c:508:13:MX_TIM13_Init	2
../Core/Src/main.c:539:13:MX_USART3_UART_Init	2
../Core/Src/main.c:574:13:MX_GPIO_Init	1
../Core/Src/main.c:644:6:HAL_TIM_PeriodElapsedCallback	1
../Core/Src/main.c:669:6:udp_client_connect	2
../Core/Src/main.c:708:13:udp_client_send	2
../Core/Src/main.c:731:6:udp_receive_callback	4
../Core/Src/main.c:778:6:MPU_Config	1
../Core/Src/main.c:809:6:Error_Handler	1
