../Drivers/CMSIS/Include/core_cm7.h:2229:22:SCB_EnableICache	1
../Drivers/CMSIS/Include/core_cm7.h:2281:22:SCB_EnableDCache	3
../Core/Src/main.c:127:5:main	1
../Core/Src/main.c:237:6:SystemClock_Config	4
../Core/Src/main.c:291:13:MX_TIM1_Init	4
../Core/Src/main.c:338:13:MX_TIM2_Init	5
../Core/Src/main.c:391:13:MX_TIM10_Init	4
../Core/Src/main.c:437:13:MX_TIM13_Init	2
../Core/Src/main.c:468:13:MX_USART3_UART_Init	2
../Core/Src/main.c:503:13:MX_GPIO_Init	1
../Core/Src/main.c:575:6:HAL_TIM_PeriodElapsedCallback	5
../Core/Src/main.c:615:6:udp_client_connect	2
../Core/Src/main.c:654:13:udp_client_send	2
../Core/Src/main.c:677:6:udp_receive_callback	4
../Core/Src/main.c:724:6:MPU_Config	1
../Core/Src/main.c:755:6:Error_Handler	1
