../Core/Src/main.c:108:6:Start_Sensor_Chain	1
../Core/Src/main.c:117:10:Read_ADC_Channel	5
../Core/Src/main.c:155:6:Print_All_Distances	1
../Core/Src/main.c:178:5:main	4
../Core/Src/main.c:253:6:SystemClock_Config	4
../Core/Src/main.c:312:13:MX_ADC1_Init	4
../Core/Src/main.c:362:13:MX_ETH_Init	2
../Core/Src/main.c:411:13:MX_USART2_UART_Init	2
../Core/Src/main.c:446:13:MX_USART3_UART_Init	2
../Core/Src/main.c:481:13:MX_USB_OTG_FS_PCD_Init	2
../Core/Src/main.c:516:13:MX_GPIO_Init	1
../Core/Src/main.c:584:6:Error_Handler	1
