../Core/Src/main.c:108:6:Start_Sensor_Chain	8	static
../Core/Src/main.c:117:10:Read_ADC_Channel	32	static
../Core/Src/main.c:155:6:Print_All_Distances	216	static
../Core/Src/main.c:178:5:main	40	static
../Core/Src/main.c:253:6:SystemClock_Config	88	static
../Core/Src/main.c:312:13:MX_ADC1_Init	24	static
../Core/Src/main.c:362:13:MX_ETH_Init	8	static
../Core/Src/main.c:411:13:MX_USART2_UART_Init	8	static
../Core/Src/main.c:446:13:MX_USART3_UART_Init	8	static
../Core/Src/main.c:481:13:MX_USB_OTG_FS_PCD_Init	8	static
../Core/Src/main.c:516:13:MX_GPIO_Init	56	static
../Core/Src/main.c:584:6:Error_Handler	4	static,ignoring_inline_asm
