Archive member included to satisfy reference by file (symbol)

C:/Program Files (x86)/STM32CubeIDE_1.14.0/STM32CubeIDE/plugins/com.st.stm32cube.ide.mcu.externaltools.gnu-tools-for-stm32.11.3.rel1.win32_1.1.100.202309141235/tools/bin/../lib/gcc/arm-none-eabi/11.3.1/../../../../arm-none-eabi/lib/thumb/v7e-m+dp/hard\libc_nano.a(libc_a-exit.o)
                              C:/Program Files (x86)/STM32CubeIDE_1.14.0/STM32CubeIDE/plugins/com.st.stm32cube.ide.mcu.externaltools.gnu-tools-for-stm32.11.3.rel1.win32_1.1.100.202309141235/tools/bin/../lib/gcc/arm-none-eabi/11.3.1/../../../../arm-none-eabi/lib/thumb/v7e-m+dp/hard/crt0.o (exit)
C:/Program Files (x86)/STM32CubeIDE_1.14.0/STM32CubeIDE/plugins/com.st.stm32cube.ide.mcu.externaltools.gnu-tools-for-stm32.11.3.rel1.win32_1.1.100.202309141235/tools/bin/../lib/gcc/arm-none-eabi/11.3.1/../../../../arm-none-eabi/lib/thumb/v7e-m+dp/hard\libc_nano.a(libc_a-findfp.o)
                              C:/Program Files (x86)/STM32CubeIDE_1.14.0/STM32CubeIDE/plugins/com.st.stm32cube.ide.mcu.externaltools.gnu-tools-for-stm32.11.3.rel1.win32_1.1.100.202309141235/tools/bin/../lib/gcc/arm-none-eabi/11.3.1/../../../../arm-none-eabi/lib/thumb/v7e-m+dp/hard\libc_nano.a(libc_a-exit.o) (__stdio_exit_handler)
C:/Program Files (x86)/STM32CubeIDE_1.14.0/STM32CubeIDE/plugins/com.st.stm32cube.ide.mcu.externaltools.gnu-tools-for-stm32.11.3.rel1.win32_1.1.100.202309141235/tools/bin/../lib/gcc/arm-none-eabi/11.3.1/../../../../arm-none-eabi/lib/thumb/v7e-m+dp/hard\libc_nano.a(libc_a-fwalk.o)
                              C:/Program Files (x86)/STM32CubeIDE_1.14.0/STM32CubeIDE/plugins/com.st.stm32cube.ide.mcu.externaltools.gnu-tools-for-stm32.11.3.rel1.win32_1.1.100.202309141235/tools/bin/../lib/gcc/arm-none-eabi/11.3.1/../../../../arm-none-eabi/lib/thumb/v7e-m+dp/hard\libc_nano.a(libc_a-findfp.o) (_fwalk_sglue)
C:/Program Files (x86)/STM32CubeIDE_1.14.0/STM32CubeIDE/plugins/com.st.stm32cube.ide.mcu.externaltools.gnu-tools-for-stm32.11.3.rel1.win32_1.1.100.202309141235/tools/bin/../lib/gcc/arm-none-eabi/11.3.1/../../../../arm-none-eabi/lib/thumb/v7e-m+dp/hard\libc_nano.a(libc_a-stdio.o)
                              C:/Program Files (x86)/STM32CubeIDE_1.14.0/STM32CubeIDE/plugins/com.st.stm32cube.ide.mcu.externaltools.gnu-tools-for-stm32.11.3.rel1.win32_1.1.100.202309141235/tools/bin/../lib/gcc/arm-none-eabi/11.3.1/../../../../arm-none-eabi/lib/thumb/v7e-m+dp/hard\libc_nano.a(libc_a-findfp.o) (__sread)
C:/Program Files (x86)/STM32CubeIDE_1.14.0/STM32CubeIDE/plugins/com.st.stm32cube.ide.mcu.externaltools.gnu-tools-for-stm32.11.3.rel1.win32_1.1.100.202309141235/tools/bin/../lib/gcc/arm-none-eabi/11.3.1/../../../../arm-none-eabi/lib/thumb/v7e-m+dp/hard\libc_nano.a(libc_a-memset.o)
                              C:/Program Files (x86)/STM32CubeIDE_1.14.0/STM32CubeIDE/plugins/com.st.stm32cube.ide.mcu.externaltools.gnu-tools-for-stm32.11.3.rel1.win32_1.1.100.202309141235/tools/bin/../lib/gcc/arm-none-eabi/11.3.1/../../../../arm-none-eabi/lib/thumb/v7e-m+dp/hard/crt0.o (memset)
C:/Program Files (x86)/STM32CubeIDE_1.14.0/STM32CubeIDE/plugins/com.st.stm32cube.ide.mcu.externaltools.gnu-tools-for-stm32.11.3.rel1.win32_1.1.100.202309141235/tools/bin/../lib/gcc/arm-none-eabi/11.3.1/../../../../arm-none-eabi/lib/thumb/v7e-m+dp/hard\libc_nano.a(libc_a-closer.o)
                              C:/Program Files (x86)/STM32CubeIDE_1.14.0/STM32CubeIDE/plugins/com.st.stm32cube.ide.mcu.externaltools.gnu-tools-for-stm32.11.3.rel1.win32_1.1.100.202309141235/tools/bin/../lib/gcc/arm-none-eabi/11.3.1/../../../../arm-none-eabi/lib/thumb/v7e-m+dp/hard\libc_nano.a(libc_a-stdio.o) (_close_r)
C:/Program Files (x86)/STM32CubeIDE_1.14.0/STM32CubeIDE/plugins/com.st.stm32cube.ide.mcu.externaltools.gnu-tools-for-stm32.11.3.rel1.win32_1.1.100.202309141235/tools/bin/../lib/gcc/arm-none-eabi/11.3.1/../../../../arm-none-eabi/lib/thumb/v7e-m+dp/hard\libc_nano.a(libc_a-reent.o)
                              C:/Program Files (x86)/STM32CubeIDE_1.14.0/STM32CubeIDE/plugins/com.st.stm32cube.ide.mcu.externaltools.gnu-tools-for-stm32.11.3.rel1.win32_1.1.100.202309141235/tools/bin/../lib/gcc/arm-none-eabi/11.3.1/../../../../arm-none-eabi/lib/thumb/v7e-m+dp/hard\libc_nano.a(libc_a-closer.o) (errno)
C:/Program Files (x86)/STM32CubeIDE_1.14.0/STM32CubeIDE/plugins/com.st.stm32cube.ide.mcu.externaltools.gnu-tools-for-stm32.11.3.rel1.win32_1.1.100.202309141235/tools/bin/../lib/gcc/arm-none-eabi/11.3.1/../../../../arm-none-eabi/lib/thumb/v7e-m+dp/hard\libc_nano.a(libc_a-impure.o)
                              C:/Program Files (x86)/STM32CubeIDE_1.14.0/STM32CubeIDE/plugins/com.st.stm32cube.ide.mcu.externaltools.gnu-tools-for-stm32.11.3.rel1.win32_1.1.100.202309141235/tools/bin/../lib/gcc/arm-none-eabi/11.3.1/../../../../arm-none-eabi/lib/thumb/v7e-m+dp/hard\libc_nano.a(libc_a-reent.o) (_impure_ptr)
[...]
Memory Configuration

Name             Origin             Length             Attributes
RAM              0x0000000020000000 0x0000000000080000 xrw
FLASH            0x0000000008000000 0x0000000000200000 xr
*default*        0x0000000000000000 0xffffffffffffffff

Linker script and memory map

LOAD C:/Program Files (x86)/STM32CubeIDE_1.14.0/STM32CubeIDE/plugins/com.st.stm32cube.ide.mcu.externaltools.gnu-tools-for-stm32.11.3.rel1.win32_1.1.100.202309141235/tools/bin/../lib/gcc/arm-none-eabi/11.3.1/thumb/v7e-m+dp/hard/crti.o
LOAD C:/Program Files (x86)/STM32CubeIDE_1.14.0/STM32CubeIDE/plugins/com.st.stm32cube.ide.mcu.externaltools.gnu-tools-for-stm32.11.3.rel1.win32_1.1.100.202309141235/tools/bin/../lib/gcc/arm-none-eabi/11.3.1/thumb/v7e-m+dp/hard/crtbegin.o
LOAD C:/Program Files (x86)/STM32CubeIDE_1.14.0/STM32CubeIDE/plugins/com.st.stm32cube.ide.mcu.externaltools.gnu-tools-for-stm32.11.3.rel1.win32_1.1.100.202309141235/tools/bin/../lib/gcc/arm-none-eabi/11.3.1/../../../../arm-none-eabi/lib/thumb/v7e-m+dp/hard/crt0.o
LOAD ./Core/Src/main.o
LOAD ./Core/Src/stm32f7xx_hal_msp.o
LOAD ./Core/Src/stm32f7xx_it.o
LOAD ./Core/Src/syscalls.o
LOAD ./Core/Src/sysmem.o
LOAD ./Core/Src/system_stm32f7xx.o
LOAD ./Core/Startup/startup_stm32f767zitx.o
LOAD ./Drivers/STM32F7xx_HAL_Driver/Src/stm32f7xx_hal.o
LOAD ./Drivers/STM32F7xx_HAL_Driver/Src/stm32f7xx_hal_cortex.o
LOAD ./Drivers/STM32F7xx_HAL_Driver/Src/stm32f7xx_hal_dma.o
LOAD ./Drivers/STM32F7xx_HAL_Driver/Src/stm32f7xx_hal_dma_ex.o
LOAD ./Drivers/STM32F7xx_HAL_Driver/Src/stm32f7xx_hal_exti.o
LOAD ./Drivers/STM32F7xx_HAL_Driver/Src/stm32f7xx_hal_flash.o
LOAD ./Drivers/STM32F7xx_HAL_Driver/Src/stm32f7xx_hal_flash_ex.o
LOAD ./Drivers/STM32F7xx_HAL_Driver/Src/stm32f7xx_hal_gpio.o
LOAD ./Drivers/STM32F7xx_HAL_Driver/Src/stm32f7xx_hal_i2c.o
LOAD ./Drivers/STM32F7xx_HAL_Driver/Src/stm32f7xx_hal_i2c_ex.o
LOAD ./Drivers/STM32F7xx_HAL_Driver/Src/stm32f7xx_hal_pwr.o
LOAD ./Drivers/STM32F7xx_HAL_Driver/Src/stm32f7xx_hal_pwr_ex.o
LOAD ./Drivers/STM32F7xx_HAL_Driver/Src/stm32f7xx_hal_rcc.o
LOAD ./Drivers/STM32F7xx_HAL_Driver/Src/stm32f7xx_hal_rcc_ex.o
LOAD ./Drivers/STM32F7xx_HAL_Driver/Src/stm32f7xx_hal_tim.o
LOAD ./Drivers/STM32F7xx_HAL_Driver/Src/stm32f7xx_hal_tim_ex.o
START GROUP
LOAD C:/Program Files (x86)/STM32CubeIDE_1.14.0/STM32CubeIDE/plugins/com.st.stm32cube.ide.mcu.externaltools.gnu-tools-for-stm32.11.3.rel1.win32_1.1.100.202309141235/tools/bin/../lib/gcc/arm-none-eabi/11.3.1/../../../../arm-none-eabi/lib/thumb/v7e-m+dp/hard\libc_nano.a
LOAD C:/Program Files (x86)/STM32CubeIDE_1.14.0/STM32CubeIDE/plugins/com.st.stm32cube.ide.mcu.externaltools.gnu-tools-for-stm32.11.3.rel1.win32_1.1.100.202309141235/tools/bin/../lib/gcc/arm-none-eabi/11.3.1/../../../../arm-none-eabi/lib/thumb/v7e-m+dp/hard\libm.a
END GROUP
START GROUP
LOAD C:/Program Files (x86)/STM32CubeIDE_1.14.0/STM32CubeIDE/plugins/com.st.stm32cube.ide.mcu.externaltools.gnu-tools-for-stm32.11.3.rel1.win32_1.1.100.202309141235/tools/bin/../lib/gcc/arm-none-eabi/11.3.1/thumb/v7e-m+dp/hard\libgcc.a
LOAD C:/Program Files (x86)/STM32CubeIDE_1.14.0/STM32CubeIDE/plugins/com.st.stm32cube.ide.mcu.externaltools.gnu-tools-for-stm32.11.3.rel1.win32_1.1.100.202309141235/tools/bin/../lib/gcc/arm-none-eabi/11.3.1/../../../../arm-none-eabi/lib/thumb/v7e-m+dp/hard\libc_nano.a
END GROUP
START GROUP
LOAD C:/Program Files (x86)/STM32CubeIDE_1.14.0/STM32CubeIDE/plugins/com.st.stm32cube.ide.mcu.externaltools.gnu-tools-for-stm32.11.3.rel1.win32_1.1.100.202309141235/tools/bin/../lib/gcc/arm-none-eabi/11.3.1/thumb/v7e-m+dp/hard\libgcc.a
LOAD C:/Program Files (x86)/STM32CubeIDE_1.14.0/STM32CubeIDE/plugins/com.st.stm32cube.ide.mcu.externaltools.gnu-tools-for-stm32.11.3.rel1.win32_1.1.100.202309141235/tools/bin/../lib/gcc/arm-none-eabi/11.3.1/../../../../arm-none-eabi/lib/thumb/v7e-m+dp/hard\libc_nano.a
LOAD C:/Program Files (x86)/STM32CubeIDE_1.14.0/STM32CubeIDE/plugins/com.st.stm32cube.ide.mcu.externaltools.gnu-tools-for-stm32.11.3.rel1.win32_1.1.100.202309141235/tools/bin/../lib/gcc/arm-none-eabi/11.3.1/../../../../arm-none-eabi/lib/thumb/v7e-m+dp/hard\libnosys.a
END GROUP
START GROUP
LOAD C:/Program Files (x86)/STM32CubeIDE_1.14.0/STM32CubeIDE/plugins/com.st.stm32cube.ide.mcu.externaltools.gnu-tools-for-stm32.11.3.rel1.win32_1.1.100.202309141235/tools/bin/../lib/gcc/arm-none-eabi/11.3.1/thumb/v7e-m+dp/hard\libgcc.a
LOAD C:/Program Files (x86)/STM32CubeIDE_1.14.0/STM32CubeIDE/plugins/com.st.stm32cube.ide.mcu.externaltools.gnu-tools-for-stm32.11.3.rel1.win32_1.1.100.202309141235/tools/bin/../lib/gcc/arm-none-eabi/11.3.1/../../../../arm-none-eabi/lib/thumb/v7e-m+dp/hard\libc_nano.a
LOAD C:/Program Files (x86)/STM32CubeIDE_1.14.0/STM32CubeIDE/plugins/com.st.stm32cube.ide.mcu.externaltools.gnu-tools-for-stm32.11.3.rel1.win32_1.1.100.202309141235/tools/bin/../lib/gcc/arm-none-eabi/11.3.1/../../../../arm-none-eabi/lib/thumb/v7e-m+dp/hard\libnosys.a
END GROUP
LOAD C:/Program Files (x86)/STM32CubeIDE_1.14.0/STM32CubeIDE/plugins/com.st.stm32cube.ide.mcu.externaltools.gnu-tools-for-stm32.11.3.rel1.win32_1.1.100.202309141235/tools/bin/../lib/gcc/arm-none-eabi/11.3.1/thumb/v7e-m+dp/hard/crtend.o
LOAD C:/Program Files (x86)/STM32CubeIDE_1.14.0/STM32CubeIDE/plugins/com.st.stm32cube.ide.mcu.externaltools.gnu-tools-for-stm32.11.3.rel1.win32_1.1.100.202309141235/tools/bin/../lib/gcc/arm-none-eabi/11.3.1/thumb/v7e-m+dp/hard/crtn.o
                0x0000000020080000                _estack = (ORIGIN (RAM) + LENGTH (RAM))
                0x0000000000000200                _Min_Heap_Size = 0x200
                0x0000000000000400                _Min_Stack_Size = 0x400

.isr_vector     0x0000000008000000      0x1f8
                0x0000000008000000                . = ALIGN (0x4)
 *(.isr_vector)
 .isr_vector    0x0000000008000000      0x1f8 ./Core/Startup/startup_stm32f767zitx.o
                0x0000000008000000                g_pfnVectors
                0x00000000080001f8                . = ALIGN (0x4)

.text           0x00000000080001f8     0x2a0c
                0x00000000080001f8                . = ALIGN (0x4)
 *(.text)
 .text          0x00000000080001f8       0x40 C:/Program Files (x86)/STM32CubeIDE_1.14.0/STM32CubeIDE/plugins/com.st.stm32cube.ide.mcu.externaltools.gnu-tools-for-stm32.11.3.rel1.win32_1.1.100.202309141235/tools/bin/../lib/gcc/arm-none-eabi/11.3.1/thumb/v7e-m+dp/hard/crtbegin.o
 .text          0x0000000008000238       0x30 C:/Program Files (x86)/STM32CubeIDE_1.14.0/STM32CubeIDE/plugins/com.st.stm32cube.ide.mcu.externaltools.gnu-tools-for-stm32.11.3.rel1.win32_1.1.100.202309141235/tools/bin/../lib/gcc/arm-none-eabi/11.3.1/thumb/v7e-m+dp/hard\libgcc.a(_aeabi_uldivmod.o)
                0x0000000008000238                __aeabi_uldivmod
 .text          0x0000000008000268      0x2c8 C:/Program Files (x86)/STM32CubeIDE_1.14.0/STM32CubeIDE/plugins/com.st.stm32cube.ide.mcu.externaltools.gnu-tools-for-stm32.11.3.rel1.win32_1.1.100.202309141235/tools/bin/../lib/gcc/arm-none-eabi/11.3.1/thumb/v7e-m+dp/hard\libgcc.a(_udivmoddi4.o)
                0x0000000008000268                __udivmoddi4
 .text          0x0000000008000530        0x4 C:/Program Files (x86)/STM32CubeIDE_1.14.0/STM32CubeIDE/plugins/com.st.stm32cube.ide.mcu.externaltools.gnu-tools-for-stm32.11.3.rel1.win32_1.1.100.202309141235/tools/bin/../lib/gcc/arm-none-eabi/11.3.1/thumb/v7e-m+dp/hard\libgcc.a(_dvmd_tls.o)
                0x0000000008000530                __aeabi_idiv0
                0x0000000008000530                __aeabi_ldiv0
 *(.text*)
 .text.main     0x0000000008000534       0x40 ./Core/Src/main.o
                0x0000000008000534                main
 .text.SystemClock_Config
                0x0000000008000574       0xb8 ./Core/Src/main.o
                0x0000000008000574                SystemClock_Config
 .text.MX_I2C1_Init
                0x000000000800062c       0x80 ./Core/Src/main.o
 .text.MX_GPIO_Init
                0x00000000080006ac      0x22c ./Core/Src/main.o
 .text.Error_Handler
                0x00000000080008d8        0xa ./Core/Src/main.o
                0x00000000080008d8                Error_Handler
 *fill*         0x00000000080008e2        0x2 
 .text.HAL_MspInit
                0x00000000080008e4       0x48 ./Core/Src/stm32f7xx_hal_msp.o
                0x00000000080008e4                HAL_MspInit
 .text.HAL_I2C_MspInit
                0x000000000800092c       0xec ./Core/Src/stm32f7xx_hal_msp.o
                0x000000000800092c                HAL_I2C_MspInit
 .text.NMI_Handler
                0x0000000008000a18        0x6 ./Core/Src/stm32f7xx_it.o
                0x0000000008000a18                NMI_Handler
 .text.HardFault_Handler
                0x0000000008000a1e        0x6 ./Core/Src/stm32f7xx_it.o
                0x0000000008000a1e                HardFault_Handler
 .text.MemManage_Handler
                0x0000000008000a24        0x6 ./Core/Src/stm32f7xx_it.o
                0x0000000008000a24                MemManage_Handler
 .text.BusFault_Handler
                0x0000000008000a2a        0x6 ./Core/Src/stm32f7xx_it.o
                0x0000000008000a2a                BusFault_Handler
 .text.UsageFault_Handler
                0x0000000008000a30        0x6 ./Core/Src/stm32f7xx_it.o
                0x0000000008000a30                UsageFault_Handler
 .text.SVC_Handler
                0x0000000008000a36        0xe ./Core/Src/stm32f7xx_it.o
                0x0000000008000a36                SVC_Handler
 .text.DebugMon_Handler
                0x0000000008000a44        0xe ./Core/Src/stm32f7xx_it.o
                0x0000000008000a44                DebugMon_Handler
 .text.PendSV_Handler
                0x0000000008000a52        0xe ./Core/Src/stm32f7xx_it.o
                0x0000000008000a52                PendSV_Handler
 .text.SysTick_Handler
                0x0000000008000a60        0xc ./Core/Src/stm32f7xx_it.o
                0x0000000008000a60                SysTick_Handler
 .text.SystemInit
                0x0000000008000a6c       0x24 ./Core/Src/system_stm32f7xx.o
                0x0000000008000a6c                SystemInit
 .text.Reset_Handler
                0x0000000008000a90       0x50 ./Core/Startup/startup_stm32f767zitx.o
                0x0000000008000a90                Reset_Handler
 .text.Default_Handler
                0x0000000008000ae0        0x2 ./Core/Startup/startup_stm32f767zitx.o
                0x0000000008000ae0                RTC_Alarm_IRQHandler
                0x0000000008000ae0                EXTI2_IRQHandler
                0x0000000008000ae0                TIM8_CC_IRQHandler
                0x0000000008000ae0                UART8_IRQHandler
                0x0000000008000ae0                SPI4_IRQHandler
                0x0000000008000ae0                TIM1_CC_IRQHandler
                0x0000000008000ae0                DMA2_Stream5_IRQHandler
                0x0000000008000ae0                JPEG_IRQHandler
                0x0000000008000ae0                DMA1_Stream5_IRQHandler
                0x0000000008000ae0                CAN3_RX1_IRQHandler
                0x0000000008000ae0                PVD_IRQHandler
                0x0000000008000ae0                TAMP_STAMP_IRQHandler
                0x0000000008000ae0                CAN2_RX1_IRQHandler
                0x0000000008000ae0                EXTI3_IRQHandler
                0x0000000008000ae0                TIM8_TRG_COM_TIM14_IRQHandler
                0x0000000008000ae0                DFSDM1_FLT1_IRQHandler
                0x0000000008000ae0                TIM1_UP_TIM10_IRQHandler
                0x0000000008000ae0                TIM8_UP_TIM13_IRQHandler
                0x0000000008000ae0                I2C3_ER_IRQHandler
                0x0000000008000ae0                DFSDM1_FLT2_IRQHandler
                0x0000000008000ae0                EXTI0_IRQHandler
                0x0000000008000ae0                I2C2_EV_IRQHandler
                0x0000000008000ae0                DMA1_Stream2_IRQHandler
                0x0000000008000ae0                CAN1_RX0_IRQHandler
                0x0000000008000ae0                FPU_IRQHandler
                0x0000000008000ae0                OTG_HS_WKUP_IRQHandler
                0x0000000008000ae0                CAN3_SCE_IRQHandler
                0x0000000008000ae0                LTDC_ER_IRQHandler
                0x0000000008000ae0                CAN2_SCE_IRQHandler
                0x0000000008000ae0                DMA2_Stream2_IRQHandler
                0x0000000008000ae0                SPI1_IRQHandler
                0x0000000008000ae0                TIM6_DAC_IRQHandler
                0x0000000008000ae0                TIM1_BRK_TIM9_IRQHandler
                0x0000000008000ae0                DCMI_IRQHandler
                0x0000000008000ae0                CAN2_RX0_IRQHandler
                0x0000000008000ae0                DMA2_Stream3_IRQHandler
                0x0000000008000ae0                SAI2_IRQHandler
                0x0000000008000ae0                DFSDM1_FLT3_IRQHandler
                0x0000000008000ae0                USART6_IRQHandler
                0x0000000008000ae0                CAN3_RX0_IRQHandler
                0x0000000008000ae0                USART3_IRQHandler
                0x0000000008000ae0                CAN1_RX1_IRQHandler
                0x0000000008000ae0                UART5_IRQHandler
                0x0000000008000ae0                DMA2_Stream0_IRQHandler
                0x0000000008000ae0                TIM4_IRQHandler
                0x0000000008000ae0                QUADSPI_IRQHandler
                0x0000000008000ae0                I2C1_EV_IRQHandler
                0x0000000008000ae0                DMA1_Stream6_IRQHandler
                0x0000000008000ae0                DMA1_Stream1_IRQHandler
                0x0000000008000ae0                UART4_IRQHandler
                0x0000000008000ae0                TIM3_IRQHandler
                0x0000000008000ae0                RCC_IRQHandler
                0x0000000008000ae0                TIM8_BRK_TIM12_IRQHandler
                0x0000000008000ae0                Default_Handler
                0x0000000008000ae0                CEC_IRQHandler
                0x0000000008000ae0                EXTI15_10_IRQHandler
                0x0000000008000ae0                ADC_IRQHandler
                0x0000000008000ae0                DMA1_Stream7_IRQHandler
                0x0000000008000ae0                SPI5_IRQHandler
                0x0000000008000ae0                TIM7_IRQHandler
                0x0000000008000ae0                SDMMC1_IRQHandler
                0x0000000008000ae0                CAN2_TX_IRQHandler
                0x0000000008000ae0                TIM5_IRQHandler
                0x0000000008000ae0                DMA2_Stream7_IRQHandler
                0x0000000008000ae0                I2C3_EV_IRQHandler
                0x0000000008000ae0                EXTI9_5_IRQHandler
                0x0000000008000ae0                RTC_WKUP_IRQHandler
                0x0000000008000ae0                LTDC_IRQHandler
                0x0000000008000ae0                ETH_WKUP_IRQHandler
                0x0000000008000ae0                SPDIF_RX_IRQHandler
                0x0000000008000ae0                SPI2_IRQHandler
                0x0000000008000ae0                OTG_HS_EP1_IN_IRQHandler
                0x0000000008000ae0                DMA1_Stream0_IRQHandler
                0x0000000008000ae0                CAN1_TX_IRQHandler
                0x0000000008000ae0                EXTI4_IRQHandler
                0x0000000008000ae0                RNG_IRQHandler
                0x0000000008000ae0                ETH_IRQHandler
                0x0000000008000ae0                OTG_HS_EP1_OUT_IRQHandler
                0x0000000008000ae0                WWDG_IRQHandler
                0x0000000008000ae0                SPI6_IRQHandler
                0x0000000008000ae0                MDIOS_IRQHandler
                0x0000000008000ae0                I2C4_EV_IRQHandler
                0x0000000008000ae0                CAN3_TX_IRQHandler
                0x0000000008000ae0                TIM2_IRQHandler
                0x0000000008000ae0                OTG_FS_WKUP_IRQHandler
                0x0000000008000ae0                TIM1_TRG_COM_TIM11_IRQHandler
                0x0000000008000ae0                OTG_HS_IRQHandler
                0x0000000008000ae0                DMA2D_IRQHandler
                0x0000000008000ae0                EXTI1_IRQHandler
                0x0000000008000ae0                SDMMC2_IRQHandler
                0x0000000008000ae0                UART7_IRQHandler
                0x0000000008000ae0                USART2_IRQHandler
                0x0000000008000ae0                DFSDM1_FLT0_IRQHandler
                0x0000000008000ae0                I2C2_ER_IRQHandler
                0x0000000008000ae0                DMA2_Stream1_IRQHandler
                0x0000000008000ae0                CAN1_SCE_IRQHandler
                0x0000000008000ae0                FLASH_IRQHandler
                0x0000000008000ae0                DMA2_Stream4_IRQHandler
                0x0000000008000ae0                USART1_IRQHandler
                0x0000000008000ae0                OTG_FS_IRQHandler
                0x0000000008000ae0                SPI3_IRQHandler
                0x0000000008000ae0                DMA1_Stream4_IRQHandler
                0x0000000008000ae0                I2C1_ER_IRQHandler
                0x0000000008000ae0                FMC_IRQHandler
                0x0000000008000ae0                LPTIM1_IRQHandler
                0x0000000008000ae0                I2C4_ER_IRQHandler
                0x0000000008000ae0                DMA2_Stream6_IRQHandler
                0x0000000008000ae0                SAI1_IRQHandler
                0x0000000008000ae0                DMA1_Stream3_IRQHandler
 .text.HAL_Init
                0x0000000008000ae2       0x1a ./Drivers/STM32F7xx_HAL_Driver/Src/stm32f7xx_hal.o
                0x0000000008000ae2                HAL_Init
 .text.HAL_InitTick
                0x0000000008000afc       0x60 ./Drivers/STM32F7xx_HAL_Driver/Src/stm32f7xx_hal.o
                0x0000000008000afc                HAL_InitTick
 .text.HAL_IncTick
                0x0000000008000b5c       0x28 ./Drivers/STM32F7xx_HAL_Driver/Src/stm32f7xx_hal.o
                0x0000000008000b5c                HAL_IncTick
 .text.HAL_GetTick
                0x0000000008000b84       0x18 ./Drivers/STM32F7xx_HAL_Driver/Src/stm32f7xx_hal.o
                0x0000000008000b84                HAL_GetTick
 .text.HAL_Delay
                0x0000000008000b9c       0x48 ./Drivers/STM32F7xx_HAL_Driver/Src/stm32f7xx_hal.o
                0x0000000008000b9c                HAL_Delay
 .text.__NVIC_SetPriorityGrouping
                0x0000000008000be4       0x48 ./Drivers/STM32F7xx_HAL_Driver/Src/stm32f7xx_hal_cortex.o
 .text.__NVIC_GetPriorityGrouping
                0x0000000008000c2c       0x1c ./Drivers/STM32F7xx_HAL_Driver/Src/stm32f7xx_hal_cortex.o
 .text.__NVIC_SetPriority
                0x0000000008000c48       0x54 ./Drivers/STM32F7xx_HAL_Driver/Src/stm32f7xx_hal_cortex.o
 .text.NVIC_EncodePriority
                0x0000000008000c9c       0x66 ./Drivers/STM32F7xx_HAL_Driver/Src/stm32f7xx_hal_cortex.o
 *fill*         0x0000000008000d02        0x2 
 .text.SysTick_Config
                0x0000000008000d04       0x44 ./Drivers/STM32F7xx_HAL_Driver/Src/stm32f7xx_hal_cortex.o
 .text.HAL_NVIC_SetPriorityGrouping
                0x0000000008000d48       0x16 ./Drivers/STM32F7xx_HAL_Driver/Src/stm32f7xx_hal_cortex.o
                0x0000000008000d48                HAL_NVIC_SetPriorityGrouping
 .text.HAL_NVIC_SetPriority
                0x0000000008000d5e       0x38 ./Drivers/STM32F7xx_HAL_Driver/Src/stm32f7xx_hal_cortex.o
                0x0000000008000d5e                HAL_NVIC_SetPriority
 .text.HAL_SYSTICK_Config
                0x0000000008000d96       0x18 ./Drivers/STM32F7xx_HAL_Driver/Src/stm32f7xx_hal_cortex.o
                0x0000000008000d96                HAL_SYSTICK_Config
 *fill*         0x0000000008000dae        0x2 
 .text.HAL_GPIO_Init
                0x0000000008000db0      0x358 ./Drivers/STM32F7xx_HAL_Driver/Src/stm32f7xx_hal_gpio.o
                0x0000000008000db0                HAL_GPIO_Init
 .text.HAL_GPIO_WritePin
                0x0000000008001108       0x32 ./Drivers/STM32F7xx_HAL_Driver/Src/stm32f7xx_hal_gpio.o
                0x0000000008001108                HAL_GPIO_WritePin
 *fill*         0x000000000800113a        0x2 
 .text.HAL_I2C_Init
                0x000000000800113c      0x138 ./Drivers/STM32F7xx_HAL_Driver/Src/stm32f7xx_hal_i2c.o
                0x000000000800113c                HAL_I2C_Init
 .text.HAL_I2C_Master_Transmit
                0x0000000008001274      0x230 ./Drivers/STM32F7xx_HAL_Driver/Src/stm32f7xx_hal_i2c.o
                0x0000000008001274                HAL_I2C_Master_Transmit
 .text.I2C_Flush_TXDR
                0x00000000080014a4       0x48 ./Drivers/STM32F7xx_HAL_Driver/Src/stm32f7xx_hal_i2c.o
 .text.I2C_WaitOnFlagUntilTimeout
                0x00000000080014ec       0xb2 ./Drivers/STM32F7xx_HAL_Driver/Src/stm32f7xx_hal_i2c.o
 .text.I2C_WaitOnTXISFlagUntilTimeout
                0x000000000800159e       0x8e ./Drivers/STM32F7xx_HAL_Driver/Src/stm32f7xx_hal_i2c.o
 .text.I2C_WaitOnSTOPFlagUntilTimeout
                0x000000000800162c       0x86 ./Drivers/STM32F7xx_HAL_Driver/Src/stm32f7xx_hal_i2c.o
 *fill*         0x00000000080016b2        0x2 
 .text.I2C_IsErrorOccurred
                0x00000000080016b4      0x1c0 ./Drivers/STM32F7xx_HAL_Driver/Src/stm32f7xx_hal_i2c.o
 .text.I2C_TransferConfig
                0x0000000008001874       0x64 ./Drivers/STM32F7xx_HAL_Driver/Src/stm32f7xx_hal_i2c.o
 .text.HAL_I2CEx_ConfigAnalogFilter
                0x00000000080018d8       0x96 ./Drivers/STM32F7xx_HAL_Driver/Src/stm32f7xx_hal_i2c_ex.o
                0x00000000080018d8                HAL_I2CEx_ConfigAnalogFilter
 .text.HAL_I2CEx_ConfigDigitalFilter
                0x000000000800196e       0x98 ./Drivers/STM32F7xx_HAL_Driver/Src/stm32f7xx_hal_i2c_ex.o
                0x000000000800196e                HAL_I2CEx_ConfigDigitalFilter
 *fill*         0x0000000008001a06        0x2 
 .text.HAL_RCC_OscConfig
                0x0000000008001a08      0x55c ./Drivers/STM32F7xx_HAL_Driver/Src/stm32f7xx_hal_rcc.o
                0x0000000008001a08                HAL_RCC_OscConfig
 .text.HAL_RCC_ClockConfig
                0x0000000008001f64      0x1d8 ./Drivers/STM32F7xx_HAL_Driver/Src/stm32f7xx_hal_rcc.o
                0x0000000008001f64                HAL_RCC_ClockConfig
 .text.HAL_RCC_GetSysClockFreq
                0x000000000800213c      0x208 ./Drivers/STM32F7xx_HAL_Driver/Src/stm32f7xx_hal_rcc.o
                0x000000000800213c                HAL_RCC_GetSysClockFreq
 .text.HAL_RCCEx_PeriphCLKConfig
                0x0000000008002344      0x850 ./Drivers/STM32F7xx_HAL_Driver/Src/stm32f7xx_hal_rcc_ex.o
                0x0000000008002344                HAL_RCCEx_PeriphCLKConfig
 .text.memset   0x0000000008002b94       0x10 C:/Program Files (x86)/STM32CubeIDE_1.14.0/STM32CubeIDE/plugins/com.st.stm32cube.ide.mcu.externaltools.gnu-tools-for-stm32.11.3.rel1.win32_1.1.100.202309141235/tools/bin/../lib/gcc/arm-none-eabi/11.3.1/../../../../arm-none-eabi/lib/thumb/v7e-m+dp/hard\libc_nano.a(libc_a-memset.o)
                0x0000000008002b94                memset
 .text.__libc_init_array
                0x0000000008002ba4       0x48 C:/Program Files (x86)/STM32CubeIDE_1.14.0/STM32CubeIDE/plugins/com.st.stm32cube.ide.mcu.externaltools.gnu-tools-for-stm32.11.3.rel1.win32_1.1.100.202309141235/tools/bin/../lib/gcc/arm-none-eabi/11.3.1/../../../../arm-none-eabi/lib/thumb/v7e-m+dp/hard\libc_nano.a(libc_a-init.o)
                0x0000000008002ba4                __libc_init_array
 *(.glue_7)
 .glue_7        0x0000000008002bec        0x0 linker stubs
 *(.glue_7t)
 .glue_7t       0x0000000008002bec        0x0 linker stubs
 *(.eh_frame)
 .eh_frame      0x0000000008002bec        0x0 C:/Program Files (x86)/STM32CubeIDE_1.14.0/STM32CubeIDE/plugins/com.st.stm32cube.ide.mcu.externaltools.gnu-tools-for-stm32.11.3.rel1.win32_1.1.100.202309141235/tools/bin/../lib/gcc/arm-none-eabi/11.3.1/thumb/v7e-m+dp/hard/crtbegin.o
 *(.init)
 .init          0x0000000008002bec        0x4 C:/Program Files (x86)/STM32CubeIDE_1.14.0/STM32CubeIDE/plugins/com.st.stm32cube.ide.mcu.externaltools.gnu-tools-for-stm32.11.3.rel1.win32_1.1.100.202309141235/tools/bin/../lib/gcc/arm-none-eabi/11.3.1/thumb/v7e-m+dp/hard/crti.o
                0x0000000008002bec                _init
 .init          0x0000000008002bf0        0x8 C:/Program Files (x86)/STM32CubeIDE_1.14.0/STM32CubeIDE/plugins/com.st.stm32cube.ide.mcu.externaltools.gnu-tools-for-stm32.11.3.rel1.win32_1.1.100.202309141235/tools/bin/../lib/gcc/arm-none-eabi/11.3.1/thumb/v7e-m+dp/hard/crtn.o
 *(.fini)
 .fini          0x0000000008002bf8        0x4 C:/Program Files (x86)/STM32CubeIDE_1.14.0/STM32CubeIDE/plugins/com.st.stm32cube.ide.mcu.externaltools.gnu-tools-for-stm32.11.3.rel1.win32_1.1.100.202309141235/tools/bin/../lib/gcc/arm-none-eabi/11.3.1/thumb/v7e-m+dp/hard/crti.o
                0x0000000008002bf8                _fini
 .fini          0x0000000008002bfc        0x8 C:/Program Files (x86)/STM32CubeIDE_1.14.0/STM32CubeIDE/plugins/com.st.stm32cube.ide.mcu.externaltools.gnu-tools-for-stm32.11.3.rel1.win32_1.1.100.202309141235/tools/bin/../lib/gcc/arm-none-eabi/11.3.1/thumb/v7e-m+dp/hard/crtn.o
                0x0000000008002c04                . = ALIGN (0x4)
                0x0000000008002c04                _etext = .

.vfp11_veneer   0x0000000008002c04        0x0
 .vfp11_veneer  0x0000000008002c04        0x0 linker stubs

.v4_bx          0x0000000008002c04        0x0
 .v4_bx         0x0000000008002c04        0x0 linker stubs

.iplt           0x0000000008002c04        0x0
 .iplt          0x0000000008002c04        0x0 C:/Program Files (x86)/STM32CubeIDE_1.14.0/STM32CubeIDE/plugins/com.st.stm32cube.ide.mcu.externaltools.gnu-tools-for-stm32.11.3.rel1.win32_1.1.100.202309141235/tools/bin/../lib/gcc/arm-none-eabi/11.3.1/thumb/v7e-m+dp/hard/crtbegin.o

.rodata         0x0000000008002c04       0x10
                0x0000000008002c04                . = ALIGN (0x4)
 *(.rodata)
 *(.rodata*)
 .rodata.AHBPrescTable
                0x0000000008002c04       0x10 ./Core/Src/system_stm32f7xx.o
                0x0000000008002c04                AHBPrescTable
                0x0000000008002c14                . = ALIGN (0x4)

.ARM.extab      0x0000000008002c14        0x0
                0x0000000008002c14                . = ALIGN (0x4)
 *(.ARM.extab* .gnu.linkonce.armextab.*)
                0x0000000008002c14                . = ALIGN (0x4)

.ARM            0x0000000008002c14        0x8
                0x0000000008002c14                . = ALIGN (0x4)
                0x0000000008002c14                __exidx_start = .
 *(.ARM.exidx*)
 .ARM.exidx     0x0000000008002c14        0x8 C:/Program Files (x86)/STM32CubeIDE_1.14.0/STM32CubeIDE/plugins/com.st.stm32cube.ide.mcu.externaltools.gnu-tools-for-stm32.11.3.rel1.win32_1.1.100.202309141235/tools/bin/../lib/gcc/arm-none-eabi/11.3.1/thumb/v7e-m+dp/hard\libgcc.a(_udivmoddi4.o)
                0x0000000008002c1c                __exidx_end = .
                0x0000000008002c1c                . = ALIGN (0x4)

.rel.dyn        0x0000000008002c1c        0x0
 .rel.iplt      0x0000000008002c1c        0x0 C:/Program Files (x86)/STM32CubeIDE_1.14.0/STM32CubeIDE/plugins/com.st.stm32cube.ide.mcu.externaltools.gnu-tools-for-stm32.11.3.rel1.win32_1.1.100.202309141235/tools/bin/../lib/gcc/arm-none-eabi/11.3.1/thumb/v7e-m+dp/hard/crtbegin.o

.preinit_array  0x0000000008002c1c        0x0
                0x0000000008002c1c                . = ALIGN (0x4)
                0x0000000008002c1c                PROVIDE (__preinit_array_start = .)
 *(.preinit_array*)
                0x0000000008002c1c                PROVIDE (__preinit_array_end = .)
                0x0000000008002c1c                . = ALIGN (0x4)

.init_array     0x0000000008002c1c        0x4
                0x0000000008002c1c                . = ALIGN (0x4)
                0x0000000008002c1c                PROVIDE (__init_array_start = .)
 *(SORT_BY_NAME(.init_array.*))
 *(.init_array*)
 .init_array    0x0000000008002c1c        0x4 C:/Program Files (x86)/STM32CubeIDE_1.14.0/STM32CubeIDE/plugins/com.st.stm32cube.ide.mcu.externaltools.gnu-tools-for-stm32.11.3.rel1.win32_1.1.100.202309141235/tools/bin/../lib/gcc/arm-none-eabi/11.3.1/thumb/v7e-m+dp/hard/crtbegin.o
                0x0000000008002c20                PROVIDE (__init_array_end = .)
                0x0000000008002c20                . = ALIGN (0x4)

.fini_array     0x0000000008002c20        0x4
                0x0000000008002c20                . = ALIGN (0x4)
                [!provide]                        PROVIDE (__fini_array_start = .)
 *(SORT_BY_NAME(.fini_array.*))
 *(.fini_array*)
 .fini_array    0x0000000008002c20        0x4 C:/Program Files (x86)/STM32CubeIDE_1.14.0/STM32CubeIDE/plugins/com.st.stm32cube.ide.mcu.externaltools.gnu-tools-for-stm32.11.3.rel1.win32_1.1.100.202309141235/tools/bin/../lib/gcc/arm-none-eabi/11.3.1/thumb/v7e-m+dp/hard/crtbegin.o
                [!provide]                        PROVIDE (__fini_array_end = .)
                0x0000000008002c24                . = ALIGN (0x4)
                0x0000000008002c24                _sidata = LOADADDR (.data)

.data           0x0000000020000000       0x20 load address 0x0000000008002c24
                0x0000000020000000                . = ALIGN (0x4)
                0x0000000020000000                _sdata = .
 *(.data)
 *(.data*)
 .data.address  0x0000000020000000        0x1 ./Core/Src/main.o
                0x0000000020000000                address
 *fill*         0x0000000020000001        0x3 
 .data.msg_tx   0x0000000020000004        0xf ./Core/Src/main.o
                0x0000000020000004                msg_tx
 *fill*         0x0000000020000013        0x1 
 .data.SystemCoreClock
                0x0000000020000014        0x4 ./Core/Src/system_stm32f7xx.o
                0x0000000020000014                SystemCoreClock
 .data.uwTickPrio
                0x0000000020000018        0x4 ./Drivers/STM32F7xx_HAL_Driver/Src/stm32f7xx_hal.o
                0x0000000020000018                uwTickPrio
 .data.uwTickFreq
                0x000000002000001c        0x1 ./Drivers/STM32F7xx_HAL_Driver/Src/stm32f7xx_hal.o
                0x000000002000001c                uwTickFreq
 *(.RamFunc)
 *(.RamFunc*)
                0x0000000020000020                . = ALIGN (0x4)
 *fill*         0x000000002000001d        0x3 
                0x0000000020000020                _edata = .

.igot.plt       0x0000000020000020        0x0 load address 0x0000000008002c44
 .igot.plt      0x0000000020000020        0x0 C:/Program Files (x86)/STM32CubeIDE_1.14.0/STM32CubeIDE/plugins/com.st.stm32cube.ide.mcu.externaltools.gnu-tools-for-stm32.11.3.rel1.win32_1.1.100.202309141235/tools/bin/../lib/gcc/arm-none-eabi/11.3.1/thumb/v7e-m+dp/hard/crtbegin.o
                0x0000000020000020                . = ALIGN (0x4)

.bss            0x0000000020000020       0x74 load address 0x0000000008002c44
                0x0000000020000020                _sbss = .
                0x0000000020000020                __bss_start__ = _sbss
 *(.bss)
 .bss           0x0000000020000020       0x1c C:/Program Files (x86)/STM32CubeIDE_1.14.0/STM32CubeIDE/plugins/com.st.stm32cube.ide.mcu.externaltools.gnu-tools-for-stm32.11.3.rel1.win32_1.1.100.202309141235/tools/bin/../lib/gcc/arm-none-eabi/11.3.1/thumb/v7e-m+dp/hard/crtbegin.o
 *(.bss*)
 .bss.hi2c1     0x000000002000003c       0x54 ./Core/Src/main.o
                0x000000002000003c                hi2c1
 .bss.uwTick    0x0000000020000090        0x4 ./Drivers/STM32F7xx_HAL_Driver/Src/stm32f7xx_hal.o
                0x0000000020000090                uwTick
 *(COMMON)
                0x0000000020000094                . = ALIGN (0x4)
                0x0000000020000094                _ebss = .
                0x0000000020000094                __bss_end__ = _ebss

._user_heap_stack
                0x0000000020000094      0x604 load address 0x0000000008002c44
                0x0000000020000098                . = ALIGN (0x8)
 *fill*         0x0000000020000094        0x4 
                [!provide]                        PROVIDE (end = .)
                0x0000000020000098                PROVIDE (_end = .)
                0x0000000020000298                . = (. + _Min_Heap_Size)
 *fill*         0x0000000020000098      0x200 
                0x0000000020000698                . = (. + _Min_Stack_Size)
 *fill*         0x0000000020000298      0x400 
                0x0000000020000698                . = ALIGN (0x8)

/DISCARD/
 libc.a(*)
 libm.a(*)
 libgcc.a(*)

.ARM.attributes
                0x0000000000000000       0x2e
 *(.ARM.attributes)
 .ARM.attributes
                0x0000000000000000       0x1e C:/Program Files (x86)/STM32CubeIDE_1.14.0/STM32CubeIDE/plugins/com.st.stm32cube.ide.mcu.externaltools.gnu-tools-for-stm32.11.3.rel1.win32_1.1.100.202309141235/tools/bin/../lib/gcc/arm-none-eabi/11.3.1/thumb/v7e-m+dp/hard/crti.o
 .ARM.attributes
                0x000000000000001e       0x32 C:/Program Files (x86)/STM32CubeIDE_1.14.0/STM32CubeIDE/plugins/com.st.stm32cube.ide.mcu.externaltools.gnu-tools-for-stm32.11.3.rel1.win32_1.1.100.202309141235/tools/bin/../lib/gcc/arm-none-eabi/11.3.1/thumb/v7e-m+dp/hard/crtbegin.o
 .ARM.attributes
                0x0000000000000050       0x32 ./Core/Src/main.o
 .ARM.attributes
                0x0000000000000082       0x32 ./Core/Src/stm32f7xx_hal_msp.o
 .ARM.attributes
                0x00000000000000b4       0x32 ./Core/Src/stm32f7xx_it.o
 .ARM.attributes
                0x00000000000000e6       0x32 ./Core/Src/system_stm32f7xx.o
 .ARM.attributes
                0x0000000000000118       0x21 ./Core/Startup/startup_stm32f767zitx.o
 .ARM.attributes
                0x0000000000000139       0x32 ./Drivers/STM32F7xx_HAL_Driver/Src/stm32f7xx_hal.o
 .ARM.attributes
                0x000000000000016b       0x32 ./Drivers/STM32F7xx_HAL_Driver/Src/stm32f7xx_hal_cortex.o
 .ARM.attributes
                0x000000000000019d       0x32 ./Drivers/STM32F7xx_HAL_Driver/Src/stm32f7xx_hal_gpio.o
 .ARM.attributes
                0x00000000000001cf       0x32 ./Drivers/STM32F7xx_HAL_Driver/Src/stm32f7xx_hal_i2c.o
 .ARM.attributes
                0x0000000000000201       0x32 ./Drivers/STM32F7xx_HAL_Driver/Src/stm32f7xx_hal_i2c_ex.o
 .ARM.attributes
                0x0000000000000233       0x32 ./Drivers/STM32F7xx_HAL_Driver/Src/stm32f7xx_hal_rcc.o
 .ARM.attributes
                0x0000000000000265       0x32 ./Drivers/STM32F7xx_HAL_Driver/Src/stm32f7xx_hal_rcc_ex.o
 .ARM.attributes
                0x0000000000000297       0x32 C:/Program Files (x86)/STM32CubeIDE_1.14.0/STM32CubeIDE/plugins/com.st.stm32cube.ide.mcu.externaltools.gnu-tools-for-stm32.11.3.rel1.win32_1.1.100.202309141235/tools/bin/../lib/gcc/arm-none-eabi/11.3.1/../../../../arm-none-eabi/lib/thumb/v7e-m+dp/hard\libc_nano.a(libc_a-memset.o)
 .ARM.attributes
                0x00000000000002c9       0x32 C:/Program Files (x86)/STM32CubeIDE_1.14.0/STM32CubeIDE/plugins/com.st.stm32cube.ide.mcu.externaltools.gnu-tools-for-stm32.11.3.rel1.win32_1.1.100.202309141235/tools/bin/../lib/gcc/arm-none-eabi/11.3.1/../../../../arm-none-eabi/lib/thumb/v7e-m+dp/hard\libc_nano.a(libc_a-init.o)
 .ARM.attributes
                0x00000000000002fb       0x1e C:/Program Files (x86)/STM32CubeIDE_1.14.0/STM32CubeIDE/plugins/com.st.stm32cube.ide.mcu.externaltools.gnu-tools-for-stm32.11.3.rel1.win32_1.1.100.202309141235/tools/bin/../lib/gcc/arm-none-eabi/11.3.1/thumb/v7e-m+dp/hard\libgcc.a(_aeabi_uldivmod.o)
 .ARM.attributes
                0x0000000000000319       0x32 C:/Program Files (x86)/STM32CubeIDE_1.14.0/STM32CubeIDE/plugins/com.st.stm32cube.ide.mcu.externaltools.gnu-tools-for-stm32.11.3.rel1.win32_1.1.100.202309141235/tools/bin/../lib/gcc/arm-none-eabi/11.3.1/thumb/v7e-m+dp/hard\libgcc.a(_udivmoddi4.o)
 .ARM.attributes
                0x000000000000034b       0x1e C:/Program Files (x86)/STM32CubeIDE_1.14.0/STM32CubeIDE/plugins/com.st.stm32cube.ide.mcu.externaltools.gnu-tools-for-stm32.11.3.rel1.win32_1.1.100.202309141235/tools/bin/../lib/gcc/arm-none-eabi/11.3.1/thumb/v7e-m+dp/hard\libgcc.a(_dvmd_tls.o)
 .ARM.attributes
                0x0000000000000369       0x1e C:/Program Files (x86)/STM32CubeIDE_1.14.0/STM32CubeIDE/plugins/com.st.stm32cube.ide.mcu.externaltools.gnu-tools-for-stm32.11.3.rel1.win32_1.1.100.202309141235/tools/bin/../lib/gcc/arm-none-eabi/11.3.1/thumb/v7e-m+dp/hard/crtn.o
OUTPUT(BMS_I2C.elf elf32-littlearm)
LOAD linker stubs
LOAD C:/Program Files (x86)/STM32CubeIDE_1.14.0/STM32CubeIDE/plugins/com.st.stm32cube.ide.mcu.externaltools.gnu-tools-for-stm32.11.3.rel1.win32_1.1.100.202309141235/tools/bin/../lib/gcc/arm-none-eabi/11.3.1/../../../../arm-none-eabi/lib/thumb/v7e-m+dp/hard\libc.a
LOAD C:/Program Files (x86)/STM32CubeIDE_1.14.0/STM32CubeIDE/plugins/com.st.stm32cube.ide.mcu.externaltools.gnu-tools-for-stm32.11.3.rel1.win32_1.1.100.202309141235/tools/bin/../lib/gcc/arm-none-eabi/11.3.1/../../../../arm-none-eabi/lib/thumb/v7e-m+dp/hard\libm.a
LOAD C:/Program Files (x86)/STM32CubeIDE_1.14.0/STM32CubeIDE/plugins/com.st.stm32cube.ide.mcu.externaltools.gnu-tools-for-stm32.11.3.rel1.win32_1.1.100.202309141235/tools/bin/../lib/gcc/arm-none-eabi/11.3.1/thumb/v7e-m+dp/hard\libgcc.a

.comment        0x0000000000000000       0x43
 .comment       0x0000000000000000       0x43 C:/Program Files (x86)/STM32CubeIDE_1.14.0/STM32CubeIDE/plugins/com.st.stm32cube.ide.mcu.externaltools.gnu-tools-for-stm32.11.3.rel1.win32_1.1.100.202309141235/tools/bin/../lib/gcc/arm-none-eabi/11.3.1/thumb/v7e-m+dp/hard/crtbegin.o
                                         0x44 (size before relaxing)
 .comment       0x0000000000000043       0x44 ./Core/Src/main.o
 .comment       0x0000000000000043       0x44 ./Core/Src/stm32f7xx_hal_msp.o
 .comment       0x0000000000000043       0x44 ./Core/Src/stm32f7xx_it.o
 .comment       0x0000000000000043       0x44 ./Core/Src/system_stm32f7xx.o
 .comment       0x0000000000000043       0x44 ./Drivers/STM32F7xx_HAL_Driver/Src/stm32f7xx_hal.o
 .comment       0x0000000000000043       0x44 ./Drivers/STM32F7xx_HAL_Driver/Src/stm32f7xx_hal_cortex.o
 .comment       0x0000000000000043       0x44 ./Drivers/STM32F7xx_HAL_Driver/Src/stm32f7xx_hal_gpio.o
 .comment       0x0000000000000043       0x44 ./Drivers/STM32F7xx_HAL_Driver/Src/stm32f7xx_hal_i2c.o
 .comment       0x0000000000000043       0x44 ./Drivers/STM32F7xx_HAL_Driver/Src/stm32f7xx_hal_i2c_ex.o
 .comment       0x0000000000000043       0x44 ./Drivers/STM32F7xx_HAL_Driver/Src/stm32f7xx_hal_rcc.o
 .comment       0x0000000000000043       0x44 ./Drivers/STM32F7xx_HAL_Driver/Src/stm32f7xx_hal_rcc_ex.o

.debug_info     0x0000000000000000     0x7ced
 .debug_info    0x0000000000000000      0xd30 ./Core/Src/main.o
 .debug_info    0x0000000000000d30      0xc1e ./Core/Src/stm32f7xx_hal_msp.o
 .debug_info    0x000000000000194e      0x112 ./Core/Src/stm32f7xx_it.o
 .debug_info    0x0000000000001a60      0x6ed ./Core/Src/system_stm32f7xx.o
 .debug_info    0x000000000000214d       0x23 ./Core/Startup/startup_stm32f767zitx.o
 .debug_info    0x0000000000002170      0xa4c ./Drivers/STM32F7xx_HAL_Driver/Src/stm32f7xx_hal.o
 .debug_info    0x0000000000002bbc      0xfc0 ./Drivers/STM32F7xx_HAL_Driver/Src/stm32f7xx_hal_cortex.o
 .debug_info    0x0000000000003b7c      0x6f3 ./Drivers/STM32F7xx_HAL_Driver/Src/stm32f7xx_hal_gpio.o
 .debug_info    0x000000000000426f     0x2138 ./Drivers/STM32F7xx_HAL_Driver/Src/stm32f7xx_hal_i2c.o
 .debug_info    0x00000000000063a7      0x92e ./Drivers/STM32F7xx_HAL_Driver/Src/stm32f7xx_hal_i2c_ex.o
 .debug_info    0x0000000000006cd5      0x937 ./Drivers/STM32F7xx_HAL_Driver/Src/stm32f7xx_hal_rcc.o
 .debug_info    0x000000000000760c      0x6e1 ./Drivers/STM32F7xx_HAL_Driver/Src/stm32f7xx_hal_rcc_ex.o

.debug_abbrev   0x0000000000000000     0x15a6
 .debug_abbrev  0x0000000000000000      0x263 ./Core/Src/main.o
 .debug_abbrev  0x0000000000000263      0x1db ./Core/Src/stm32f7xx_hal_msp.o
 .debug_abbrev  0x000000000000043e       0x73 ./Core/Src/stm32f7xx_it.o
 .debug_abbrev  0x00000000000004b1      0x13b ./Core/Src/system_stm32f7xx.o
 .debug_abbrev  0x00000000000005ec       0x12 ./Core/Startup/startup_stm32f767zitx.o
 .debug_abbrev  0x00000000000005fe      0x213 ./Drivers/STM32F7xx_HAL_Driver/Src/stm32f7xx_hal.o
 .debug_abbrev  0x0000000000000811      0x31e ./Drivers/STM32F7xx_HAL_Driver/Src/stm32f7xx_hal_cortex.o
 .debug_abbrev  0x0000000000000b2f      0x1d4 ./Drivers/STM32F7xx_HAL_Driver/Src/stm32f7xx_hal_gpio.o
 .debug_abbrev  0x0000000000000d03      0x260 ./Drivers/STM32F7xx_HAL_Driver/Src/stm32f7xx_hal_i2c.o
 .debug_abbrev  0x0000000000000f63      0x19c ./Drivers/STM32F7xx_HAL_Driver/Src/stm32f7xx_hal_i2c_ex.o
 .debug_abbrev  0x00000000000010ff      0x2de ./Drivers/STM32F7xx_HAL_Driver/Src/stm32f7xx_hal_rcc.o
 .debug_abbrev  0x00000000000013dd      0x1c9 ./Drivers/STM32F7xx_HAL_Driver/Src/stm32f7xx_hal_rcc_ex.o

.debug_aranges  0x0000000000000000      0x760
 .debug_aranges
                0x0000000000000000       0x40 ./Core/Src/main.o
 .debug_aranges
                0x0000000000000040       0x30 ./Core/Src/stm32f7xx_hal_msp.o
 .debug_aranges
                0x0000000000000070       0x60 ./Core/Src/stm32f7xx_it.o
 .debug_aranges
                0x00000000000000d0       0x28 ./Core/Src/system_stm32f7xx.o
 .debug_aranges
                0x00000000000000f8       0x28 ./Core/Startup/startup_stm32f767zitx.o
 .debug_aranges
                0x0000000000000120      0x110 ./Drivers/STM32F7xx_HAL_Driver/Src/stm32f7xx_hal.o
 .debug_aranges
                0x0000000000000230      0x128 ./Drivers/STM32F7xx_HAL_Driver/Src/stm32f7xx_hal_cortex.o
 .debug_aranges
                0x0000000000000358       0x58 ./Drivers/STM32F7xx_HAL_Driver/Src/stm32f7xx_hal_gpio.o
 .debug_aranges
                0x00000000000003b0      0x2a0 ./Drivers/STM32F7xx_HAL_Driver/Src/stm32f7xx_hal_i2c.o
 .debug_aranges
                0x0000000000000650       0x38 ./Drivers/STM32F7xx_HAL_Driver/Src/stm32f7xx_hal_i2c_ex.o
 .debug_aranges
                0x0000000000000688       0x88 ./Drivers/STM32F7xx_HAL_Driver/Src/stm32f7xx_hal_rcc.o
 .debug_aranges
                0x0000000000000710       0x50 ./Drivers/STM32F7xx_HAL_Driver/Src/stm32f7xx_hal_rcc_ex.o

.debug_rnglists
                0x0000000000000000      0x596
 .debug_rnglists
                0x0000000000000000       0x2e ./Core/Src/main.o
 .debug_rnglists
                0x000000000000002e       0x20 ./Core/Src/stm32f7xx_hal_msp.o
 .debug_rnglists
                0x000000000000004e       0x43 ./Core/Src/stm32f7xx_it.o
 .debug_rnglists
                0x0000000000000091       0x1a ./Core/Src/system_stm32f7xx.o
 .debug_rnglists
                0x00000000000000ab       0x19 ./Core/Startup/startup_stm32f767zitx.o
 .debug_rnglists
                0x00000000000000c4       0xc7 ./Drivers/STM32F7xx_HAL_Driver/Src/stm32f7xx_hal.o
 .debug_rnglists
                0x000000000000018b       0xda ./Drivers/STM32F7xx_HAL_Driver/Src/stm32f7xx_hal_cortex.o
 .debug_rnglists
                0x0000000000000265       0x3f ./Drivers/STM32F7xx_HAL_Driver/Src/stm32f7xx_hal_gpio.o
 .debug_rnglists
                0x00000000000002a4      0x228 ./Drivers/STM32F7xx_HAL_Driver/Src/stm32f7xx_hal_i2c.o
 .debug_rnglists
                0x00000000000004cc       0x27 ./Drivers/STM32F7xx_HAL_Driver/Src/stm32f7xx_hal_i2c_ex.o
 .debug_rnglists
                0x00000000000004f3       0x67 ./Drivers/STM32F7xx_HAL_Driver/Src/stm32f7xx_hal_rcc.o
 .debug_rnglists
                0x000000000000055a       0x3c ./Drivers/STM32F7xx_HAL_Driver/Src/stm32f7xx_hal_rcc_ex.o

.debug_macro    0x0000000000000000    0x25950
 .debug_macro   0x0000000000000000      0x1ca ./Core/Src/main.o
 .debug_macro   0x00000000000001ca      0xac0 ./Core/Src/main.o
 .debug_macro   0x0000000000000c8a      0x287 ./Core/Src/main.o
 .debug_macro   0x0000000000000f11       0x2e ./Core/Src/main.o
 .debug_macro   0x0000000000000f3f       0x3b ./Core/Src/main.o
 .debug_macro   0x0000000000000f7a       0x22 ./Core/Src/main.o
 .debug_macro   0x0000000000000f9c       0x8e ./Core/Src/main.o
 .debug_macro   0x000000000000102a       0x51 ./Core/Src/main.o
 .debug_macro   0x000000000000107b      0x103 ./Core/Src/main.o
 .debug_macro   0x000000000000117e       0x6a ./Core/Src/main.o
 .debug_macro   0x00000000000011e8      0x1df ./Core/Src/main.o
 .debug_macro   0x00000000000013c7       0x1c ./Core/Src/main.o
 .debug_macro   0x00000000000013e3       0x22 ./Core/Src/main.o
 .debug_macro   0x0000000000001405       0xd9 ./Core/Src/main.o
 .debug_macro   0x00000000000014de     0x12cd ./Core/Src/main.o
 .debug_macro   0x00000000000027ab      0x11f ./Core/Src/main.o
 .debug_macro   0x00000000000028ca       0x19 ./Core/Src/main.o
 .debug_macro   0x00000000000028e3    0x1aa23 ./Core/Src/main.o
 .debug_macro   0x000000000001d306       0x6d ./Core/Src/main.o
 .debug_macro   0x000000000001d373     0x3765 ./Core/Src/main.o
 .debug_macro   0x0000000000020ad8      0x174 ./Core/Src/main.o
 .debug_macro   0x0000000000020c4c       0x63 ./Core/Src/main.o
 .debug_macro   0x0000000000020caf     0x1add ./Core/Src/main.o
 .debug_macro   0x000000000002278c      0x6c4 ./Core/Src/main.o
 .debug_macro   0x0000000000022e50      0x18b ./Core/Src/main.o
 .debug_macro   0x0000000000022fdb      0x115 ./Core/Src/main.o
 .debug_macro   0x00000000000230f0      0x26e ./Core/Src/main.o
 .debug_macro   0x000000000002335e       0xa5 ./Core/Src/main.o
 .debug_macro   0x0000000000023403      0x24f ./Core/Src/main.o
 .debug_macro   0x0000000000023652       0x71 ./Core/Src/main.o
 .debug_macro   0x00000000000236c3       0x58 ./Core/Src/main.o
 .debug_macro   0x000000000002371b      0x236 ./Core/Src/main.o
 .debug_macro   0x0000000000023951      0x14e ./Core/Src/main.o
 .debug_macro   0x0000000000023a9f      0x3db ./Core/Src/main.o
 .debug_macro   0x0000000000023e7a       0x12 ./Core/Src/main.o
 .debug_macro   0x0000000000023e8c      0x22c ./Core/Src/main.o
 .debug_macro   0x00000000000240b8       0x61 ./Core/Src/main.o
 .debug_macro   0x0000000000024119       0xa5 ./Core/Src/main.o
 .debug_macro   0x00000000000241be      0x12e ./Core/Src/main.o
 .debug_macro   0x00000000000242ec      0x108 ./Core/Src/main.o
 .debug_macro   0x00000000000243f4       0x35 ./Core/Src/main.o
 .debug_macro   0x0000000000024429      0x15b ./Core/Src/main.o
 .debug_macro   0x0000000000024584      0x13c ./Core/Src/main.o
 .debug_macro   0x00000000000246c0      0x1ca ./Core/Src/stm32f7xx_hal_msp.o
 .debug_macro   0x000000000002488a      0x1d4 ./Core/Src/stm32f7xx_it.o
 .debug_macro   0x0000000000024a5e      0x1bb ./Core/Src/system_stm32f7xx.o
 .debug_macro   0x0000000000024c19      0x1df ./Drivers/STM32F7xx_HAL_Driver/Src/stm32f7xx_hal.o
 .debug_macro   0x0000000000024df8      0x1bb ./Drivers/STM32F7xx_HAL_Driver/Src/stm32f7xx_hal_cortex.o
 .debug_macro   0x0000000000024fb3      0x1c1 ./Drivers/STM32F7xx_HAL_Driver/Src/stm32f7xx_hal_gpio.o
 .debug_macro   0x0000000000025174      0x287 ./Drivers/STM32F7xx_HAL_Driver/Src/stm32f7xx_hal_i2c.o
 .debug_macro   0x00000000000253fb      0x1bb ./Drivers/STM32F7xx_HAL_Driver/Src/stm32f7xx_hal_i2c_ex.o
 .debug_macro   0x00000000000255b6      0x1df ./Drivers/STM32F7xx_HAL_Driver/Src/stm32f7xx_hal_rcc.o
 .debug_macro   0x0000000000025795      0x1bb ./Drivers/STM32F7xx_HAL_Driver/Src/stm32f7xx_hal_rcc_ex.o

.debug_line     0x0000000000000000     0xa8c8
 .debug_line    0x0000000000000000      0x931 ./Core/Src/main.o
 .debug_line    0x0000000000000931      0x828 ./Core/Src/stm32f7xx_hal_msp.o
 .debug_line    0x0000000000001159      0x878 ./Core/Src/stm32f7xx_it.o
 .debug_line    0x00000000000019d1      0x835 ./Core/Src/system_stm32f7xx.o
 .debug_line    0x0000000000002206       0x7a ./Core/Startup/startup_stm32f767zitx.o
 .debug_line    0x0000000000002280      0xaf6 ./Drivers/STM32F7xx_HAL_Driver/Src/stm32f7xx_hal.o
 .debug_line    0x0000000000002d76      0xd7a ./Drivers/STM32F7xx_HAL_Driver/Src/stm32f7xx_hal_cortex.o
 .debug_line    0x0000000000003af0      0xc40 ./Drivers/STM32F7xx_HAL_Driver/Src/stm32f7xx_hal_gpio.o
 .debug_line    0x0000000000004730     0x3a66 ./Drivers/STM32F7xx_HAL_Driver/Src/stm32f7xx_hal_i2c.o
 .debug_line    0x0000000000008196      0x8f1 ./Drivers/STM32F7xx_HAL_Driver/Src/stm32f7xx_hal_i2c_ex.o
 .debug_line    0x0000000000008a87      0xf35 ./Drivers/STM32F7xx_HAL_Driver/Src/stm32f7xx_hal_rcc.o
 .debug_line    0x00000000000099bc      0xf0c ./Drivers/STM32F7xx_HAL_Driver/Src/stm32f7xx_hal_rcc_ex.o

.debug_str      0x0000000000000000    0xe92fe
 .debug_str     0x0000000000000000    0xe6c1e ./Core/Src/main.o
                                      0xe73ba (size before relaxing)
 .debug_str     0x00000000000e6c1e      0x2f1 ./Core/Src/stm32f7xx_hal_msp.o
                                      0xe748d (size before relaxing)
 .debug_str     0x00000000000e6f0f       0xc9 ./Core/Src/stm32f7xx_it.o
                                      0xe6b34 (size before relaxing)
 .debug_str     0x00000000000e6fd8      0x1a4 ./Core/Src/system_stm32f7xx.o
                                      0xe685c (size before relaxing)
 .debug_str     0x00000000000e717c       0x34 ./Core/Startup/startup_stm32f767zitx.o
                                         0x73 (size before relaxing)
 .debug_str     0x00000000000e71b0      0xa90 ./Drivers/STM32F7xx_HAL_Driver/Src/stm32f7xx_hal.o
                                      0xe729c (size before relaxing)
 .debug_str     0x00000000000e7c40      0x37b ./Drivers/STM32F7xx_HAL_Driver/Src/stm32f7xx_hal_cortex.o
                                      0xe727e (size before relaxing)
 .debug_str     0x00000000000e7fbb      0x10a ./Drivers/STM32F7xx_HAL_Driver/Src/stm32f7xx_hal_gpio.o
                                      0xe691a (size before relaxing)
 .debug_str     0x00000000000e80c5      0xe0c ./Drivers/STM32F7xx_HAL_Driver/Src/stm32f7xx_hal_i2c.o
                                      0xe7a6f (size before relaxing)
 .debug_str     0x00000000000e8ed1       0x89 ./Drivers/STM32F7xx_HAL_Driver/Src/stm32f7xx_hal_i2c_ex.o
                                      0xe6cee (size before relaxing)
 .debug_str     0x00000000000e8f5a      0x255 ./Drivers/STM32F7xx_HAL_Driver/Src/stm32f7xx_hal_rcc.o
                                      0xe6bd7 (size before relaxing)
 .debug_str     0x00000000000e91af      0x14f ./Drivers/STM32F7xx_HAL_Driver/Src/stm32f7xx_hal_rcc_ex.o
                                      0xe6b3a (size before relaxing)

.debug_frame    0x0000000000000000     0x1d5c
 .debug_frame   0x0000000000000000       0xb0 ./Core/Src/main.o
 .debug_frame   0x00000000000000b0       0x84 ./Core/Src/stm32f7xx_hal_msp.o
 .debug_frame   0x0000000000000134      0x104 ./Core/Src/stm32f7xx_it.o
 .debug_frame   0x0000000000000238       0x58 ./Core/Src/system_stm32f7xx.o
 .debug_frame   0x0000000000000290      0x3f4 ./Drivers/STM32F7xx_HAL_Driver/Src/stm32f7xx_hal.o
 .debug_frame   0x0000000000000684      0x4e8 ./Drivers/STM32F7xx_HAL_Driver/Src/stm32f7xx_hal_cortex.o
 .debug_frame   0x0000000000000b6c      0x14c ./Drivers/STM32F7xx_HAL_Driver/Src/stm32f7xx_hal_gpio.o
 .debug_frame   0x0000000000000cb8      0xc38 ./Drivers/STM32F7xx_HAL_Driver/Src/stm32f7xx_hal_i2c.o
 .debug_frame   0x00000000000018f0       0xb0 ./Drivers/STM32F7xx_HAL_Driver/Src/stm32f7xx_hal_i2c_ex.o
 .debug_frame   0x00000000000019a0      0x1f8 ./Drivers/STM32F7xx_HAL_Driver/Src/stm32f7xx_hal_rcc.o
 .debug_frame   0x0000000000001b98      0x118 ./Drivers/STM32F7xx_HAL_Driver/Src/stm32f7xx_hal_rcc_ex.o
 .debug_frame   0x0000000000001cb0       0x20 C:/Program Files (x86)/STM32CubeIDE_1.14.0/STM32CubeIDE/plugins/com.st.stm32cube.ide.mcu.externaltools.gnu-tools-for-stm32.11.3.rel1.win32_1.1.100.202309141235/tools/bin/../lib/gcc/arm-none-eabi/11.3.1/../../../../arm-none-eabi/lib/thumb/v7e-m+dp/hard\libc_nano.a(libc_a-memset.o)
 .debug_frame   0x0000000000001cd0       0x2c C:/Program Files (x86)/STM32CubeIDE_1.14.0/STM32CubeIDE/plugins/com.st.stm32cube.ide.mcu.externaltools.gnu-tools-for-stm32.11.3.rel1.win32_1.1.100.202309141235/tools/bin/../lib/gcc/arm-none-eabi/11.3.1/../../../../arm-none-eabi/lib/thumb/v7e-m+dp/hard\libc_nano.a(libc_a-init.o)
 .debug_frame   0x0000000000001cfc       0x2c C:/Program Files (x86)/STM32CubeIDE_1.14.0/STM32CubeIDE/plugins/com.st.stm32cube.ide.mcu.externaltools.gnu-tools-for-stm32.11.3.rel1.win32_1.1.100.202309141235/tools/bin/../lib/gcc/arm-none-eabi/11.3.1/thumb/v7e-m+dp/hard\libgcc.a(_aeabi_uldivmod.o)
 .debug_frame   0x0000000000001d28       0x34 C:/Program Files (x86)/STM32CubeIDE_1.14.0/STM32CubeIDE/plugins/com.st.stm32cube.ide.mcu.externaltools.gnu-tools-for-stm32.11.3.rel1.win32_1.1.100.202309141235/tools/bin/../lib/gcc/arm-none-eabi/11.3.1/thumb/v7e-m+dp/hard\libgcc.a(_udivmoddi4.o)

.debug_line_str
                0x0000000000000000       0x67
 .debug_line_str
                0x0000000000000000       0x67 ./Core/Startup/startup_stm32f767zitx.o
                                         0x7f (size before relaxing)
