../Drivers/CMSIS/Include/core_cm7.h:2229:22:SCB_EnableICache	1
../Drivers/CMSIS/Include/core_cm7.h:2281:22:SCB_EnableDCache	3
../Core/Src/main.c:151:6:HAL_TIM_IC_CaptureCallback	1
../Core/Src/main.c:162:5:main	1
../Core/Src/main.c:261:6:SystemClock_Config	4
../Core/Src/main.c:315:13:MX_I2C1_Init	4
../Core/Src/main.c:363:13:MX_TIM1_Init	4
../Core/Src/main.c:410:13:MX_TIM2_Init	5
../Core/Src/main.c:463:13:MX_TIM3_Init	3
../Core/Src/main.c:512:13:MX_TIM10_Init	4
../Core/Src/main.c:558:13:MX_TIM13_Init	2
../Core/Src/main.c:589:13:MX_USART3_UART_Init	2
../Core/Src/main.c:624:13:MX_GPIO_Init	1
../Core/Src/main.c:706:6:HAL_TIM_PeriodElapsedCallback	7
../Core/Src/main.c:779:6:udp_client_connect	2
../Core/Src/main.c:806:13:udp_client_send	2
../Core/Src/main.c:829:6:udp_receive_callback	4
../Core/Src/main.c:880:6:MPU_Config	1
../Core/Src/main.c:911:6:Error_Handler	1
