../Drivers/CMSIS/Include/core_cm7.h:2229:22:SCB_EnableICache	1
../Drivers/CMSIS/Include/core_cm7.h:2281:22:SCB_EnableDCache	3
../Core/Src/main.c:124:5:main	1
../Core/Src/main.c:221:6:SystemClock_Config	4
../Core/Src/main.c:275:13:MX_I2C1_Init	4
../Core/Src/main.c:323:13:MX_TIM1_Init	4
../Core/Src/main.c:370:13:MX_TIM2_Init	5
../Core/Src/main.c:423:13:MX_TIM10_Init	4
../Core/Src/main.c:469:13:MX_TIM13_Init	2
../Core/Src/main.c:500:13:MX_USART3_UART_Init	2
../Core/Src/main.c:535:13:MX_GPIO_Init	1
../Core/Src/main.c:617:6:HAL_TIM_PeriodElapsedCallback	1
../Core/Src/main.c:636:6:udp_client_connect	2
../Core/Src/main.c:663:13:udp_client_send	2
../Core/Src/main.c:686:6:udp_receive_callback	4
../Core/Src/main.c:730:6:MPU_Config	1
../Core/Src/main.c:761:6:Error_Handler	1
