00:54:55 **** Incremental Build of configuration Debug for project F767ZI_freertos ****
make -j12 all 
arm-none-eabi-gcc "../Middlewares/Third_Party/FreeRTOS/Source/CMSIS_RTOS_V2/cmsis_os2.c" -mcpu=cortex-m7 -std=gnu11 -g3 -DDEBUG -DUSE_HAL_DRIVER -DSTM32F767xx -c -I../Core/Inc -I../Drivers/STM32F7xx_HAL_Driver/Inc -I../Drivers/STM32F7xx_HAL_Driver/Inc/Legacy -I../Drivers/CMSIS/Device/ST/STM32F7xx/Include -I../Drivers/CMSIS/Include -I../Middlewares/Third_Party/FreeRTOS/Source/include -I../Middlewares/Third_Party/FreeRTOS/Source/CMSIS_RTOS_V2 -I../Middlewares/Third_Party/FreeRTOS/Source/portable/GCC/ARM_CM7/r0p1 -O0 -ffunction-sections -fdata-sections -Wall -fstack-usage -fcyclomatic-complexity -MMD -MP -MF"Middlewares/Third_Party/FreeRTOS/Source/CMSIS_RTOS_V2/cmsis_os2.d" -MT"Middlewares/Third_Party/FreeRTOS/Source/CMSIS_RTOS_V2/cmsis_os2.o" --specs=nano.specs -mfpu=fpv5-d16 -mfloat-abi=hard -mthumb -o "Middlewares/Third_Party/FreeRTOS/Source/CMSIS_RTOS_V2/cmsis_os2.o"
arm-none-eabi-gcc -o "F767ZI_freertos.elf" @"objects.list"   -mcpu=cortex-m7 -T"/home/chris/stm_projects/freertos/F767ZI_freertos/STM32F767ZITX_FLASH.ld" --specs=nosys.specs -Wl,-Map="F767ZI_freertos.map" -Wl,--gc-sections -static --specs=nano.specs -mfpu=fpv5-d16 -mfloat-abi=hard -mthumb -Wl,--start-group -lc -lm -Wl,--end-group
Finished building target: F767ZI_freertos.elf
 
arm-none-eabi-size  F767ZI_freertos.elf 
arm-none-eabi-objdump -h -S F767ZI_freertos.elf  > "F767ZI_freertos.list"
   text	   data	    bss	    dec	    hex	filename
  29836	    344	  22080	  52260	   cc24	F767ZI_freertos.elf
Finished building: default.size.stdout
 
Finished building: F767ZI_freertos.list
 

00:54:56 Build Finished. 0 errors, 0 warnings. (took 574ms)

