../Core/Src/main.c:110:5:main	8	static
../Core/Src/main.c:196:6:SystemClock_Config	120	static
../Core/Src/main.c:257:13:MX_ETH_Init	8	static
../Core/Src/main.c:306:13:MX_USART3_UART_Init	8	static
../Core/Src/main.c:354:13:MX_USB_OTG_FS_PCD_Init	8	static
../Core/Src/main.c:390:13:MX_GPIO_Init	56	static
../Core/Src/main.c:462:6:StartBlink01	16	static
../Core/Src/main.c:482:6:StartBlink02	16	static
../Core/Src/main.c:503:6:HAL_TIM_PeriodElapsedCallback	16	static
../Core/Src/main.c:520:6:Error_Handler	4	static,ignoring_inline_asm
