14:36:41 **** Incremental Build of configuration Debug for project servo_test ****
make -j4 all 
arm-none-eabi-gcc "../Core/Src/main.c" -mcpu=cortex-m7 -std=gnu11 -g3 -DDEBUG -DUSE_HAL_DRIVER -DSTM32F767xx -c -I../Core/Inc -I"/home/chris/NGCP/NGCP_UGV_24_25/ugv-firmware/servo_test/Drivers/ugv_drivers/servo" -I../Drivers/STM32F7xx_HAL_Driver/Inc -I../Drivers/STM32F7xx_HAL_Driver/Inc/Legacy -I../Drivers/CMSIS/Device/ST/STM32F7xx/Include -I../Drivers/CMSIS/Include -O0 -ffunction-sections -fdata-sections -Wall -fstack-usage -fcyclomatic-complexity -MMD -MP -MF"Core/Src/main.d" -MT"Core/Src/main.o" --specs=nano.specs -mfpu=fpv5-d16 -mfloat-abi=hard -mthumb -o "Core/Src/main.o"
arm-none-eabi-gcc -o "servo_test.elf" @"objects.list"   -mcpu=cortex-m7 -T"/home/chris/NGCP/NGCP_UGV_24_25/ugv-firmware/servo_test/STM32F767ZITX_FLASH.ld" --specs=nosys.specs -Wl,-Map="servo_test.map" -Wl,--gc-sections -static --specs=nano.specs -mfpu=fpv5-d16 -mfloat-abi=hard -mthumb -Wl,--start-group -lc -lm -Wl,--end-group
Finished building target: servo_test.elf
 
arm-none-eabi-size  servo_test.elf 
arm-none-eabi-objdump -h -S servo_test.elf  > "servo_test.list"
   text	   data	    bss	    dec	    hex	filename
  15560	     20	   1836	  17416	   4408	servo_test.elf
Finished building: default.size.stdout
 
Finished building: servo_test.list
 

14:36:42 Build Finished. 0 errors, 0 warnings. (took 1s.484ms)

