Archive member included to satisfy reference by file (symbol)

C:/Program Files (x86)/STM32CubeIDE_1.14.0/STM32CubeIDE/plugins/com.st.stm32cube.ide.mcu.externaltools.gnu-tools-for-stm32.11.3.rel1.win32_1.1.100.202309141235/tools/bin/../lib/gcc/arm-none-eabi/11.3.1/../../../../arm-none-eabi/lib/thumb/v7e-m+dp/hard\libc_nano.a(libc_a-exit.o)
                              C:/Program Files (x86)/STM32CubeIDE_1.14.0/STM32CubeIDE/plugins/com.st.stm32cube.ide.mcu.externaltools.gnu-tools-for-stm32.11.3.rel1.win32_1.1.100.202309141235/tools/bin/../lib/gcc/arm-none-eabi/11.3.1/../../../../arm-none-eabi/lib/thumb/v7e-m+dp/hard/crt0.o (exit)
C:/Program Files (x86)/STM32CubeIDE_1.14.0/STM32CubeIDE/plugins/com.st.stm32cube.ide.mcu.externaltools.gnu-tools-for-stm32.11.3.rel1.win32_1.1.100.202309141235/tools/bin/../lib/gcc/arm-none-eabi/11.3.1/../../../../arm-none-eabi/lib/thumb/v7e-m+dp/hard\libc_nano.a(libc_a-findfp.o)
                              C:/Program Files (x86)/STM32CubeIDE_1.14.0/STM32CubeIDE/plugins/com.st.stm32cube.ide.mcu.externaltools.gnu-tools-for-stm32.11.3.rel1.win32_1.1.100.202309141235/tools/bin/../lib/gcc/arm-none-eabi/11.3.1/../../../../arm-none-eabi/lib/thumb/v7e-m+dp/hard\libc_nano.a(libc_a-exit.o) (__stdio_exit_handler)
C:/Program Files (x86)/STM32CubeIDE_1.14.0/STM32CubeIDE/plugins/com.st.stm32cube.ide.mcu.externaltools.gnu-tools-for-stm32.11.3.rel1.win32_1.1.100.202309141235/tools/bin/../lib/gcc/arm-none-eabi/11.3.1/../../../../arm-none-eabi/lib/thumb/v7e-m+dp/hard\libc_nano.a(libc_a-fwalk.o)
                              C:/Program Files (x86)/STM32CubeIDE_1.14.0/STM32CubeIDE/plugins/com.st.stm32cube.ide.mcu.externaltools.gnu-tools-for-stm32.11.3.rel1.win32_1.1.100.202309141235/tools/bin/../lib/gcc/arm-none-eabi/11.3.1/../../../../arm-none-eabi/lib/thumb/v7e-m+dp/hard\libc_nano.a(libc_a-findfp.o) (_fwalk_sglue)
C:/Program Files (x86)/STM32CubeIDE_1.14.0/STM32CubeIDE/plugins/com.st.stm32cube.ide.mcu.externaltools.gnu-tools-for-stm32.11.3.rel1.win32_1.1.100.202309141235/tools/bin/../lib/gcc/arm-none-eabi/11.3.1/../../../../arm-none-eabi/lib/thumb/v7e-m+dp/hard\libc_nano.a(libc_a-stdio.o)
                              C:/Program Files (x86)/STM32CubeIDE_1.14.0/STM32CubeIDE/plugins/com.st.stm32cube.ide.mcu.externaltools.gnu-tools-for-stm32.11.3.rel1.win32_1.1.100.202309141235/tools/bin/../lib/gcc/arm-none-eabi/11.3.1/../../../../arm-none-eabi/lib/thumb/v7e-m+dp/hard\libc_nano.a(libc_a-findfp.o) (__sread)
C:/Program Files (x86)/STM32CubeIDE_1.14.0/STM32CubeIDE/plugins/com.st.stm32cube.ide.mcu.externaltools.gnu-tools-for-stm32.11.3.rel1.win32_1.1.100.202309141235/tools/bin/../lib/gcc/arm-none-eabi/11.3.1/../../../../arm-none-eabi/lib/thumb/v7e-m+dp/hard\libc_nano.a(libc_a-memset.o)
                              C:/Program Files (x86)/STM32CubeIDE_1.14.0/STM32CubeIDE/plugins/com.st.stm32cube.ide.mcu.externaltools.gnu-tools-for-stm32.11.3.rel1.win32_1.1.100.202309141235/tools/bin/../lib/gcc/arm-none-eabi/11.3.1/../../../../arm-none-eabi/lib/thumb/v7e-m+dp/hard/crt0.o (memset)
C:/Program Files (x86)/STM32CubeIDE_1.14.0/STM32CubeIDE/plugins/com.st.stm32cube.ide.mcu.externaltools.gnu-tools-for-stm32.11.3.rel1.win32_1.1.100.202309141235/tools/bin/../lib/gcc/arm-none-eabi/11.3.1/../../../../arm-none-eabi/lib/thumb/v7e-m+dp/hard\libc_nano.a(libc_a-closer.o)
                              C:/Program Files (x86)/STM32CubeIDE_1.14.0/STM32CubeIDE/plugins/com.st.stm32cube.ide.mcu.externaltools.gnu-tools-for-stm32.11.3.rel1.win32_1.1.100.202309141235/tools/bin/../lib/gcc/arm-none-eabi/11.3.1/../../../../arm-none-eabi/lib/thumb/v7e-m+dp/hard\libc_nano.a(libc_a-stdio.o) (_close_r)
C:/Program Files (x86)/STM32CubeIDE_1.14.0/STM32CubeIDE/plugins/com.st.stm32cube.ide.mcu.externaltools.gnu-tools-for-stm32.11.3.rel1.win32_1.1.100.202309141235/tools/bin/../lib/gcc/arm-none-eabi/11.3.1/../../../../arm-none-eabi/lib/thumb/v7e-m+dp/hard\libc_nano.a(libc_a-reent.o)
                              C:/Program Files (x86)/STM32CubeIDE_1.14.0/STM32CubeIDE/plugins/com.st.stm32cube.ide.mcu.externaltools.gnu-tools-for-stm32.11.3.rel1.win32_1.1.100.202309141235/tools/bin/../lib/gcc/arm-none-eabi/11.3.1/../../../../arm-none-eabi/lib/thumb/v7e-m+dp/hard\libc_nano.a(libc_a-closer.o) (errno)
C:/Program Files (x86)/STM32CubeIDE_1.14.0/STM32CubeIDE/plugins/com.st.stm32cube.ide.mcu.externaltools.gnu-tools-for-stm32.11.3.rel1.win32_1.1.100.202309141235/tools/bin/../lib/gcc/arm-none-eabi/11.3.1/../../../../arm-none-eabi/lib/thumb/v7e-m+dp/hard\libc_nano.a(libc_a-impure.o)
                              C:/Program Files (x86)/STM32CubeIDE_1.14.0/STM32CubeIDE/plugins/com.st.stm32cube.ide.mcu.externaltools.gnu-tools-for-stm32.11.3.rel1.win32_1.1.100.202309141235/tools/bin/../lib/gcc/arm-none-eabi/11.3.1/../../../../arm-none-eabi/lib/thumb/v7e-m+dp/hard\libc_nano.a(libc_a-reent.o) (_impure_ptr)
[...]
Memory Configuration

Name             Origin             Length             Attributes
RAM              0x0000000020000000 0x0000000000080000 xrw
FLASH            0x0000000008000000 0x0000000000200000 xr
*default*        0x0000000000000000 0xffffffffffffffff

Linker script and memory map

LOAD C:/Program Files (x86)/STM32CubeIDE_1.14.0/STM32CubeIDE/plugins/com.st.stm32cube.ide.mcu.externaltools.gnu-tools-for-stm32.11.3.rel1.win32_1.1.100.202309141235/tools/bin/../lib/gcc/arm-none-eabi/11.3.1/thumb/v7e-m+dp/hard/crti.o
LOAD C:/Program Files (x86)/STM32CubeIDE_1.14.0/STM32CubeIDE/plugins/com.st.stm32cube.ide.mcu.externaltools.gnu-tools-for-stm32.11.3.rel1.win32_1.1.100.202309141235/tools/bin/../lib/gcc/arm-none-eabi/11.3.1/thumb/v7e-m+dp/hard/crtbegin.o
LOAD C:/Program Files (x86)/STM32CubeIDE_1.14.0/STM32CubeIDE/plugins/com.st.stm32cube.ide.mcu.externaltools.gnu-tools-for-stm32.11.3.rel1.win32_1.1.100.202309141235/tools/bin/../lib/gcc/arm-none-eabi/11.3.1/../../../../arm-none-eabi/lib/thumb/v7e-m+dp/hard/crt0.o
LOAD ./Core/Src/main.o
LOAD ./Core/Src/stm32f7xx_hal_msp.o
LOAD ./Core/Src/stm32f7xx_it.o
LOAD ./Core/Src/syscalls.o
LOAD ./Core/Src/sysmem.o
LOAD ./Core/Src/system_stm32f7xx.o
LOAD ./Core/Startup/startup_stm32f767zitx.o
LOAD ./Drivers/STM32F7xx_HAL_Driver/Src/stm32f7xx_hal.o
LOAD ./Drivers/STM32F7xx_HAL_Driver/Src/stm32f7xx_hal_cortex.o
LOAD ./Drivers/STM32F7xx_HAL_Driver/Src/stm32f7xx_hal_dma.o
LOAD ./Drivers/STM32F7xx_HAL_Driver/Src/stm32f7xx_hal_dma_ex.o
LOAD ./Drivers/STM32F7xx_HAL_Driver/Src/stm32f7xx_hal_eth.o
LOAD ./Drivers/STM32F7xx_HAL_Driver/Src/stm32f7xx_hal_exti.o
LOAD ./Drivers/STM32F7xx_HAL_Driver/Src/stm32f7xx_hal_flash.o
LOAD ./Drivers/STM32F7xx_HAL_Driver/Src/stm32f7xx_hal_flash_ex.o
LOAD ./Drivers/STM32F7xx_HAL_Driver/Src/stm32f7xx_hal_gpio.o
LOAD ./Drivers/STM32F7xx_HAL_Driver/Src/stm32f7xx_hal_i2c.o
LOAD ./Drivers/STM32F7xx_HAL_Driver/Src/stm32f7xx_hal_i2c_ex.o
LOAD ./Drivers/STM32F7xx_HAL_Driver/Src/stm32f7xx_hal_pcd.o
LOAD ./Drivers/STM32F7xx_HAL_Driver/Src/stm32f7xx_hal_pcd_ex.o
LOAD ./Drivers/STM32F7xx_HAL_Driver/Src/stm32f7xx_hal_pwr.o
LOAD ./Drivers/STM32F7xx_HAL_Driver/Src/stm32f7xx_hal_pwr_ex.o
LOAD ./Drivers/STM32F7xx_HAL_Driver/Src/stm32f7xx_hal_rcc.o
LOAD ./Drivers/STM32F7xx_HAL_Driver/Src/stm32f7xx_hal_rcc_ex.o
LOAD ./Drivers/STM32F7xx_HAL_Driver/Src/stm32f7xx_hal_tim.o
LOAD ./Drivers/STM32F7xx_HAL_Driver/Src/stm32f7xx_hal_tim_ex.o
LOAD ./Drivers/STM32F7xx_HAL_Driver/Src/stm32f7xx_hal_uart.o
LOAD ./Drivers/STM32F7xx_HAL_Driver/Src/stm32f7xx_hal_uart_ex.o
LOAD ./Drivers/STM32F7xx_HAL_Driver/Src/stm32f7xx_ll_usb.o
START GROUP
LOAD C:/Program Files (x86)/STM32CubeIDE_1.14.0/STM32CubeIDE/plugins/com.st.stm32cube.ide.mcu.externaltools.gnu-tools-for-stm32.11.3.rel1.win32_1.1.100.202309141235/tools/bin/../lib/gcc/arm-none-eabi/11.3.1/../../../../arm-none-eabi/lib/thumb/v7e-m+dp/hard\libc_nano.a
LOAD C:/Program Files (x86)/STM32CubeIDE_1.14.0/STM32CubeIDE/plugins/com.st.stm32cube.ide.mcu.externaltools.gnu-tools-for-stm32.11.3.rel1.win32_1.1.100.202309141235/tools/bin/../lib/gcc/arm-none-eabi/11.3.1/../../../../arm-none-eabi/lib/thumb/v7e-m+dp/hard\libm.a
END GROUP
START GROUP
LOAD C:/Program Files (x86)/STM32CubeIDE_1.14.0/STM32CubeIDE/plugins/com.st.stm32cube.ide.mcu.externaltools.gnu-tools-for-stm32.11.3.rel1.win32_1.1.100.202309141235/tools/bin/../lib/gcc/arm-none-eabi/11.3.1/thumb/v7e-m+dp/hard\libgcc.a
LOAD C:/Program Files (x86)/STM32CubeIDE_1.14.0/STM32CubeIDE/plugins/com.st.stm32cube.ide.mcu.externaltools.gnu-tools-for-stm32.11.3.rel1.win32_1.1.100.202309141235/tools/bin/../lib/gcc/arm-none-eabi/11.3.1/../../../../arm-none-eabi/lib/thumb/v7e-m+dp/hard\libc_nano.a
END GROUP
START GROUP
LOAD C:/Program Files (x86)/STM32CubeIDE_1.14.0/STM32CubeIDE/plugins/com.st.stm32cube.ide.mcu.externaltools.gnu-tools-for-stm32.11.3.rel1.win32_1.1.100.202309141235/tools/bin/../lib/gcc/arm-none-eabi/11.3.1/thumb/v7e-m+dp/hard\libgcc.a
LOAD C:/Program Files (x86)/STM32CubeIDE_1.14.0/STM32CubeIDE/plugins/com.st.stm32cube.ide.mcu.externaltools.gnu-tools-for-stm32.11.3.rel1.win32_1.1.100.202309141235/tools/bin/../lib/gcc/arm-none-eabi/11.3.1/../../../../arm-none-eabi/lib/thumb/v7e-m+dp/hard\libc_nano.a
LOAD C:/Program Files (x86)/STM32CubeIDE_1.14.0/STM32CubeIDE/plugins/com.st.stm32cube.ide.mcu.externaltools.gnu-tools-for-stm32.11.3.rel1.win32_1.1.100.202309141235/tools/bin/../lib/gcc/arm-none-eabi/11.3.1/../../../../arm-none-eabi/lib/thumb/v7e-m+dp/hard\libnosys.a
END GROUP
START GROUP
LOAD C:/Program Files (x86)/STM32CubeIDE_1.14.0/STM32CubeIDE/plugins/com.st.stm32cube.ide.mcu.externaltools.gnu-tools-for-stm32.11.3.rel1.win32_1.1.100.202309141235/tools/bin/../lib/gcc/arm-none-eabi/11.3.1/thumb/v7e-m+dp/hard\libgcc.a
LOAD C:/Program Files (x86)/STM32CubeIDE_1.14.0/STM32CubeIDE/plugins/com.st.stm32cube.ide.mcu.externaltools.gnu-tools-for-stm32.11.3.rel1.win32_1.1.100.202309141235/tools/bin/../lib/gcc/arm-none-eabi/11.3.1/../../../../arm-none-eabi/lib/thumb/v7e-m+dp/hard\libc_nano.a
LOAD C:/Program Files (x86)/STM32CubeIDE_1.14.0/STM32CubeIDE/plugins/com.st.stm32cube.ide.mcu.externaltools.gnu-tools-for-stm32.11.3.rel1.win32_1.1.100.202309141235/tools/bin/../lib/gcc/arm-none-eabi/11.3.1/../../../../arm-none-eabi/lib/thumb/v7e-m+dp/hard\libnosys.a
END GROUP
LOAD C:/Program Files (x86)/STM32CubeIDE_1.14.0/STM32CubeIDE/plugins/com.st.stm32cube.ide.mcu.externaltools.gnu-tools-for-stm32.11.3.rel1.win32_1.1.100.202309141235/tools/bin/../lib/gcc/arm-none-eabi/11.3.1/thumb/v7e-m+dp/hard/crtend.o
LOAD C:/Program Files (x86)/STM32CubeIDE_1.14.0/STM32CubeIDE/plugins/com.st.stm32cube.ide.mcu.externaltools.gnu-tools-for-stm32.11.3.rel1.win32_1.1.100.202309141235/tools/bin/../lib/gcc/arm-none-eabi/11.3.1/thumb/v7e-m+dp/hard/crtn.o
                0x0000000020080000                _estack = (ORIGIN (RAM) + LENGTH (RAM))
                0x0000000000000200                _Min_Heap_Size = 0x200
                0x0000000000000400                _Min_Stack_Size = 0x400

.isr_vector     0x0000000008000000      0x1f8
                0x0000000008000000                . = ALIGN (0x4)
 *(.isr_vector)
 .isr_vector    0x0000000008000000      0x1f8 ./Core/Startup/startup_stm32f767zitx.o
                0x0000000008000000                g_pfnVectors
                0x00000000080001f8                . = ALIGN (0x4)

.text           0x00000000080001f8     0x2964
                0x00000000080001f8                . = ALIGN (0x4)
 *(.text)
 .text          0x00000000080001f8       0x40 C:/Program Files (x86)/STM32CubeIDE_1.14.0/STM32CubeIDE/plugins/com.st.stm32cube.ide.mcu.externaltools.gnu-tools-for-stm32.11.3.rel1.win32_1.1.100.202309141235/tools/bin/../lib/gcc/arm-none-eabi/11.3.1/thumb/v7e-m+dp/hard/crtbegin.o
 .text          0x0000000008000238       0x30 C:/Program Files (x86)/STM32CubeIDE_1.14.0/STM32CubeIDE/plugins/com.st.stm32cube.ide.mcu.externaltools.gnu-tools-for-stm32.11.3.rel1.win32_1.1.100.202309141235/tools/bin/../lib/gcc/arm-none-eabi/11.3.1/thumb/v7e-m+dp/hard\libgcc.a(_aeabi_uldivmod.o)
                0x0000000008000238                __aeabi_uldivmod
 .text          0x0000000008000268      0x2c8 C:/Program Files (x86)/STM32CubeIDE_1.14.0/STM32CubeIDE/plugins/com.st.stm32cube.ide.mcu.externaltools.gnu-tools-for-stm32.11.3.rel1.win32_1.1.100.202309141235/tools/bin/../lib/gcc/arm-none-eabi/11.3.1/thumb/v7e-m+dp/hard\libgcc.a(_udivmoddi4.o)
                0x0000000008000268                __udivmoddi4
 .text          0x0000000008000530        0x4 C:/Program Files (x86)/STM32CubeIDE_1.14.0/STM32CubeIDE/plugins/com.st.stm32cube.ide.mcu.externaltools.gnu-tools-for-stm32.11.3.rel1.win32_1.1.100.202309141235/tools/bin/../lib/gcc/arm-none-eabi/11.3.1/thumb/v7e-m+dp/hard\libgcc.a(_dvmd_tls.o)
                0x0000000008000530                __aeabi_idiv0
                0x0000000008000530                __aeabi_ldiv0
 *(.text*)
 .text.SystemClock_Config
                0x0000000008000534       0xac ./Core/Src/main.o
                0x0000000008000534                SystemClock_Config
 .text.startup.main
                0x00000000080005e0      0x224 ./Core/Src/main.o
                0x00000000080005e0                main
 .text.Error_Handler
                0x0000000008000804        0x4 ./Core/Src/main.o
                0x0000000008000804                Error_Handler
 .text.HAL_MspInit
                0x0000000008000808       0x30 ./Core/Src/stm32f7xx_hal_msp.o
                0x0000000008000808                HAL_MspInit
 .text.HAL_ETH_MspInit
                0x0000000008000838      0x10c ./Core/Src/stm32f7xx_hal_msp.o
                0x0000000008000838                HAL_ETH_MspInit
 .text.HAL_UART_MspInit
                0x0000000008000944       0xac ./Core/Src/stm32f7xx_hal_msp.o
                0x0000000008000944                HAL_UART_MspInit
 .text.HAL_PCD_MspInit
                0x00000000080009f0       0xa8 ./Core/Src/stm32f7xx_hal_msp.o
                0x00000000080009f0                HAL_PCD_MspInit
 .text.NMI_Handler
                0x0000000008000a98        0x2 ./Core/Src/stm32f7xx_it.o
                0x0000000008000a98                NMI_Handler
 .text.HardFault_Handler
                0x0000000008000a9a        0x2 ./Core/Src/stm32f7xx_it.o
                0x0000000008000a9a                HardFault_Handler
 .text.MemManage_Handler
                0x0000000008000a9c        0x2 ./Core/Src/stm32f7xx_it.o
                0x0000000008000a9c                MemManage_Handler
 .text.BusFault_Handler
                0x0000000008000a9e        0x2 ./Core/Src/stm32f7xx_it.o
                0x0000000008000a9e                BusFault_Handler
 .text.UsageFault_Handler
                0x0000000008000aa0        0x2 ./Core/Src/stm32f7xx_it.o
                0x0000000008000aa0                UsageFault_Handler
 .text.SVC_Handler
                0x0000000008000aa2        0x2 ./Core/Src/stm32f7xx_it.o
                0x0000000008000aa2                SVC_Handler
 .text.DebugMon_Handler
                0x0000000008000aa4        0x2 ./Core/Src/stm32f7xx_it.o
                0x0000000008000aa4                DebugMon_Handler
 .text.PendSV_Handler
                0x0000000008000aa6        0x2 ./Core/Src/stm32f7xx_it.o
                0x0000000008000aa6                PendSV_Handler
 .text.SysTick_Handler
                0x0000000008000aa8        0x4 ./Core/Src/stm32f7xx_it.o
                0x0000000008000aa8                SysTick_Handler
 .text.USART1_IRQHandler
                0x0000000008000aac        0xc ./Core/Src/stm32f7xx_it.o
                0x0000000008000aac                USART1_IRQHandler
 .text.SystemInit
                0x0000000008000ab8       0x14 ./Core/Src/system_stm32f7xx.o
                0x0000000008000ab8                SystemInit
 .text.Reset_Handler
                0x0000000008000acc       0x50 ./Core/Startup/startup_stm32f767zitx.o
                0x0000000008000acc                Reset_Handler
 .text.Default_Handler
                0x0000000008000b1c        0x2 ./Core/Startup/startup_stm32f767zitx.o
                0x0000000008000b1c                RTC_Alarm_IRQHandler
                0x0000000008000b1c                EXTI2_IRQHandler
                0x0000000008000b1c                TIM8_CC_IRQHandler
                0x0000000008000b1c                UART8_IRQHandler
                0x0000000008000b1c                SPI4_IRQHandler
                0x0000000008000b1c                TIM1_CC_IRQHandler
                0x0000000008000b1c                DMA2_Stream5_IRQHandler
                0x0000000008000b1c                JPEG_IRQHandler
                0x0000000008000b1c                DMA1_Stream5_IRQHandler
                0x0000000008000b1c                CAN3_RX1_IRQHandler
                0x0000000008000b1c                PVD_IRQHandler
                0x0000000008000b1c                TAMP_STAMP_IRQHandler
                0x0000000008000b1c                CAN2_RX1_IRQHandler
                0x0000000008000b1c                EXTI3_IRQHandler
                0x0000000008000b1c                TIM8_TRG_COM_TIM14_IRQHandler
                0x0000000008000b1c                DFSDM1_FLT1_IRQHandler
                0x0000000008000b1c                TIM1_UP_TIM10_IRQHandler
                0x0000000008000b1c                TIM8_UP_TIM13_IRQHandler
                0x0000000008000b1c                I2C3_ER_IRQHandler
                0x0000000008000b1c                DFSDM1_FLT2_IRQHandler
                0x0000000008000b1c                EXTI0_IRQHandler
                0x0000000008000b1c                I2C2_EV_IRQHandler
                0x0000000008000b1c                DMA1_Stream2_IRQHandler
                0x0000000008000b1c                CAN1_RX0_IRQHandler
                0x0000000008000b1c                FPU_IRQHandler
                0x0000000008000b1c                OTG_HS_WKUP_IRQHandler
                0x0000000008000b1c                CAN3_SCE_IRQHandler
                0x0000000008000b1c                LTDC_ER_IRQHandler
                0x0000000008000b1c                CAN2_SCE_IRQHandler
                0x0000000008000b1c                DMA2_Stream2_IRQHandler
                0x0000000008000b1c                SPI1_IRQHandler
                0x0000000008000b1c                TIM6_DAC_IRQHandler
                0x0000000008000b1c                TIM1_BRK_TIM9_IRQHandler
                0x0000000008000b1c                DCMI_IRQHandler
                0x0000000008000b1c                CAN2_RX0_IRQHandler
                0x0000000008000b1c                DMA2_Stream3_IRQHandler
                0x0000000008000b1c                SAI2_IRQHandler
                0x0000000008000b1c                DFSDM1_FLT3_IRQHandler
                0x0000000008000b1c                USART6_IRQHandler
                0x0000000008000b1c                CAN3_RX0_IRQHandler
                0x0000000008000b1c                USART3_IRQHandler
                0x0000000008000b1c                CAN1_RX1_IRQHandler
                0x0000000008000b1c                UART5_IRQHandler
                0x0000000008000b1c                DMA2_Stream0_IRQHandler
                0x0000000008000b1c                TIM4_IRQHandler
                0x0000000008000b1c                QUADSPI_IRQHandler
                0x0000000008000b1c                I2C1_EV_IRQHandler
                0x0000000008000b1c                DMA1_Stream6_IRQHandler
                0x0000000008000b1c                DMA1_Stream1_IRQHandler
                0x0000000008000b1c                UART4_IRQHandler
                0x0000000008000b1c                TIM3_IRQHandler
                0x0000000008000b1c                RCC_IRQHandler
                0x0000000008000b1c                TIM8_BRK_TIM12_IRQHandler
                0x0000000008000b1c                Default_Handler
                0x0000000008000b1c                CEC_IRQHandler
                0x0000000008000b1c                EXTI15_10_IRQHandler
                0x0000000008000b1c                ADC_IRQHandler
                0x0000000008000b1c                DMA1_Stream7_IRQHandler
                0x0000000008000b1c                SPI5_IRQHandler
                0x0000000008000b1c                TIM7_IRQHandler
                0x0000000008000b1c                SDMMC1_IRQHandler
                0x0000000008000b1c                CAN2_TX_IRQHandler
                0x0000000008000b1c                TIM5_IRQHandler
                0x0000000008000b1c                DMA2_Stream7_IRQHandler
                0x0000000008000b1c                I2C3_EV_IRQHandler
                0x0000000008000b1c                EXTI9_5_IRQHandler
                0x0000000008000b1c                RTC_WKUP_IRQHandler
                0x0000000008000b1c                LTDC_IRQHandler
                0x0000000008000b1c                ETH_WKUP_IRQHandler
                0x0000000008000b1c                SPDIF_RX_IRQHandler
                0x0000000008000b1c                SPI2_IRQHandler
                0x0000000008000b1c                OTG_HS_EP1_IN_IRQHandler
                0x0000000008000b1c                DMA1_Stream0_IRQHandler
                0x0000000008000b1c                CAN1_TX_IRQHandler
                0x0000000008000b1c                EXTI4_IRQHandler
                0x0000000008000b1c                RNG_IRQHandler
                0x0000000008000b1c                ETH_IRQHandler
                0x0000000008000b1c                OTG_HS_EP1_OUT_IRQHandler
                0x0000000008000b1c                WWDG_IRQHandler
                0x0000000008000b1c                SPI6_IRQHandler
                0x0000000008000b1c                MDIOS_IRQHandler
                0x0000000008000b1c                I2C4_EV_IRQHandler
                0x0000000008000b1c                CAN3_TX_IRQHandler
                0x0000000008000b1c                TIM2_IRQHandler
                0x0000000008000b1c                OTG_FS_WKUP_IRQHandler
                0x0000000008000b1c                TIM1_TRG_COM_TIM11_IRQHandler
                0x0000000008000b1c                OTG_HS_IRQHandler
                0x0000000008000b1c                DMA2D_IRQHandler
                0x0000000008000b1c                EXTI1_IRQHandler
                0x0000000008000b1c                SDMMC2_IRQHandler
                0x0000000008000b1c                UART7_IRQHandler
                0x0000000008000b1c                USART2_IRQHandler
                0x0000000008000b1c                DFSDM1_FLT0_IRQHandler
                0x0000000008000b1c                I2C2_ER_IRQHandler
                0x0000000008000b1c                DMA2_Stream1_IRQHandler
                0x0000000008000b1c                CAN1_SCE_IRQHandler
                0x0000000008000b1c                FLASH_IRQHandler
                0x0000000008000b1c                DMA2_Stream4_IRQHandler
                0x0000000008000b1c                OTG_FS_IRQHandler
                0x0000000008000b1c                SPI3_IRQHandler
                0x0000000008000b1c                DMA1_Stream4_IRQHandler
                0x0000000008000b1c                I2C1_ER_IRQHandler
                0x0000000008000b1c                FMC_IRQHandler
                0x0000000008000b1c                LPTIM1_IRQHandler
                0x0000000008000b1c                I2C4_ER_IRQHandler
                0x0000000008000b1c                DMA2_Stream6_IRQHandler
                0x0000000008000b1c                SAI1_IRQHandler
                0x0000000008000b1c                DMA1_Stream3_IRQHandler
 *fill*         0x0000000008000b1e        0x2 
 .text.HAL_InitTick
                0x0000000008000b20       0x48 ./Drivers/STM32F7xx_HAL_Driver/Src/stm32f7xx_hal.o
                0x0000000008000b20                HAL_InitTick
 .text.HAL_Init
                0x0000000008000b68       0x16 ./Drivers/STM32F7xx_HAL_Driver/Src/stm32f7xx_hal.o
                0x0000000008000b68                HAL_Init
 *fill*         0x0000000008000b7e        0x2 
 .text.HAL_IncTick
                0x0000000008000b80       0x18 ./Drivers/STM32F7xx_HAL_Driver/Src/stm32f7xx_hal.o
                0x0000000008000b80                HAL_IncTick
 .text.HAL_GetTick
                0x0000000008000b98        0xc ./Drivers/STM32F7xx_HAL_Driver/Src/stm32f7xx_hal.o
                0x0000000008000b98                HAL_GetTick
 .text.HAL_Delay
                0x0000000008000ba4       0x24 ./Drivers/STM32F7xx_HAL_Driver/Src/stm32f7xx_hal.o
                0x0000000008000ba4                HAL_Delay
 .text.HAL_NVIC_SetPriorityGrouping
                0x0000000008000bc8       0x24 ./Drivers/STM32F7xx_HAL_Driver/Src/stm32f7xx_hal_cortex.o
                0x0000000008000bc8                HAL_NVIC_SetPriorityGrouping
 .text.HAL_NVIC_SetPriority
                0x0000000008000bec       0x64 ./Drivers/STM32F7xx_HAL_Driver/Src/stm32f7xx_hal_cortex.o
                0x0000000008000bec                HAL_NVIC_SetPriority
 .text.HAL_NVIC_EnableIRQ
                0x0000000008000c50       0x1c ./Drivers/STM32F7xx_HAL_Driver/Src/stm32f7xx_hal_cortex.o
                0x0000000008000c50                HAL_NVIC_EnableIRQ
 .text.HAL_SYSTICK_Config
                0x0000000008000c6c       0x28 ./Drivers/STM32F7xx_HAL_Driver/Src/stm32f7xx_hal_cortex.o
                0x0000000008000c6c                HAL_SYSTICK_Config
 .text.HAL_DMA_Abort
                0x0000000008000c94       0x7e ./Drivers/STM32F7xx_HAL_Driver/Src/stm32f7xx_hal_dma.o
                0x0000000008000c94                HAL_DMA_Abort
 .text.HAL_DMA_Abort_IT
                0x0000000008000d12       0x24 ./Drivers/STM32F7xx_HAL_Driver/Src/stm32f7xx_hal_dma.o
                0x0000000008000d12                HAL_DMA_Abort_IT
 *fill*         0x0000000008000d36        0x2 
 .text.ETH_SetMACConfig
                0x0000000008000d38       0xec ./Drivers/STM32F7xx_HAL_Driver/Src/stm32f7xx_hal_eth.o
 .text.ETH_SetDMAConfig
                0x0000000008000e24       0xa4 ./Drivers/STM32F7xx_HAL_Driver/Src/stm32f7xx_hal_eth.o
 .text.HAL_ETH_Init
                0x0000000008000ec8      0x1f8 ./Drivers/STM32F7xx_HAL_Driver/Src/stm32f7xx_hal_eth.o
                0x0000000008000ec8                HAL_ETH_Init
 .text.HAL_GPIO_Init
                0x00000000080010c0      0x1c4 ./Drivers/STM32F7xx_HAL_Driver/Src/stm32f7xx_hal_gpio.o
                0x00000000080010c0                HAL_GPIO_Init
 .text.HAL_GPIO_WritePin
                0x0000000008001284        0xa ./Drivers/STM32F7xx_HAL_Driver/Src/stm32f7xx_hal_gpio.o
                0x0000000008001284                HAL_GPIO_WritePin
 .text.HAL_GPIO_TogglePin
                0x000000000800128e       0x12 ./Drivers/STM32F7xx_HAL_Driver/Src/stm32f7xx_hal_gpio.o
                0x000000000800128e                HAL_GPIO_TogglePin
 .text.HAL_PCD_Init
                0x00000000080012a0       0xee ./Drivers/STM32F7xx_HAL_Driver/Src/stm32f7xx_hal_pcd.o
                0x00000000080012a0                HAL_PCD_Init
 .text.HAL_PCDEx_ActivateLPM
                0x000000000800138e       0x26 ./Drivers/STM32F7xx_HAL_Driver/Src/stm32f7xx_hal_pcd_ex.o
                0x000000000800138e                HAL_PCDEx_ActivateLPM
 .text.HAL_PWR_EnableBkUpAccess
                0x00000000080013b4       0x10 ./Drivers/STM32F7xx_HAL_Driver/Src/stm32f7xx_hal_pwr.o
                0x00000000080013b4                HAL_PWR_EnableBkUpAccess
 .text.HAL_PWREx_EnableOverDrive
                0x00000000080013c4       0x70 ./Drivers/STM32F7xx_HAL_Driver/Src/stm32f7xx_hal_pwr_ex.o
                0x00000000080013c4                HAL_PWREx_EnableOverDrive
 .text.HAL_RCC_OscConfig
                0x0000000008001434      0x384 ./Drivers/STM32F7xx_HAL_Driver/Src/stm32f7xx_hal_rcc.o
                0x0000000008001434                HAL_RCC_OscConfig
 .text.HAL_RCC_GetSysClockFreq
                0x00000000080017b8       0x5c ./Drivers/STM32F7xx_HAL_Driver/Src/stm32f7xx_hal_rcc.o
                0x00000000080017b8                HAL_RCC_GetSysClockFreq
 .text.HAL_RCC_ClockConfig
                0x0000000008001814      0x13c ./Drivers/STM32F7xx_HAL_Driver/Src/stm32f7xx_hal_rcc.o
                0x0000000008001814                HAL_RCC_ClockConfig
 .text.HAL_RCC_GetPCLK1Freq
                0x0000000008001950       0x20 ./Drivers/STM32F7xx_HAL_Driver/Src/stm32f7xx_hal_rcc.o
                0x0000000008001950                HAL_RCC_GetPCLK1Freq
 .text.HAL_RCC_GetPCLK2Freq
                0x0000000008001970       0x20 ./Drivers/STM32F7xx_HAL_Driver/Src/stm32f7xx_hal_rcc.o
                0x0000000008001970                HAL_RCC_GetPCLK2Freq
 .text.HAL_RCCEx_PeriphCLKConfig
                0x0000000008001990      0x55c ./Drivers/STM32F7xx_HAL_Driver/Src/stm32f7xx_hal_rcc_ex.o
                0x0000000008001990                HAL_RCCEx_PeriphCLKConfig
 .text.UART_EndRxTransfer
                0x0000000008001eec       0x50 ./Drivers/STM32F7xx_HAL_Driver/Src/stm32f7xx_hal_uart.o
 .text.HAL_UART_TxCpltCallback
                0x0000000008001f3c        0x2 ./Drivers/STM32F7xx_HAL_Driver/Src/stm32f7xx_hal_uart.o
                0x0000000008001f3c                HAL_UART_TxCpltCallback
 .text.HAL_UART_ErrorCallback
                0x0000000008001f3e        0x2 ./Drivers/STM32F7xx_HAL_Driver/Src/stm32f7xx_hal_uart.o
                0x0000000008001f3e                HAL_UART_ErrorCallback
 .text.UART_DMAAbortOnError
                0x0000000008001f40       0x14 ./Drivers/STM32F7xx_HAL_Driver/Src/stm32f7xx_hal_uart.o
 .text.HAL_UARTEx_RxEventCallback
                0x0000000008001f54        0x2 ./Drivers/STM32F7xx_HAL_Driver/Src/stm32f7xx_hal_uart.o
                0x0000000008001f54                HAL_UARTEx_RxEventCallback
 .text.HAL_UARTEx_WakeupCallback
                0x0000000008001f56        0x2 ./Drivers/STM32F7xx_HAL_Driver/Src/stm32f7xx_hal_uart.o
                0x0000000008001f56                HAL_UARTEx_WakeupCallback
 .text.HAL_UART_IRQHandler
                0x0000000008001f58      0x2a0 ./Drivers/STM32F7xx_HAL_Driver/Src/stm32f7xx_hal_uart.o
                0x0000000008001f58                HAL_UART_IRQHandler
 .text.UART_SetConfig
                0x00000000080021f8      0x284 ./Drivers/STM32F7xx_HAL_Driver/Src/stm32f7xx_hal_uart.o
                0x00000000080021f8                UART_SetConfig
 .text.UART_AdvFeatureConfig
                0x000000000800247c       0xaa ./Drivers/STM32F7xx_HAL_Driver/Src/stm32f7xx_hal_uart.o
                0x000000000800247c                UART_AdvFeatureConfig
 .text.UART_WaitOnFlagUntilTimeout
                0x0000000008002526       0x90 ./Drivers/STM32F7xx_HAL_Driver/Src/stm32f7xx_hal_uart.o
                0x0000000008002526                UART_WaitOnFlagUntilTimeout
 .text.HAL_UART_Receive
                0x00000000080025b6       0xda ./Drivers/STM32F7xx_HAL_Driver/Src/stm32f7xx_hal_uart.o
                0x00000000080025b6                HAL_UART_Receive
 .text.UART_CheckIdleState
                0x0000000008002690       0xb4 ./Drivers/STM32F7xx_HAL_Driver/Src/stm32f7xx_hal_uart.o
                0x0000000008002690                UART_CheckIdleState
 .text.HAL_UART_Init
                0x0000000008002744       0x5c ./Drivers/STM32F7xx_HAL_Driver/Src/stm32f7xx_hal_uart.o
                0x0000000008002744                HAL_UART_Init
 .text.USB_CoreReset
                0x00000000080027a0       0x46 ./Drivers/STM32F7xx_HAL_Driver/Src/stm32f7xx_ll_usb.o
 .text.USB_CoreInit
                0x00000000080027e6       0x7c ./Drivers/STM32F7xx_HAL_Driver/Src/stm32f7xx_ll_usb.o
                0x00000000080027e6                USB_CoreInit
 .text.USB_DisableGlobalInt
                0x0000000008002862        0xc ./Drivers/STM32F7xx_HAL_Driver/Src/stm32f7xx_ll_usb.o
                0x0000000008002862                USB_DisableGlobalInt
 .text.USB_SetCurrentMode
                0x000000000800286e       0x5c ./Drivers/STM32F7xx_HAL_Driver/Src/stm32f7xx_ll_usb.o
                0x000000000800286e                USB_SetCurrentMode
 .text.USB_FlushTxFifo
                0x00000000080028ca       0x46 ./Drivers/STM32F7xx_HAL_Driver/Src/stm32f7xx_ll_usb.o
                0x00000000080028ca                USB_FlushTxFifo
 .text.USB_FlushRxFifo
                0x0000000008002910       0x42 ./Drivers/STM32F7xx_HAL_Driver/Src/stm32f7xx_ll_usb.o
                0x0000000008002910                USB_FlushRxFifo
 .text.USB_SetDevSpeed
                0x0000000008002952        0xe ./Drivers/STM32F7xx_HAL_Driver/Src/stm32f7xx_ll_usb.o
                0x0000000008002952                USB_SetDevSpeed
 .text.USB_DevInit
                0x0000000008002960      0x170 ./Drivers/STM32F7xx_HAL_Driver/Src/stm32f7xx_ll_usb.o
                0x0000000008002960                USB_DevInit
 .text.USB_DevDisconnect
                0x0000000008002ad0       0x1c ./Drivers/STM32F7xx_HAL_Driver/Src/stm32f7xx_ll_usb.o
                0x0000000008002ad0                USB_DevDisconnect
 .text.memset   0x0000000008002aec       0x10 C:/Program Files (x86)/STM32CubeIDE_1.14.0/STM32CubeIDE/plugins/com.st.stm32cube.ide.mcu.externaltools.gnu-tools-for-stm32.11.3.rel1.win32_1.1.100.202309141235/tools/bin/../lib/gcc/arm-none-eabi/11.3.1/../../../../arm-none-eabi/lib/thumb/v7e-m+dp/hard\libc_nano.a(libc_a-memset.o)
                0x0000000008002aec                memset
 .text.__libc_init_array
                0x0000000008002afc       0x48 C:/Program Files (x86)/STM32CubeIDE_1.14.0/STM32CubeIDE/plugins/com.st.stm32cube.ide.mcu.externaltools.gnu-tools-for-stm32.11.3.rel1.win32_1.1.100.202309141235/tools/bin/../lib/gcc/arm-none-eabi/11.3.1/../../../../arm-none-eabi/lib/thumb/v7e-m+dp/hard\libc_nano.a(libc_a-init.o)
                0x0000000008002afc                __libc_init_array
 *(.glue_7)
 .glue_7        0x0000000008002b44        0x0 linker stubs
 *(.glue_7t)
 .glue_7t       0x0000000008002b44        0x0 linker stubs
 *(.eh_frame)
 .eh_frame      0x0000000008002b44        0x0 C:/Program Files (x86)/STM32CubeIDE_1.14.0/STM32CubeIDE/plugins/com.st.stm32cube.ide.mcu.externaltools.gnu-tools-for-stm32.11.3.rel1.win32_1.1.100.202309141235/tools/bin/../lib/gcc/arm-none-eabi/11.3.1/thumb/v7e-m+dp/hard/crtbegin.o
 *(.init)
 .init          0x0000000008002b44        0x4 C:/Program Files (x86)/STM32CubeIDE_1.14.0/STM32CubeIDE/plugins/com.st.stm32cube.ide.mcu.externaltools.gnu-tools-for-stm32.11.3.rel1.win32_1.1.100.202309141235/tools/bin/../lib/gcc/arm-none-eabi/11.3.1/thumb/v7e-m+dp/hard/crti.o
                0x0000000008002b44                _init
 .init          0x0000000008002b48        0x8 C:/Program Files (x86)/STM32CubeIDE_1.14.0/STM32CubeIDE/plugins/com.st.stm32cube.ide.mcu.externaltools.gnu-tools-for-stm32.11.3.rel1.win32_1.1.100.202309141235/tools/bin/../lib/gcc/arm-none-eabi/11.3.1/thumb/v7e-m+dp/hard/crtn.o
 *(.fini)
 .fini          0x0000000008002b50        0x4 C:/Program Files (x86)/STM32CubeIDE_1.14.0/STM32CubeIDE/plugins/com.st.stm32cube.ide.mcu.externaltools.gnu-tools-for-stm32.11.3.rel1.win32_1.1.100.202309141235/tools/bin/../lib/gcc/arm-none-eabi/11.3.1/thumb/v7e-m+dp/hard/crti.o
                0x0000000008002b50                _fini
 .fini          0x0000000008002b54        0x8 C:/Program Files (x86)/STM32CubeIDE_1.14.0/STM32CubeIDE/plugins/com.st.stm32cube.ide.mcu.externaltools.gnu-tools-for-stm32.11.3.rel1.win32_1.1.100.202309141235/tools/bin/../lib/gcc/arm-none-eabi/11.3.1/thumb/v7e-m+dp/hard/crtn.o
                0x0000000008002b5c                . = ALIGN (0x4)
                0x0000000008002b5c                _etext = .

.vfp11_veneer   0x0000000008002b5c        0x0
 .vfp11_veneer  0x0000000008002b5c        0x0 linker stubs

.v4_bx          0x0000000008002b5c        0x0
 .v4_bx         0x0000000008002b5c        0x0 linker stubs

.iplt           0x0000000008002b5c        0x0
 .iplt          0x0000000008002b5c        0x0 C:/Program Files (x86)/STM32CubeIDE_1.14.0/STM32CubeIDE/plugins/com.st.stm32cube.ide.mcu.externaltools.gnu-tools-for-stm32.11.3.rel1.win32_1.1.100.202309141235/tools/bin/../lib/gcc/arm-none-eabi/11.3.1/thumb/v7e-m+dp/hard/crtbegin.o

.rodata         0x0000000008002b5c       0x28
                0x0000000008002b5c                . = ALIGN (0x4)
 *(.rodata)
 *(.rodata*)
 .rodata.AHBPrescTable
                0x0000000008002b5c       0x10 ./Core/Src/system_stm32f7xx.o
                0x0000000008002b5c                AHBPrescTable
 .rodata.APBPrescTable
                0x0000000008002b6c        0x8 ./Core/Src/system_stm32f7xx.o
                0x0000000008002b6c                APBPrescTable
 .rodata.CSWTCH.54
                0x0000000008002b74        0x3 ./Drivers/STM32F7xx_HAL_Driver/Src/stm32f7xx_hal_uart.o
 .rodata.CSWTCH.55
                0x0000000008002b77        0xd ./Drivers/STM32F7xx_HAL_Driver/Src/stm32f7xx_hal_uart.o
                0x0000000008002b84                . = ALIGN (0x4)

.ARM.extab      0x0000000008002b84        0x0
                0x0000000008002b84                . = ALIGN (0x4)
 *(.ARM.extab* .gnu.linkonce.armextab.*)
                0x0000000008002b84                . = ALIGN (0x4)

.ARM            0x0000000008002b84        0x8
                0x0000000008002b84                . = ALIGN (0x4)
                0x0000000008002b84                __exidx_start = .
 *(.ARM.exidx*)
 .ARM.exidx     0x0000000008002b84        0x8 C:/Program Files (x86)/STM32CubeIDE_1.14.0/STM32CubeIDE/plugins/com.st.stm32cube.ide.mcu.externaltools.gnu-tools-for-stm32.11.3.rel1.win32_1.1.100.202309141235/tools/bin/../lib/gcc/arm-none-eabi/11.3.1/thumb/v7e-m+dp/hard\libgcc.a(_udivmoddi4.o)
                0x0000000008002b8c                __exidx_end = .
                0x0000000008002b8c                . = ALIGN (0x4)

.rel.dyn        0x0000000008002b8c        0x0
 .rel.iplt      0x0000000008002b8c        0x0 C:/Program Files (x86)/STM32CubeIDE_1.14.0/STM32CubeIDE/plugins/com.st.stm32cube.ide.mcu.externaltools.gnu-tools-for-stm32.11.3.rel1.win32_1.1.100.202309141235/tools/bin/../lib/gcc/arm-none-eabi/11.3.1/thumb/v7e-m+dp/hard/crtbegin.o

.preinit_array  0x0000000008002b8c        0x0
                0x0000000008002b8c                . = ALIGN (0x4)
                0x0000000008002b8c                PROVIDE (__preinit_array_start = .)
 *(.preinit_array*)
                0x0000000008002b8c                PROVIDE (__preinit_array_end = .)
                0x0000000008002b8c                . = ALIGN (0x4)

.init_array     0x0000000008002b8c        0x4
                0x0000000008002b8c                . = ALIGN (0x4)
                0x0000000008002b8c                PROVIDE (__init_array_start = .)
 *(SORT_BY_NAME(.init_array.*))
 *(.init_array*)
 .init_array    0x0000000008002b8c        0x4 C:/Program Files (x86)/STM32CubeIDE_1.14.0/STM32CubeIDE/plugins/com.st.stm32cube.ide.mcu.externaltools.gnu-tools-for-stm32.11.3.rel1.win32_1.1.100.202309141235/tools/bin/../lib/gcc/arm-none-eabi/11.3.1/thumb/v7e-m+dp/hard/crtbegin.o
                0x0000000008002b90                PROVIDE (__init_array_end = .)
                0x0000000008002b90                . = ALIGN (0x4)

.fini_array     0x0000000008002b90        0x4
                0x0000000008002b90                . = ALIGN (0x4)
                [!provide]                        PROVIDE (__fini_array_start = .)
 *(SORT_BY_NAME(.fini_array.*))
 *(.fini_array*)
 .fini_array    0x0000000008002b90        0x4 C:/Program Files (x86)/STM32CubeIDE_1.14.0/STM32CubeIDE/plugins/com.st.stm32cube.ide.mcu.externaltools.gnu-tools-for-stm32.11.3.rel1.win32_1.1.100.202309141235/tools/bin/../lib/gcc/arm-none-eabi/11.3.1/thumb/v7e-m+dp/hard/crtbegin.o
                [!provide]                        PROVIDE (__fini_array_end = .)
                0x0000000008002b94                . = ALIGN (0x4)
                0x0000000008002b94                _sidata = LOADADDR (.data)

.data           0x0000000020000000        0xc load address 0x0000000008002b94
                0x0000000020000000                . = ALIGN (0x4)
                0x0000000020000000                _sdata = .
 *(.data)
 *(.data*)
 .data.SystemCoreClock
                0x0000000020000000        0x4 ./Core/Src/system_stm32f7xx.o
                0x0000000020000000                SystemCoreClock
 .data.uwTickFreq
                0x0000000020000004        0x1 ./Drivers/STM32F7xx_HAL_Driver/Src/stm32f7xx_hal.o
                0x0000000020000004                uwTickFreq
 *fill*         0x0000000020000005        0x3 
 .data.uwTickPrio
                0x0000000020000008        0x4 ./Drivers/STM32F7xx_HAL_Driver/Src/stm32f7xx_hal.o
                0x0000000020000008                uwTickPrio
 *(.RamFunc)
 *(.RamFunc*)
                0x000000002000000c                . = ALIGN (0x4)
                0x000000002000000c                _edata = .

.igot.plt       0x000000002000000c        0x0 load address 0x0000000008002ba0
 .igot.plt      0x000000002000000c        0x0 C:/Program Files (x86)/STM32CubeIDE_1.14.0/STM32CubeIDE/plugins/com.st.stm32cube.ide.mcu.externaltools.gnu-tools-for-stm32.11.3.rel1.win32_1.1.100.202309141235/tools/bin/../lib/gcc/arm-none-eabi/11.3.1/thumb/v7e-m+dp/hard/crtbegin.o

.RxDecripSection
                0x000000002000000c       0xa0 load address 0x0000000008002ba0
 .RxDecripSection
                0x000000002000000c       0xa0 ./Core/Src/main.o
                0x000000002000000c                DMARxDscrTab

.TxDecripSection
                0x00000000200000ac       0xa0 load address 0x0000000008002c40
 .TxDecripSection
                0x00000000200000ac       0xa0 ./Core/Src/main.o
                0x00000000200000ac                DMATxDscrTab
                0x000000002000014c                . = ALIGN (0x4)

.bss            0x000000002000014c      0x68c load address 0x0000000008002ce0
                0x000000002000014c                _sbss = .
                0x000000002000014c                __bss_start__ = _sbss
 *(.bss)
 .bss           0x000000002000014c       0x1c C:/Program Files (x86)/STM32CubeIDE_1.14.0/STM32CubeIDE/plugins/com.st.stm32cube.ide.mcu.externaltools.gnu-tools-for-stm32.11.3.rel1.win32_1.1.100.202309141235/tools/bin/../lib/gcc/arm-none-eabi/11.3.1/thumb/v7e-m+dp/hard/crtbegin.o
 *(.bss*)
 .bss.MACAddr.0
                0x0000000020000168        0x6 ./Core/Src/main.o
 .bss.RxData    0x000000002000016e       0x14 ./Core/Src/main.o
                0x000000002000016e                RxData
 *fill*         0x0000000020000182        0x2 
 .bss.TxConfig  0x0000000020000184       0x38 ./Core/Src/main.o
                0x0000000020000184                TxConfig
 .bss.heth      0x00000000200001bc       0xb0 ./Core/Src/main.o
                0x00000000200001bc                heth
 .bss.hpcd_USB_OTG_FS
                0x000000002000026c      0x4e0 ./Core/Src/main.o
                0x000000002000026c                hpcd_USB_OTG_FS
 .bss.huart1    0x000000002000074c       0x88 ./Core/Src/main.o
                0x000000002000074c                huart1
 .bss.uwTick    0x00000000200007d4        0x4 ./Drivers/STM32F7xx_HAL_Driver/Src/stm32f7xx_hal.o
                0x00000000200007d4                uwTick
 *(COMMON)
                0x00000000200007d8                . = ALIGN (0x4)
                0x00000000200007d8                _ebss = .
                0x00000000200007d8                __bss_end__ = _ebss

._user_heap_stack
                0x00000000200007d8      0x600 load address 0x0000000008002ce0
                0x00000000200007d8                . = ALIGN (0x8)
                [!provide]                        PROVIDE (end = .)
                0x00000000200007d8                PROVIDE (_end = .)
                0x00000000200009d8                . = (. + _Min_Heap_Size)
 *fill*         0x00000000200007d8      0x200 
                0x0000000020000dd8                . = (. + _Min_Stack_Size)
 *fill*         0x00000000200009d8      0x400 
                0x0000000020000dd8                . = ALIGN (0x8)

/DISCARD/
 libc.a(*)
 libm.a(*)
 libgcc.a(*)

.ARM.attributes
                0x0000000000000000       0x2e
 *(.ARM.attributes)
 .ARM.attributes
                0x0000000000000000       0x1e C:/Program Files (x86)/STM32CubeIDE_1.14.0/STM32CubeIDE/plugins/com.st.stm32cube.ide.mcu.externaltools.gnu-tools-for-stm32.11.3.rel1.win32_1.1.100.202309141235/tools/bin/../lib/gcc/arm-none-eabi/11.3.1/thumb/v7e-m+dp/hard/crti.o
 .ARM.attributes
                0x000000000000001e       0x32 C:/Program Files (x86)/STM32CubeIDE_1.14.0/STM32CubeIDE/plugins/com.st.stm32cube.ide.mcu.externaltools.gnu-tools-for-stm32.11.3.rel1.win32_1.1.100.202309141235/tools/bin/../lib/gcc/arm-none-eabi/11.3.1/thumb/v7e-m+dp/hard/crtbegin.o
 .ARM.attributes
                0x0000000000000050       0x32 ./Core/Src/main.o
 .ARM.attributes
                0x0000000000000082       0x32 ./Core/Src/stm32f7xx_hal_msp.o
 .ARM.attributes
                0x00000000000000b4       0x32 ./Core/Src/stm32f7xx_it.o
 .ARM.attributes
                0x00000000000000e6       0x32 ./Core/Src/system_stm32f7xx.o
 .ARM.attributes
                0x0000000000000118       0x21 ./Core/Startup/startup_stm32f767zitx.o
 .ARM.attributes
                0x0000000000000139       0x32 ./Drivers/STM32F7xx_HAL_Driver/Src/stm32f7xx_hal.o
 .ARM.attributes
                0x000000000000016b       0x32 ./Drivers/STM32F7xx_HAL_Driver/Src/stm32f7xx_hal_cortex.o
 .ARM.attributes
                0x000000000000019d       0x32 ./Drivers/STM32F7xx_HAL_Driver/Src/stm32f7xx_hal_dma.o
 .ARM.attributes
                0x00000000000001cf       0x32 ./Drivers/STM32F7xx_HAL_Driver/Src/stm32f7xx_hal_eth.o
 .ARM.attributes
                0x0000000000000201       0x32 ./Drivers/STM32F7xx_HAL_Driver/Src/stm32f7xx_hal_gpio.o
 .ARM.attributes
                0x0000000000000233       0x32 ./Drivers/STM32F7xx_HAL_Driver/Src/stm32f7xx_hal_pcd.o
 .ARM.attributes
                0x0000000000000265       0x32 ./Drivers/STM32F7xx_HAL_Driver/Src/stm32f7xx_hal_pcd_ex.o
 .ARM.attributes
                0x0000000000000297       0x32 ./Drivers/STM32F7xx_HAL_Driver/Src/stm32f7xx_hal_pwr.o
 .ARM.attributes
                0x00000000000002c9       0x32 ./Drivers/STM32F7xx_HAL_Driver/Src/stm32f7xx_hal_pwr_ex.o
 .ARM.attributes
                0x00000000000002fb       0x32 ./Drivers/STM32F7xx_HAL_Driver/Src/stm32f7xx_hal_rcc.o
 .ARM.attributes
                0x000000000000032d       0x32 ./Drivers/STM32F7xx_HAL_Driver/Src/stm32f7xx_hal_rcc_ex.o
 .ARM.attributes
                0x000000000000035f       0x32 ./Drivers/STM32F7xx_HAL_Driver/Src/stm32f7xx_hal_uart.o
 .ARM.attributes
                0x0000000000000391       0x32 ./Drivers/STM32F7xx_HAL_Driver/Src/stm32f7xx_ll_usb.o
 .ARM.attributes
                0x00000000000003c3       0x32 C:/Program Files (x86)/STM32CubeIDE_1.14.0/STM32CubeIDE/plugins/com.st.stm32cube.ide.mcu.externaltools.gnu-tools-for-stm32.11.3.rel1.win32_1.1.100.202309141235/tools/bin/../lib/gcc/arm-none-eabi/11.3.1/../../../../arm-none-eabi/lib/thumb/v7e-m+dp/hard\libc_nano.a(libc_a-memset.o)
 .ARM.attributes
                0x00000000000003f5       0x32 C:/Program Files (x86)/STM32CubeIDE_1.14.0/STM32CubeIDE/plugins/com.st.stm32cube.ide.mcu.externaltools.gnu-tools-for-stm32.11.3.rel1.win32_1.1.100.202309141235/tools/bin/../lib/gcc/arm-none-eabi/11.3.1/../../../../arm-none-eabi/lib/thumb/v7e-m+dp/hard\libc_nano.a(libc_a-init.o)
 .ARM.attributes
                0x0000000000000427       0x1e C:/Program Files (x86)/STM32CubeIDE_1.14.0/STM32CubeIDE/plugins/com.st.stm32cube.ide.mcu.externaltools.gnu-tools-for-stm32.11.3.rel1.win32_1.1.100.202309141235/tools/bin/../lib/gcc/arm-none-eabi/11.3.1/thumb/v7e-m+dp/hard\libgcc.a(_aeabi_uldivmod.o)
 .ARM.attributes
                0x0000000000000445       0x32 C:/Program Files (x86)/STM32CubeIDE_1.14.0/STM32CubeIDE/plugins/com.st.stm32cube.ide.mcu.externaltools.gnu-tools-for-stm32.11.3.rel1.win32_1.1.100.202309141235/tools/bin/../lib/gcc/arm-none-eabi/11.3.1/thumb/v7e-m+dp/hard\libgcc.a(_udivmoddi4.o)
 .ARM.attributes
                0x0000000000000477       0x1e C:/Program Files (x86)/STM32CubeIDE_1.14.0/STM32CubeIDE/plugins/com.st.stm32cube.ide.mcu.externaltools.gnu-tools-for-stm32.11.3.rel1.win32_1.1.100.202309141235/tools/bin/../lib/gcc/arm-none-eabi/11.3.1/thumb/v7e-m+dp/hard\libgcc.a(_dvmd_tls.o)
 .ARM.attributes
                0x0000000000000495       0x1e C:/Program Files (x86)/STM32CubeIDE_1.14.0/STM32CubeIDE/plugins/com.st.stm32cube.ide.mcu.externaltools.gnu-tools-for-stm32.11.3.rel1.win32_1.1.100.202309141235/tools/bin/../lib/gcc/arm-none-eabi/11.3.1/thumb/v7e-m+dp/hard/crtn.o
OUTPUT(UARTDemo.elf elf32-littlearm)
LOAD linker stubs
LOAD C:/Program Files (x86)/STM32CubeIDE_1.14.0/STM32CubeIDE/plugins/com.st.stm32cube.ide.mcu.externaltools.gnu-tools-for-stm32.11.3.rel1.win32_1.1.100.202309141235/tools/bin/../lib/gcc/arm-none-eabi/11.3.1/../../../../arm-none-eabi/lib/thumb/v7e-m+dp/hard\libc.a
LOAD C:/Program Files (x86)/STM32CubeIDE_1.14.0/STM32CubeIDE/plugins/com.st.stm32cube.ide.mcu.externaltools.gnu-tools-for-stm32.11.3.rel1.win32_1.1.100.202309141235/tools/bin/../lib/gcc/arm-none-eabi/11.3.1/../../../../arm-none-eabi/lib/thumb/v7e-m+dp/hard\libm.a
LOAD C:/Program Files (x86)/STM32CubeIDE_1.14.0/STM32CubeIDE/plugins/com.st.stm32cube.ide.mcu.externaltools.gnu-tools-for-stm32.11.3.rel1.win32_1.1.100.202309141235/tools/bin/../lib/gcc/arm-none-eabi/11.3.1/thumb/v7e-m+dp/hard\libgcc.a

.comment        0x0000000000000000       0x43
 .comment       0x0000000000000000       0x43 C:/Program Files (x86)/STM32CubeIDE_1.14.0/STM32CubeIDE/plugins/com.st.stm32cube.ide.mcu.externaltools.gnu-tools-for-stm32.11.3.rel1.win32_1.1.100.202309141235/tools/bin/../lib/gcc/arm-none-eabi/11.3.1/thumb/v7e-m+dp/hard/crtbegin.o
                                         0x44 (size before relaxing)
 .comment       0x0000000000000043       0x44 ./Core/Src/main.o
 .comment       0x0000000000000043       0x44 ./Core/Src/stm32f7xx_hal_msp.o
 .comment       0x0000000000000043       0x44 ./Core/Src/stm32f7xx_it.o
 .comment       0x0000000000000043       0x44 ./Core/Src/system_stm32f7xx.o
 .comment       0x0000000000000043       0x44 ./Drivers/STM32F7xx_HAL_Driver/Src/stm32f7xx_hal.o
 .comment       0x0000000000000043       0x44 ./Drivers/STM32F7xx_HAL_Driver/Src/stm32f7xx_hal_cortex.o
 .comment       0x0000000000000043       0x44 ./Drivers/STM32F7xx_HAL_Driver/Src/stm32f7xx_hal_dma.o
 .comment       0x0000000000000043       0x44 ./Drivers/STM32F7xx_HAL_Driver/Src/stm32f7xx_hal_eth.o
 .comment       0x0000000000000043       0x44 ./Drivers/STM32F7xx_HAL_Driver/Src/stm32f7xx_hal_gpio.o
 .comment       0x0000000000000043       0x44 ./Drivers/STM32F7xx_HAL_Driver/Src/stm32f7xx_hal_pcd.o
 .comment       0x0000000000000043       0x44 ./Drivers/STM32F7xx_HAL_Driver/Src/stm32f7xx_hal_pcd_ex.o
 .comment       0x0000000000000043       0x44 ./Drivers/STM32F7xx_HAL_Driver/Src/stm32f7xx_hal_pwr.o
 .comment       0x0000000000000043       0x44 ./Drivers/STM32F7xx_HAL_Driver/Src/stm32f7xx_hal_pwr_ex.o
 .comment       0x0000000000000043       0x44 ./Drivers/STM32F7xx_HAL_Driver/Src/stm32f7xx_hal_rcc.o
 .comment       0x0000000000000043       0x44 ./Drivers/STM32F7xx_HAL_Driver/Src/stm32f7xx_hal_rcc_ex.o
 .comment       0x0000000000000043       0x44 ./Drivers/STM32F7xx_HAL_Driver/Src/stm32f7xx_hal_uart.o
 .comment       0x0000000000000043       0x44 ./Drivers/STM32F7xx_HAL_Driver/Src/stm32f7xx_ll_usb.o

.debug_frame    0x0000000000000000       0xac
 .debug_frame   0x0000000000000000       0x20 C:/Program Files (x86)/STM32CubeIDE_1.14.0/STM32CubeIDE/plugins/com.st.stm32cube.ide.mcu.externaltools.gnu-tools-for-stm32.11.3.rel1.win32_1.1.100.202309141235/tools/bin/../lib/gcc/arm-none-eabi/11.3.1/../../../../arm-none-eabi/lib/thumb/v7e-m+dp/hard\libc_nano.a(libc_a-memset.o)
 .debug_frame   0x0000000000000020       0x2c C:/Program Files (x86)/STM32CubeIDE_1.14.0/STM32CubeIDE/plugins/com.st.stm32cube.ide.mcu.externaltools.gnu-tools-for-stm32.11.3.rel1.win32_1.1.100.202309141235/tools/bin/../lib/gcc/arm-none-eabi/11.3.1/../../../../arm-none-eabi/lib/thumb/v7e-m+dp/hard\libc_nano.a(libc_a-init.o)
 .debug_frame   0x000000000000004c       0x2c C:/Program Files (x86)/STM32CubeIDE_1.14.0/STM32CubeIDE/plugins/com.st.stm32cube.ide.mcu.externaltools.gnu-tools-for-stm32.11.3.rel1.win32_1.1.100.202309141235/tools/bin/../lib/gcc/arm-none-eabi/11.3.1/thumb/v7e-m+dp/hard\libgcc.a(_aeabi_uldivmod.o)
 .debug_frame   0x0000000000000078       0x34 C:/Program Files (x86)/STM32CubeIDE_1.14.0/STM32CubeIDE/plugins/com.st.stm32cube.ide.mcu.externaltools.gnu-tools-for-stm32.11.3.rel1.win32_1.1.100.202309141235/tools/bin/../lib/gcc/arm-none-eabi/11.3.1/thumb/v7e-m+dp/hard\libgcc.a(_udivmoddi4.o)
